<html>
<body>
<pre>
<h1>µVision Build Log</h1>
<h2>Tool Versions:</h2>
IDE-Version: ¦ÌVision V5.38.0.0
Copyright (C) 2022 ARM Ltd and ARM Germany GmbH. All rights reserved.
License Information: y hw, beijing, LIC=GMZI6-D9A6D-MMK9I-TGBJZ-6HJED-XD8K5
 
Tool Versions:
Toolchain:       MDK-ARM Plus  Version: 5.38.0.0
Toolchain Path:  C:\Keil_v5\ARM\ARMCLANG\Bin
C Compiler:      ArmClang.exe V6.19
Assembler:       Armasm.exe V6.19
Linker/Locator:  ArmLink.exe V6.19
Library Manager: ArmAr.exe V6.19
Hex Converter:   FromElf.exe V6.19
CPU DLL:         SARMCM3.DLL V5.38.0.0
Dialog DLL:      DCM.DLL V1.17.5.0
Target DLL:      Segger\JL2CM3.dll V2.99.42.0
Dialog DLL:      TCM.DLL V1.56.4.0
 
<h2>Project:</h2>
C:\Users\yaohw\Desktop\My_SWM341\SWM341_TEMP\SWM341_StdPeriph_Driver.uvprojx
Project File Date:  07/26/2023

<h2>Output:</h2>
*** Using Compiler 'V6.19', folder: 'C:\Keil_v5\ARM\ARMCLANG\Bin'
Rebuild target 'SWM341'
compiling SWM341_port.c...
compiling diskio.c...
compiling main.c...
compiling ffunicode.c...
compiling swm_delay.c...
compiling swm_dma2d.c...
compiling SWM341_exti.c...
compiling swm_usart.c...
compiling SWM341_gpio.c...
compiling swm_rgb_lcd.c...
compiling jfif_parser.c...
compiling SWM341_timr.c...
compiling SWM341_adc.c...
compiling SWM341_dma.c...
compiling SWM341_uart.c...
compiling ff.c...
compiling SWM341_i2c.c...
compiling SWM341_can.c...
compiling SWM341_pwm.c...
compiling SWM341_spi.c...
compiling SWM341_flash.c...
compiling SWM341_crc.c...
compiling SWM341_lcd.c...
compiling SWM341_wdt.c...
compiling SWM341_rtc.c...
compiling SWM341_cordic.c...
compiling SWM341_sleep.c...
compiling SWM341_div.c...
compiling SWM341_sdram.c...
compiling SWM341_usbd.c...
compiling SWM341_dac.c...
compiling SWM341_sdio.c...
assembling startup_SWM341.s...
compiling SWM341_dma2d.c...
compiling KD028_ST7701S.c...
compiling system_SWM341.c...
compiling SWM341_jpeg.c...
compiling KD034_ST7701S.c...
linking...
Program Size: Code=45144 RO-data=1884 RW-data=28 ZI-data=19260  
After Build - User command #1: fromelf --bin -o "C:\Users\yaohw\Desktop\My_SWM341\SWM341_TEMP\out\SWM341_stdperiph_lib.bin" "C:\Users\yaohw\Desktop\My_SWM341\SWM341_TEMP\out\SWM341_stdperiph_lib.axf"
".\out\SWM341_stdperiph_lib.axf" - 0 Error(s), 0 Warning(s).

<h2>Software Packages used:</h2>

Package Vendor: Synwit
                http://www.synwit.com/pack/Synwit.SWM32_DFP.2.0.4.pack
                Synwit.SWM32_DFP.2.0.4
                Synwit 32bit MCU Device Support

<h2>Collection of Component include folders:</h2>
  C:/KEIL5Install_pack/Synwit/SWM32_DFP/2.0.4/CSL/SWM341/CMSIS/DeviceSupport

<h2>Collection of Component Files used:</h2>
Build Time Elapsed:  00:00:01
</pre>
</body>
</html>
