<!doctype html public "-//w3c//dtd html 4.0 transitional//en">
<html><head>
<title>Static Call Graph - [.\out\SWM341_stdperiph_lib.axf]</title></head>
<body><HR>
<H1>Static Call Graph for image .\out\SWM341_stdperiph_lib.axf</H1><HR>
<BR><P>#&#060CALLGRAPH&#062# ARM Linker, 6190004: Last Updated: Wed Jul 26 13:51:52 2023
<BR><P>
<H3>Maximum Stack Usage =       1992 bytes + Unknown(Cycles, Untraceable Function Pointers)</H3><H3>
Call chain for Maximum Stack Depth:</H3>
main &rArr; f_open &rArr; dir_register &rArr; dir_find &rArr; dir_next &rArr; create_chain &rArr; put_fat &rArr; move_window &rArr; sync_window &rArr; disk_write &rArr; SDIO_MultiBlockWrite &rArr; _SDIO_SendCmd
<P>
<H3>
Mutually Recursive functions
</H3> <LI><a href="#[1]">NMI_Handler</a>&nbsp;&nbsp;&nbsp;&rArr;&nbsp;&nbsp;&nbsp;<a href="#[1]">NMI_Handler</a><BR>
 <LI><a href="#[2]">HardFault_Handler</a>&nbsp;&nbsp;&nbsp;&rArr;&nbsp;&nbsp;&nbsp;<a href="#[2]">HardFault_Handler</a><BR>
 <LI><a href="#[3]">MemManage_Handler</a>&nbsp;&nbsp;&nbsp;&rArr;&nbsp;&nbsp;&nbsp;<a href="#[3]">MemManage_Handler</a><BR>
 <LI><a href="#[4]">BusFault_Handler</a>&nbsp;&nbsp;&nbsp;&rArr;&nbsp;&nbsp;&nbsp;<a href="#[4]">BusFault_Handler</a><BR>
 <LI><a href="#[5]">UsageFault_Handler</a>&nbsp;&nbsp;&nbsp;&rArr;&nbsp;&nbsp;&nbsp;<a href="#[5]">UsageFault_Handler</a><BR>
 <LI><a href="#[6]">SVC_Handler</a>&nbsp;&nbsp;&nbsp;&rArr;&nbsp;&nbsp;&nbsp;<a href="#[6]">SVC_Handler</a><BR>
 <LI><a href="#[7]">DebugMon_Handler</a>&nbsp;&nbsp;&nbsp;&rArr;&nbsp;&nbsp;&nbsp;<a href="#[7]">DebugMon_Handler</a><BR>
 <LI><a href="#[8]">PendSV_Handler</a>&nbsp;&nbsp;&nbsp;&rArr;&nbsp;&nbsp;&nbsp;<a href="#[8]">PendSV_Handler</a><BR>
 <LI><a href="#[9]">SysTick_Handler</a>&nbsp;&nbsp;&nbsp;&rArr;&nbsp;&nbsp;&nbsp;<a href="#[9]">SysTick_Handler</a><BR>
 <LI><a href="#[a]">UART0_Handler</a>&nbsp;&nbsp;&nbsp;&rArr;&nbsp;&nbsp;&nbsp;<a href="#[a]">UART0_Handler</a><BR>
 <LI><a href="#[b]">UART1_Handler</a>&nbsp;&nbsp;&nbsp;&rArr;&nbsp;&nbsp;&nbsp;<a href="#[b]">UART1_Handler</a><BR>
 <LI><a href="#[c]">TIMR0_Handler</a>&nbsp;&nbsp;&nbsp;&rArr;&nbsp;&nbsp;&nbsp;<a href="#[c]">TIMR0_Handler</a><BR>
 <LI><a href="#[d]">TIMR1_Handler</a>&nbsp;&nbsp;&nbsp;&rArr;&nbsp;&nbsp;&nbsp;<a href="#[d]">TIMR1_Handler</a><BR>
 <LI><a href="#[e]">DMA_Handler</a>&nbsp;&nbsp;&nbsp;&rArr;&nbsp;&nbsp;&nbsp;<a href="#[e]">DMA_Handler</a><BR>
 <LI><a href="#[f]">SPI0_Handler</a>&nbsp;&nbsp;&nbsp;&rArr;&nbsp;&nbsp;&nbsp;<a href="#[f]">SPI0_Handler</a><BR>
 <LI><a href="#[10]">PWM0_Handler</a>&nbsp;&nbsp;&nbsp;&rArr;&nbsp;&nbsp;&nbsp;<a href="#[10]">PWM0_Handler</a><BR>
 <LI><a href="#[11]">WDT_Handler</a>&nbsp;&nbsp;&nbsp;&rArr;&nbsp;&nbsp;&nbsp;<a href="#[11]">WDT_Handler</a><BR>
 <LI><a href="#[12]">UART2_Handler</a>&nbsp;&nbsp;&nbsp;&rArr;&nbsp;&nbsp;&nbsp;<a href="#[12]">UART2_Handler</a><BR>
 <LI><a href="#[13]">PWM1_Handler</a>&nbsp;&nbsp;&nbsp;&rArr;&nbsp;&nbsp;&nbsp;<a href="#[13]">PWM1_Handler</a><BR>
 <LI><a href="#[14]">ADC0_Handler</a>&nbsp;&nbsp;&nbsp;&rArr;&nbsp;&nbsp;&nbsp;<a href="#[14]">ADC0_Handler</a><BR>
 <LI><a href="#[15]">BTIMR0_Handler</a>&nbsp;&nbsp;&nbsp;&rArr;&nbsp;&nbsp;&nbsp;<a href="#[15]">BTIMR0_Handler</a><BR>
 <LI><a href="#[16]">HALL0_Handler</a>&nbsp;&nbsp;&nbsp;&rArr;&nbsp;&nbsp;&nbsp;<a href="#[16]">HALL0_Handler</a><BR>
 <LI><a href="#[17]">PWM2_Handler</a>&nbsp;&nbsp;&nbsp;&rArr;&nbsp;&nbsp;&nbsp;<a href="#[17]">PWM2_Handler</a><BR>
 <LI><a href="#[18]">PWMBRK_Handler</a>&nbsp;&nbsp;&nbsp;&rArr;&nbsp;&nbsp;&nbsp;<a href="#[18]">PWMBRK_Handler</a><BR>
 <LI><a href="#[19]">I2C0_Handler</a>&nbsp;&nbsp;&nbsp;&rArr;&nbsp;&nbsp;&nbsp;<a href="#[19]">I2C0_Handler</a><BR>
 <LI><a href="#[1a]">CAN0_Handler</a>&nbsp;&nbsp;&nbsp;&rArr;&nbsp;&nbsp;&nbsp;<a href="#[1a]">CAN0_Handler</a><BR>
 <LI><a href="#[1b]">SPI1_Handler</a>&nbsp;&nbsp;&nbsp;&rArr;&nbsp;&nbsp;&nbsp;<a href="#[1b]">SPI1_Handler</a><BR>
 <LI><a href="#[1c]">RTC_Handler</a>&nbsp;&nbsp;&nbsp;&rArr;&nbsp;&nbsp;&nbsp;<a href="#[1c]">RTC_Handler</a><BR>
 <LI><a href="#[1d]">PWM3_Handler</a>&nbsp;&nbsp;&nbsp;&rArr;&nbsp;&nbsp;&nbsp;<a href="#[1d]">PWM3_Handler</a><BR>
 <LI><a href="#[1e]">TIMR2_Handler</a>&nbsp;&nbsp;&nbsp;&rArr;&nbsp;&nbsp;&nbsp;<a href="#[1e]">TIMR2_Handler</a><BR>
 <LI><a href="#[1f]">UART3_Handler</a>&nbsp;&nbsp;&nbsp;&rArr;&nbsp;&nbsp;&nbsp;<a href="#[1f]">UART3_Handler</a><BR>
 <LI><a href="#[20]">TIMR3_Handler</a>&nbsp;&nbsp;&nbsp;&rArr;&nbsp;&nbsp;&nbsp;<a href="#[20]">TIMR3_Handler</a><BR>
 <LI><a href="#[21]">ADC1_Handler</a>&nbsp;&nbsp;&nbsp;&rArr;&nbsp;&nbsp;&nbsp;<a href="#[21]">ADC1_Handler</a><BR>
 <LI><a href="#[22]">BOD_Handler</a>&nbsp;&nbsp;&nbsp;&rArr;&nbsp;&nbsp;&nbsp;<a href="#[22]">BOD_Handler</a><BR>
 <LI><a href="#[23]">CORDIC_Handler</a>&nbsp;&nbsp;&nbsp;&rArr;&nbsp;&nbsp;&nbsp;<a href="#[23]">CORDIC_Handler</a><BR>
 <LI><a href="#[24]">BTIMR1_Handler</a>&nbsp;&nbsp;&nbsp;&rArr;&nbsp;&nbsp;&nbsp;<a href="#[24]">BTIMR1_Handler</a><BR>
 <LI><a href="#[25]">PWM4_Handler</a>&nbsp;&nbsp;&nbsp;&rArr;&nbsp;&nbsp;&nbsp;<a href="#[25]">PWM4_Handler</a><BR>
 <LI><a href="#[26]">HALL3_Handler</a>&nbsp;&nbsp;&nbsp;&rArr;&nbsp;&nbsp;&nbsp;<a href="#[26]">HALL3_Handler</a><BR>
 <LI><a href="#[27]">BTIMR2_Handler</a>&nbsp;&nbsp;&nbsp;&rArr;&nbsp;&nbsp;&nbsp;<a href="#[27]">BTIMR2_Handler</a><BR>
 <LI><a href="#[28]">I2C1_Handler</a>&nbsp;&nbsp;&nbsp;&rArr;&nbsp;&nbsp;&nbsp;<a href="#[28]">I2C1_Handler</a><BR>
 <LI><a href="#[29]">BTIMR3_Handler</a>&nbsp;&nbsp;&nbsp;&rArr;&nbsp;&nbsp;&nbsp;<a href="#[29]">BTIMR3_Handler</a><BR>
 <LI><a href="#[2a]">ACMP_Handler</a>&nbsp;&nbsp;&nbsp;&rArr;&nbsp;&nbsp;&nbsp;<a href="#[2a]">ACMP_Handler</a><BR>
 <LI><a href="#[2b]">XTALSTOP_Handler</a>&nbsp;&nbsp;&nbsp;&rArr;&nbsp;&nbsp;&nbsp;<a href="#[2b]">XTALSTOP_Handler</a><BR>
 <LI><a href="#[2c]">FSPI_Handler</a>&nbsp;&nbsp;&nbsp;&rArr;&nbsp;&nbsp;&nbsp;<a href="#[2c]">FSPI_Handler</a><BR>
 <LI><a href="#[2d]">GPIOA_Handler</a>&nbsp;&nbsp;&nbsp;&rArr;&nbsp;&nbsp;&nbsp;<a href="#[2d]">GPIOA_Handler</a><BR>
 <LI><a href="#[2e]">GPIOB_Handler</a>&nbsp;&nbsp;&nbsp;&rArr;&nbsp;&nbsp;&nbsp;<a href="#[2e]">GPIOB_Handler</a><BR>
 <LI><a href="#[2f]">GPIOC_Handler</a>&nbsp;&nbsp;&nbsp;&rArr;&nbsp;&nbsp;&nbsp;<a href="#[2f]">GPIOC_Handler</a><BR>
 <LI><a href="#[30]">GPIOD_Handler</a>&nbsp;&nbsp;&nbsp;&rArr;&nbsp;&nbsp;&nbsp;<a href="#[30]">GPIOD_Handler</a><BR>
 <LI><a href="#[31]">GPIOM_Handler</a>&nbsp;&nbsp;&nbsp;&rArr;&nbsp;&nbsp;&nbsp;<a href="#[31]">GPIOM_Handler</a><BR>
 <LI><a href="#[32]">GPION_Handler</a>&nbsp;&nbsp;&nbsp;&rArr;&nbsp;&nbsp;&nbsp;<a href="#[32]">GPION_Handler</a><BR>
 <LI><a href="#[33]">GPIOA0_Handler</a>&nbsp;&nbsp;&nbsp;&rArr;&nbsp;&nbsp;&nbsp;<a href="#[33]">GPIOA0_Handler</a><BR>
 <LI><a href="#[34]">GPIOA1_Handler</a>&nbsp;&nbsp;&nbsp;&rArr;&nbsp;&nbsp;&nbsp;<a href="#[34]">GPIOA1_Handler</a><BR>
 <LI><a href="#[35]">GPIOA5_Handler</a>&nbsp;&nbsp;&nbsp;&rArr;&nbsp;&nbsp;&nbsp;<a href="#[35]">GPIOA5_Handler</a><BR>
 <LI><a href="#[36]">GPIOA6_Handler</a>&nbsp;&nbsp;&nbsp;&rArr;&nbsp;&nbsp;&nbsp;<a href="#[36]">GPIOA6_Handler</a><BR>
 <LI><a href="#[37]">GPIOA10_Handler</a>&nbsp;&nbsp;&nbsp;&rArr;&nbsp;&nbsp;&nbsp;<a href="#[37]">GPIOA10_Handler</a><BR>
 <LI><a href="#[38]">GPIOA11_Handler</a>&nbsp;&nbsp;&nbsp;&rArr;&nbsp;&nbsp;&nbsp;<a href="#[38]">GPIOA11_Handler</a><BR>
 <LI><a href="#[39]">GPIOA12_Handler</a>&nbsp;&nbsp;&nbsp;&rArr;&nbsp;&nbsp;&nbsp;<a href="#[39]">GPIOA12_Handler</a><BR>
 <LI><a href="#[3a]">GPIOA13_Handler</a>&nbsp;&nbsp;&nbsp;&rArr;&nbsp;&nbsp;&nbsp;<a href="#[3a]">GPIOA13_Handler</a><BR>
 <LI><a href="#[3b]">GPIOB0_Handler</a>&nbsp;&nbsp;&nbsp;&rArr;&nbsp;&nbsp;&nbsp;<a href="#[3b]">GPIOB0_Handler</a><BR>
 <LI><a href="#[3c]">GPIOB1_Handler</a>&nbsp;&nbsp;&nbsp;&rArr;&nbsp;&nbsp;&nbsp;<a href="#[3c]">GPIOB1_Handler</a><BR>
 <LI><a href="#[3d]">GPIOB2_Handler</a>&nbsp;&nbsp;&nbsp;&rArr;&nbsp;&nbsp;&nbsp;<a href="#[3d]">GPIOB2_Handler</a><BR>
 <LI><a href="#[3e]">GPIOC0_Handler</a>&nbsp;&nbsp;&nbsp;&rArr;&nbsp;&nbsp;&nbsp;<a href="#[3e]">GPIOC0_Handler</a><BR>
 <LI><a href="#[3f]">GPIOC1_Handler</a>&nbsp;&nbsp;&nbsp;&rArr;&nbsp;&nbsp;&nbsp;<a href="#[3f]">GPIOC1_Handler</a><BR>
 <LI><a href="#[40]">GPIOC2_Handler</a>&nbsp;&nbsp;&nbsp;&rArr;&nbsp;&nbsp;&nbsp;<a href="#[40]">GPIOC2_Handler</a><BR>
 <LI><a href="#[41]">GPIOC3_Handler</a>&nbsp;&nbsp;&nbsp;&rArr;&nbsp;&nbsp;&nbsp;<a href="#[41]">GPIOC3_Handler</a><BR>
 <LI><a href="#[42]">GPIOC4_Handler</a>&nbsp;&nbsp;&nbsp;&rArr;&nbsp;&nbsp;&nbsp;<a href="#[42]">GPIOC4_Handler</a><BR>
 <LI><a href="#[43]">GPIOD3_Handler</a>&nbsp;&nbsp;&nbsp;&rArr;&nbsp;&nbsp;&nbsp;<a href="#[43]">GPIOD3_Handler</a><BR>
 <LI><a href="#[44]">GPIOD4_Handler</a>&nbsp;&nbsp;&nbsp;&rArr;&nbsp;&nbsp;&nbsp;<a href="#[44]">GPIOD4_Handler</a><BR>
 <LI><a href="#[45]">GPIOD5_Handler</a>&nbsp;&nbsp;&nbsp;&rArr;&nbsp;&nbsp;&nbsp;<a href="#[45]">GPIOD5_Handler</a><BR>
 <LI><a href="#[46]">GPIOD6_Handler</a>&nbsp;&nbsp;&nbsp;&rArr;&nbsp;&nbsp;&nbsp;<a href="#[46]">GPIOD6_Handler</a><BR>
 <LI><a href="#[47]">GPIOD7_Handler</a>&nbsp;&nbsp;&nbsp;&rArr;&nbsp;&nbsp;&nbsp;<a href="#[47]">GPIOD7_Handler</a><BR>
 <LI><a href="#[48]">GPIOD8_Handler</a>&nbsp;&nbsp;&nbsp;&rArr;&nbsp;&nbsp;&nbsp;<a href="#[48]">GPIOD8_Handler</a><BR>
 <LI><a href="#[49]">GPIOC9_Handler</a>&nbsp;&nbsp;&nbsp;&rArr;&nbsp;&nbsp;&nbsp;<a href="#[49]">GPIOC9_Handler</a><BR>
 <LI><a href="#[4a]">GPIOC10_Handler</a>&nbsp;&nbsp;&nbsp;&rArr;&nbsp;&nbsp;&nbsp;<a href="#[4a]">GPIOC10_Handler</a><BR>
 <LI><a href="#[4b]">GPIOC11_Handler</a>&nbsp;&nbsp;&nbsp;&rArr;&nbsp;&nbsp;&nbsp;<a href="#[4b]">GPIOC11_Handler</a><BR>
 <LI><a href="#[4c]">GPIOC12_Handler</a>&nbsp;&nbsp;&nbsp;&rArr;&nbsp;&nbsp;&nbsp;<a href="#[4c]">GPIOC12_Handler</a><BR>
 <LI><a href="#[4d]">GPIOM0_Handler</a>&nbsp;&nbsp;&nbsp;&rArr;&nbsp;&nbsp;&nbsp;<a href="#[4d]">GPIOM0_Handler</a><BR>
 <LI><a href="#[4e]">GPIOM1_Handler</a>&nbsp;&nbsp;&nbsp;&rArr;&nbsp;&nbsp;&nbsp;<a href="#[4e]">GPIOM1_Handler</a><BR>
 <LI><a href="#[4f]">GPIOM2_Handler</a>&nbsp;&nbsp;&nbsp;&rArr;&nbsp;&nbsp;&nbsp;<a href="#[4f]">GPIOM2_Handler</a><BR>
 <LI><a href="#[50]">GPIOM3_Handler</a>&nbsp;&nbsp;&nbsp;&rArr;&nbsp;&nbsp;&nbsp;<a href="#[50]">GPIOM3_Handler</a><BR>
 <LI><a href="#[51]">GPIOM4_Handler</a>&nbsp;&nbsp;&nbsp;&rArr;&nbsp;&nbsp;&nbsp;<a href="#[51]">GPIOM4_Handler</a><BR>
 <LI><a href="#[52]">DIV_Handler</a>&nbsp;&nbsp;&nbsp;&rArr;&nbsp;&nbsp;&nbsp;<a href="#[52]">DIV_Handler</a><BR>
 <LI><a href="#[54]">GPIOE_Handler</a>&nbsp;&nbsp;&nbsp;&rArr;&nbsp;&nbsp;&nbsp;<a href="#[54]">GPIOE_Handler</a><BR>
 <LI><a href="#[55]">JPEG_Handler</a>&nbsp;&nbsp;&nbsp;&rArr;&nbsp;&nbsp;&nbsp;<a href="#[55]">JPEG_Handler</a><BR>
 <LI><a href="#[56]">SDIO_Handler</a>&nbsp;&nbsp;&nbsp;&rArr;&nbsp;&nbsp;&nbsp;<a href="#[56]">SDIO_Handler</a><BR>
 <LI><a href="#[57]">USB_Handler</a>&nbsp;&nbsp;&nbsp;&rArr;&nbsp;&nbsp;&nbsp;<a href="#[57]">USB_Handler</a><BR>
 <LI><a href="#[58]">CAN1_Handler</a>&nbsp;&nbsp;&nbsp;&rArr;&nbsp;&nbsp;&nbsp;<a href="#[58]">CAN1_Handler</a><BR>
 <LI><a href="#[59]">TIMR4_Handler</a>&nbsp;&nbsp;&nbsp;&rArr;&nbsp;&nbsp;&nbsp;<a href="#[59]">TIMR4_Handler</a><BR>
 <LI><a href="#[5a]">BTIMR4_Handler</a>&nbsp;&nbsp;&nbsp;&rArr;&nbsp;&nbsp;&nbsp;<a href="#[5a]">BTIMR4_Handler</a><BR>
 <LI><a href="#[5b]">BTIMR5_Handler</a>&nbsp;&nbsp;&nbsp;&rArr;&nbsp;&nbsp;&nbsp;<a href="#[5b]">BTIMR5_Handler</a><BR>
 <LI><a href="#[5c]">BTIMR6_Handler</a>&nbsp;&nbsp;&nbsp;&rArr;&nbsp;&nbsp;&nbsp;<a href="#[5c]">BTIMR6_Handler</a><BR>
 <LI><a href="#[5d]">BTIMR7_Handler</a>&nbsp;&nbsp;&nbsp;&rArr;&nbsp;&nbsp;&nbsp;<a href="#[5d]">BTIMR7_Handler</a><BR>
 <LI><a href="#[5e]">BTIMR8_Handler</a>&nbsp;&nbsp;&nbsp;&rArr;&nbsp;&nbsp;&nbsp;<a href="#[5e]">BTIMR8_Handler</a><BR>
 <LI><a href="#[5f]">BTIMR9_Handler</a>&nbsp;&nbsp;&nbsp;&rArr;&nbsp;&nbsp;&nbsp;<a href="#[5f]">BTIMR9_Handler</a><BR>
 <LI><a href="#[60]">BTIMR10_Handler</a>&nbsp;&nbsp;&nbsp;&rArr;&nbsp;&nbsp;&nbsp;<a href="#[60]">BTIMR10_Handler</a><BR>
 <LI><a href="#[61]">BTIMR11_Handler</a>&nbsp;&nbsp;&nbsp;&rArr;&nbsp;&nbsp;&nbsp;<a href="#[61]">BTIMR11_Handler</a><BR>
 <LI><a href="#[63]">QEI_Handler</a>&nbsp;&nbsp;&nbsp;&rArr;&nbsp;&nbsp;&nbsp;<a href="#[63]">QEI_Handler</a><BR>
</UL>
<P>
<H3>
Function Pointers
</H3><UL>
 <LI><a href="#[2a]">ACMP_Handler</a> from startup_swm341.o(.text) referenced from startup_swm341.o(RESET)
 <LI><a href="#[14]">ADC0_Handler</a> from startup_swm341.o(.text) referenced from startup_swm341.o(RESET)
 <LI><a href="#[21]">ADC1_Handler</a> from startup_swm341.o(.text) referenced from startup_swm341.o(RESET)
 <LI><a href="#[22]">BOD_Handler</a> from startup_swm341.o(.text) referenced from startup_swm341.o(RESET)
 <LI><a href="#[15]">BTIMR0_Handler</a> from startup_swm341.o(.text) referenced from startup_swm341.o(RESET)
 <LI><a href="#[60]">BTIMR10_Handler</a> from startup_swm341.o(.text) referenced from startup_swm341.o(RESET)
 <LI><a href="#[61]">BTIMR11_Handler</a> from startup_swm341.o(.text) referenced from startup_swm341.o(RESET)
 <LI><a href="#[24]">BTIMR1_Handler</a> from startup_swm341.o(.text) referenced from startup_swm341.o(RESET)
 <LI><a href="#[27]">BTIMR2_Handler</a> from startup_swm341.o(.text) referenced from startup_swm341.o(RESET)
 <LI><a href="#[29]">BTIMR3_Handler</a> from startup_swm341.o(.text) referenced from startup_swm341.o(RESET)
 <LI><a href="#[5a]">BTIMR4_Handler</a> from startup_swm341.o(.text) referenced from startup_swm341.o(RESET)
 <LI><a href="#[5b]">BTIMR5_Handler</a> from startup_swm341.o(.text) referenced from startup_swm341.o(RESET)
 <LI><a href="#[5c]">BTIMR6_Handler</a> from startup_swm341.o(.text) referenced from startup_swm341.o(RESET)
 <LI><a href="#[5d]">BTIMR7_Handler</a> from startup_swm341.o(.text) referenced from startup_swm341.o(RESET)
 <LI><a href="#[5e]">BTIMR8_Handler</a> from startup_swm341.o(.text) referenced from startup_swm341.o(RESET)
 <LI><a href="#[5f]">BTIMR9_Handler</a> from startup_swm341.o(.text) referenced from startup_swm341.o(RESET)
 <LI><a href="#[4]">BusFault_Handler</a> from startup_swm341.o(.text) referenced from startup_swm341.o(RESET)
 <LI><a href="#[1a]">CAN0_Handler</a> from startup_swm341.o(.text) referenced from startup_swm341.o(RESET)
 <LI><a href="#[58]">CAN1_Handler</a> from startup_swm341.o(.text) referenced from startup_swm341.o(RESET)
 <LI><a href="#[23]">CORDIC_Handler</a> from startup_swm341.o(.text) referenced from startup_swm341.o(RESET)
 <LI><a href="#[52]">DIV_Handler</a> from startup_swm341.o(.text) referenced from startup_swm341.o(RESET)
 <LI><a href="#[62]">DMA2D_Handler</a> from swm_dma2d.o(.text) referenced from startup_swm341.o(RESET)
 <LI><a href="#[e]">DMA_Handler</a> from startup_swm341.o(.text) referenced from startup_swm341.o(RESET)
 <LI><a href="#[7]">DebugMon_Handler</a> from startup_swm341.o(.text) referenced from startup_swm341.o(RESET)
 <LI><a href="#[65]">FPU_Enable</a> from system_swm341.o(.text) referenced from startup_swm341.o(.text)
 <LI><a href="#[2c]">FSPI_Handler</a> from startup_swm341.o(.text) referenced from startup_swm341.o(RESET)
 <LI><a href="#[33]">GPIOA0_Handler</a> from startup_swm341.o(.text) referenced from startup_swm341.o(RESET)
 <LI><a href="#[37]">GPIOA10_Handler</a> from startup_swm341.o(.text) referenced from startup_swm341.o(RESET)
 <LI><a href="#[38]">GPIOA11_Handler</a> from startup_swm341.o(.text) referenced from startup_swm341.o(RESET)
 <LI><a href="#[39]">GPIOA12_Handler</a> from startup_swm341.o(.text) referenced from startup_swm341.o(RESET)
 <LI><a href="#[3a]">GPIOA13_Handler</a> from startup_swm341.o(.text) referenced from startup_swm341.o(RESET)
 <LI><a href="#[34]">GPIOA1_Handler</a> from startup_swm341.o(.text) referenced from startup_swm341.o(RESET)
 <LI><a href="#[35]">GPIOA5_Handler</a> from startup_swm341.o(.text) referenced from startup_swm341.o(RESET)
 <LI><a href="#[36]">GPIOA6_Handler</a> from startup_swm341.o(.text) referenced from startup_swm341.o(RESET)
 <LI><a href="#[2d]">GPIOA_Handler</a> from startup_swm341.o(.text) referenced from startup_swm341.o(RESET)
 <LI><a href="#[3b]">GPIOB0_Handler</a> from startup_swm341.o(.text) referenced from startup_swm341.o(RESET)
 <LI><a href="#[3c]">GPIOB1_Handler</a> from startup_swm341.o(.text) referenced from startup_swm341.o(RESET)
 <LI><a href="#[3d]">GPIOB2_Handler</a> from startup_swm341.o(.text) referenced from startup_swm341.o(RESET)
 <LI><a href="#[2e]">GPIOB_Handler</a> from startup_swm341.o(.text) referenced from startup_swm341.o(RESET)
 <LI><a href="#[3e]">GPIOC0_Handler</a> from startup_swm341.o(.text) referenced from startup_swm341.o(RESET)
 <LI><a href="#[4a]">GPIOC10_Handler</a> from startup_swm341.o(.text) referenced from startup_swm341.o(RESET)
 <LI><a href="#[4b]">GPIOC11_Handler</a> from startup_swm341.o(.text) referenced from startup_swm341.o(RESET)
 <LI><a href="#[4c]">GPIOC12_Handler</a> from startup_swm341.o(.text) referenced from startup_swm341.o(RESET)
 <LI><a href="#[3f]">GPIOC1_Handler</a> from startup_swm341.o(.text) referenced from startup_swm341.o(RESET)
 <LI><a href="#[40]">GPIOC2_Handler</a> from startup_swm341.o(.text) referenced from startup_swm341.o(RESET)
 <LI><a href="#[41]">GPIOC3_Handler</a> from startup_swm341.o(.text) referenced from startup_swm341.o(RESET)
 <LI><a href="#[42]">GPIOC4_Handler</a> from startup_swm341.o(.text) referenced from startup_swm341.o(RESET)
 <LI><a href="#[49]">GPIOC9_Handler</a> from startup_swm341.o(.text) referenced from startup_swm341.o(RESET)
 <LI><a href="#[2f]">GPIOC_Handler</a> from startup_swm341.o(.text) referenced from startup_swm341.o(RESET)
 <LI><a href="#[43]">GPIOD3_Handler</a> from startup_swm341.o(.text) referenced from startup_swm341.o(RESET)
 <LI><a href="#[44]">GPIOD4_Handler</a> from startup_swm341.o(.text) referenced from startup_swm341.o(RESET)
 <LI><a href="#[45]">GPIOD5_Handler</a> from startup_swm341.o(.text) referenced from startup_swm341.o(RESET)
 <LI><a href="#[46]">GPIOD6_Handler</a> from startup_swm341.o(.text) referenced from startup_swm341.o(RESET)
 <LI><a href="#[47]">GPIOD7_Handler</a> from startup_swm341.o(.text) referenced from startup_swm341.o(RESET)
 <LI><a href="#[48]">GPIOD8_Handler</a> from startup_swm341.o(.text) referenced from startup_swm341.o(RESET)
 <LI><a href="#[30]">GPIOD_Handler</a> from startup_swm341.o(.text) referenced from startup_swm341.o(RESET)
 <LI><a href="#[54]">GPIOE_Handler</a> from startup_swm341.o(.text) referenced from startup_swm341.o(RESET)
 <LI><a href="#[4d]">GPIOM0_Handler</a> from startup_swm341.o(.text) referenced from startup_swm341.o(RESET)
 <LI><a href="#[4e]">GPIOM1_Handler</a> from startup_swm341.o(.text) referenced from startup_swm341.o(RESET)
 <LI><a href="#[4f]">GPIOM2_Handler</a> from startup_swm341.o(.text) referenced from startup_swm341.o(RESET)
 <LI><a href="#[50]">GPIOM3_Handler</a> from startup_swm341.o(.text) referenced from startup_swm341.o(RESET)
 <LI><a href="#[51]">GPIOM4_Handler</a> from startup_swm341.o(.text) referenced from startup_swm341.o(RESET)
 <LI><a href="#[31]">GPIOM_Handler</a> from startup_swm341.o(.text) referenced from startup_swm341.o(RESET)
 <LI><a href="#[32]">GPION_Handler</a> from startup_swm341.o(.text) referenced from startup_swm341.o(RESET)
 <LI><a href="#[16]">HALL0_Handler</a> from startup_swm341.o(.text) referenced from startup_swm341.o(RESET)
 <LI><a href="#[26]">HALL3_Handler</a> from startup_swm341.o(.text) referenced from startup_swm341.o(RESET)
 <LI><a href="#[2]">HardFault_Handler</a> from startup_swm341.o(.text) referenced from startup_swm341.o(RESET)
 <LI><a href="#[19]">I2C0_Handler</a> from startup_swm341.o(.text) referenced from startup_swm341.o(RESET)
 <LI><a href="#[28]">I2C1_Handler</a> from startup_swm341.o(.text) referenced from startup_swm341.o(RESET)
 <LI><a href="#[55]">JPEG_Handler</a> from startup_swm341.o(.text) referenced from startup_swm341.o(RESET)
 <LI><a href="#[53]">LCD_Handler</a> from swm_rgb_lcd.o(.text) referenced from startup_swm341.o(RESET)
 <LI><a href="#[3]">MemManage_Handler</a> from startup_swm341.o(.text) referenced from startup_swm341.o(RESET)
 <LI><a href="#[1]">NMI_Handler</a> from startup_swm341.o(.text) referenced from startup_swm341.o(RESET)
 <LI><a href="#[10]">PWM0_Handler</a> from startup_swm341.o(.text) referenced from startup_swm341.o(RESET)
 <LI><a href="#[13]">PWM1_Handler</a> from startup_swm341.o(.text) referenced from startup_swm341.o(RESET)
 <LI><a href="#[17]">PWM2_Handler</a> from startup_swm341.o(.text) referenced from startup_swm341.o(RESET)
 <LI><a href="#[1d]">PWM3_Handler</a> from startup_swm341.o(.text) referenced from startup_swm341.o(RESET)
 <LI><a href="#[25]">PWM4_Handler</a> from startup_swm341.o(.text) referenced from startup_swm341.o(RESET)
 <LI><a href="#[18]">PWMBRK_Handler</a> from startup_swm341.o(.text) referenced from startup_swm341.o(RESET)
 <LI><a href="#[8]">PendSV_Handler</a> from startup_swm341.o(.text) referenced from startup_swm341.o(RESET)
 <LI><a href="#[63]">QEI_Handler</a> from startup_swm341.o(.text) referenced from startup_swm341.o(RESET)
 <LI><a href="#[1c]">RTC_Handler</a> from startup_swm341.o(.text) referenced from startup_swm341.o(RESET)
 <LI><a href="#[0]">Reset_Handler</a> from startup_swm341.o(.text) referenced from startup_swm341.o(RESET)
 <LI><a href="#[56]">SDIO_Handler</a> from startup_swm341.o(.text) referenced from startup_swm341.o(RESET)
 <LI><a href="#[f]">SPI0_Handler</a> from startup_swm341.o(.text) referenced from startup_swm341.o(RESET)
 <LI><a href="#[1b]">SPI1_Handler</a> from startup_swm341.o(.text) referenced from startup_swm341.o(RESET)
 <LI><a href="#[6]">SVC_Handler</a> from startup_swm341.o(.text) referenced from startup_swm341.o(RESET)
 <LI><a href="#[9]">SysTick_Handler</a> from startup_swm341.o(.text) referenced from startup_swm341.o(RESET)
 <LI><a href="#[c]">TIMR0_Handler</a> from startup_swm341.o(.text) referenced from startup_swm341.o(RESET)
 <LI><a href="#[d]">TIMR1_Handler</a> from startup_swm341.o(.text) referenced from startup_swm341.o(RESET)
 <LI><a href="#[1e]">TIMR2_Handler</a> from startup_swm341.o(.text) referenced from startup_swm341.o(RESET)
 <LI><a href="#[20]">TIMR3_Handler</a> from startup_swm341.o(.text) referenced from startup_swm341.o(RESET)
 <LI><a href="#[59]">TIMR4_Handler</a> from startup_swm341.o(.text) referenced from startup_swm341.o(RESET)
 <LI><a href="#[a]">UART0_Handler</a> from startup_swm341.o(.text) referenced from startup_swm341.o(RESET)
 <LI><a href="#[b]">UART1_Handler</a> from startup_swm341.o(.text) referenced from startup_swm341.o(RESET)
 <LI><a href="#[12]">UART2_Handler</a> from startup_swm341.o(.text) referenced from startup_swm341.o(RESET)
 <LI><a href="#[1f]">UART3_Handler</a> from startup_swm341.o(.text) referenced from startup_swm341.o(RESET)
 <LI><a href="#[57]">USB_Handler</a> from startup_swm341.o(.text) referenced from startup_swm341.o(RESET)
 <LI><a href="#[5]">UsageFault_Handler</a> from startup_swm341.o(.text) referenced from startup_swm341.o(RESET)
 <LI><a href="#[11]">WDT_Handler</a> from startup_swm341.o(.text) referenced from startup_swm341.o(RESET)
 <LI><a href="#[2b]">XTALSTOP_Handler</a> from startup_swm341.o(.text) referenced from startup_swm341.o(RESET)
 <LI><a href="#[66]">__main</a> from entry.o(.ARM.Collect$$$$00000000) referenced from startup_swm341.o(.text)
 <LI><a href="#[67]">fputc</a> from swm_usart.o(.text) referenced from printfa.o(i.__0printf)
 <LI><a href="#[64]">main</a> from main.o(.text) referenced from entry9a.o(.ARM.Collect$$$$0000000B)
</UL>
<P>
<H3>
Global Symbols
</H3>
<P><STRONG><a name="[66]"></a>__main</STRONG> (Thumb, 0 bytes, Stack size unknown bytes, entry.o(.ARM.Collect$$$$00000000))
<BR>[Address Reference Count : 1]<UL><LI> startup_swm341.o(.text)
</UL>
<P><STRONG><a name="[11b]"></a>_main_stk</STRONG> (Thumb, 0 bytes, Stack size unknown bytes, entry2.o(.ARM.Collect$$$$00000001))

<P><STRONG><a name="[68]"></a>_main_scatterload</STRONG> (Thumb, 0 bytes, Stack size unknown bytes, entry5.o(.ARM.Collect$$$$00000004))
<BR><BR>[Calls]<UL><LI><a href="#[69]">&gt;&gt;</a>&nbsp;&nbsp;&nbsp;__scatterload
</UL>

<P><STRONG><a name="[113]"></a>__main_after_scatterload</STRONG> (Thumb, 0 bytes, Stack size unknown bytes, entry5.o(.ARM.Collect$$$$00000004))
<BR><BR>[Called By]<UL><LI><a href="#[69]">&gt;&gt;</a>&nbsp;&nbsp;&nbsp;__scatterload
</UL>

<P><STRONG><a name="[11c]"></a>_main_clock</STRONG> (Thumb, 0 bytes, Stack size unknown bytes, entry7b.o(.ARM.Collect$$$$00000008))

<P><STRONG><a name="[11d]"></a>_main_cpp_init</STRONG> (Thumb, 0 bytes, Stack size unknown bytes, entry8b.o(.ARM.Collect$$$$0000000A))

<P><STRONG><a name="[11e]"></a>_main_init</STRONG> (Thumb, 0 bytes, Stack size unknown bytes, entry9a.o(.ARM.Collect$$$$0000000B))

<P><STRONG><a name="[11f]"></a>__rt_final_cpp</STRONG> (Thumb, 0 bytes, Stack size unknown bytes, entry10a.o(.ARM.Collect$$$$0000000D))

<P><STRONG><a name="[120]"></a>__rt_final_exit</STRONG> (Thumb, 0 bytes, Stack size unknown bytes, entry11a.o(.ARM.Collect$$$$0000000F))

<P><STRONG><a name="[64]"></a>main</STRONG> (Thumb, 662 bytes, Stack size 1488 bytes, main.o(.text))
<BR><BR>[Stack]<UL><LI>Max Depth = 1992<LI>Call Chain = main &rArr; f_open &rArr; dir_register &rArr; dir_find &rArr; dir_next &rArr; create_chain &rArr; put_fat &rArr; move_window &rArr; sync_window &rArr; disk_write &rArr; SDIO_MultiBlockWrite &rArr; _SDIO_SendCmd
</UL>
<BR>[Calls]<UL><LI><a href="#[76]">&gt;&gt;</a>&nbsp;&nbsp;&nbsp;malloc
<LI><a href="#[6c]">&gt;&gt;</a>&nbsp;&nbsp;&nbsp;printf
<LI><a href="#[77]">&gt;&gt;</a>&nbsp;&nbsp;&nbsp;strcpy
<LI><a href="#[75]">&gt;&gt;</a>&nbsp;&nbsp;&nbsp;strlen
<LI><a href="#[78]">&gt;&gt;</a>&nbsp;&nbsp;&nbsp;strcat
<LI><a href="#[80]">&gt;&gt;</a>&nbsp;&nbsp;&nbsp;delay_ms
<LI><a href="#[7f]">&gt;&gt;</a>&nbsp;&nbsp;&nbsp;JPEG_DecodeBusy
<LI><a href="#[7e]">&gt;&gt;</a>&nbsp;&nbsp;&nbsp;JPEG_Decode
<LI><a href="#[7d]">&gt;&gt;</a>&nbsp;&nbsp;&nbsp;jfif_parse
<LI><a href="#[7c]">&gt;&gt;</a>&nbsp;&nbsp;&nbsp;f_close
<LI><a href="#[7b]">&gt;&gt;</a>&nbsp;&nbsp;&nbsp;f_read
<LI><a href="#[7a]">&gt;&gt;</a>&nbsp;&nbsp;&nbsp;f_stat
<LI><a href="#[79]">&gt;&gt;</a>&nbsp;&nbsp;&nbsp;f_open
<LI><a href="#[74]">&gt;&gt;</a>&nbsp;&nbsp;&nbsp;itoa
<LI><a href="#[73]">&gt;&gt;</a>&nbsp;&nbsp;&nbsp;f_mount
<LI><a href="#[72]">&gt;&gt;</a>&nbsp;&nbsp;&nbsp;JPEG_Init
<LI><a href="#[71]">&gt;&gt;</a>&nbsp;&nbsp;&nbsp;swm_dma2d_init
<LI><a href="#[70]">&gt;&gt;</a>&nbsp;&nbsp;&nbsp;LCD_Start
<LI><a href="#[6f]">&gt;&gt;</a>&nbsp;&nbsp;&nbsp;RGBLCDInit
<LI><a href="#[6e]">&gt;&gt;</a>&nbsp;&nbsp;&nbsp;IC_LCD_Init
<LI><a href="#[6d]">&gt;&gt;</a>&nbsp;&nbsp;&nbsp;GPIO_Init
<LI><a href="#[6b]">&gt;&gt;</a>&nbsp;&nbsp;&nbsp;SerialInit
<LI><a href="#[6a]">&gt;&gt;</a>&nbsp;&nbsp;&nbsp;SystemInit
</UL>
<BR>[Address Reference Count : 1]<UL><LI> entry9a.o(.ARM.Collect$$$$0000000B)
</UL>
<P><STRONG><a name="[74]"></a>itoa</STRONG> (Thumb, 248 bytes, Stack size 80 bytes, main.o(.text))
<BR><BR>[Stack]<UL><LI>Max Depth = 80<LI>Call Chain = itoa
</UL>
<BR>[Calls]<UL><LI><a href="#[81]">&gt;&gt;</a>&nbsp;&nbsp;&nbsp;__aeabi_memcpy
</UL>
<BR>[Called By]<UL><LI><a href="#[64]">&gt;&gt;</a>&nbsp;&nbsp;&nbsp;main
</UL>

<P><STRONG><a name="[82]"></a>delay_init</STRONG> (Thumb, 72 bytes, Stack size 16 bytes, swm_delay.o(.text))
<BR><BR>[Stack]<UL><LI>Max Depth = 48<LI>Call Chain = delay_init &rArr; SysTick_Config &rArr; __NVIC_SetPriority
</UL>
<BR>[Calls]<UL><LI><a href="#[83]">&gt;&gt;</a>&nbsp;&nbsp;&nbsp;SysTick_Config
</UL>
<BR>[Called By]<UL><LI><a href="#[6e]">&gt;&gt;</a>&nbsp;&nbsp;&nbsp;IC_LCD_Init
</UL>

<P><STRONG><a name="[121]"></a>delay_us</STRONG> (Thumb, 144 bytes, Stack size 12 bytes, swm_delay.o(.text), UNUSED)

<P><STRONG><a name="[80]"></a>delay_ms</STRONG> (Thumb, 220 bytes, Stack size 12 bytes, swm_delay.o(.text))
<BR><BR>[Stack]<UL><LI>Max Depth = 12<LI>Call Chain = delay_ms
</UL>
<BR>[Called By]<UL><LI><a href="#[103]">&gt;&gt;</a>&nbsp;&nbsp;&nbsp;ExitSleep
<LI><a href="#[101]">&gt;&gt;</a>&nbsp;&nbsp;&nbsp;EnterSleep
<LI><a href="#[100]">&gt;&gt;</a>&nbsp;&nbsp;&nbsp;lcd_spi_init
<LI><a href="#[85]">&gt;&gt;</a>&nbsp;&nbsp;&nbsp;delay_sec
<LI><a href="#[71]">&gt;&gt;</a>&nbsp;&nbsp;&nbsp;swm_dma2d_init
<LI><a href="#[64]">&gt;&gt;</a>&nbsp;&nbsp;&nbsp;main
</UL>

<P><STRONG><a name="[85]"></a>delay_sec</STRONG> (Thumb, 64 bytes, Stack size 16 bytes, swm_delay.o(.text), UNUSED)
<BR><BR>[Calls]<UL><LI><a href="#[80]">&gt;&gt;</a>&nbsp;&nbsp;&nbsp;delay_ms
</UL>

<P><STRONG><a name="[6f]"></a>RGBLCDInit</STRONG> (Thumb, 646 bytes, Stack size 136 bytes, swm_rgb_lcd.o(.text))
<BR><BR>[Stack]<UL><LI>Max Depth = 248<LI>Call Chain = RGBLCDInit &rArr; MemoryInit &rArr; SDRAM_Init
</UL>
<BR>[Calls]<UL><LI><a href="#[89]">&gt;&gt;</a>&nbsp;&nbsp;&nbsp;LCD_Init
<LI><a href="#[88]">&gt;&gt;</a>&nbsp;&nbsp;&nbsp;PORT_Init
<LI><a href="#[87]">&gt;&gt;</a>&nbsp;&nbsp;&nbsp;GPIO_AtomicClrBit
<LI><a href="#[86]">&gt;&gt;</a>&nbsp;&nbsp;&nbsp;MemoryInit
<LI><a href="#[6d]">&gt;&gt;</a>&nbsp;&nbsp;&nbsp;GPIO_Init
</UL>
<BR>[Called By]<UL><LI><a href="#[64]">&gt;&gt;</a>&nbsp;&nbsp;&nbsp;main
</UL>

<P><STRONG><a name="[53]"></a>LCD_Handler</STRONG> (Thumb, 28 bytes, Stack size 16 bytes, swm_rgb_lcd.o(.text))
<BR><BR>[Stack]<UL><LI>Max Depth = 20<LI>Call Chain = LCD_Handler &rArr; LCD_INTClr
</UL>
<BR>[Calls]<UL><LI><a href="#[8b]">&gt;&gt;</a>&nbsp;&nbsp;&nbsp;LCD_INTClr
<LI><a href="#[70]">&gt;&gt;</a>&nbsp;&nbsp;&nbsp;LCD_Start
</UL>
<BR>[Address Reference Count : 1]<UL><LI> startup_swm341.o(RESET)
</UL>
<P><STRONG><a name="[6b]"></a>SerialInit</STRONG> (Thumb, 96 bytes, Stack size 40 bytes, swm_usart.o(.text))
<BR><BR>[Stack]<UL><LI>Max Depth = 68<LI>Call Chain = SerialInit &rArr; UART_Init &rArr; UART_Close
</UL>
<BR>[Calls]<UL><LI><a href="#[8d]">&gt;&gt;</a>&nbsp;&nbsp;&nbsp;UART_Open
<LI><a href="#[8c]">&gt;&gt;</a>&nbsp;&nbsp;&nbsp;UART_Init
<LI><a href="#[88]">&gt;&gt;</a>&nbsp;&nbsp;&nbsp;PORT_Init
</UL>
<BR>[Called By]<UL><LI><a href="#[64]">&gt;&gt;</a>&nbsp;&nbsp;&nbsp;main
</UL>

<P><STRONG><a name="[67]"></a>fputc</STRONG> (Thumb, 50 bytes, Stack size 16 bytes, swm_usart.o(.text))
<BR><BR>[Stack]<UL><LI>Max Depth = 24<LI>Call Chain = fputc &rArr; UART_WriteByte
</UL>
<BR>[Calls]<UL><LI><a href="#[8f]">&gt;&gt;</a>&nbsp;&nbsp;&nbsp;UART_IsTXBusy
<LI><a href="#[8e]">&gt;&gt;</a>&nbsp;&nbsp;&nbsp;UART_WriteByte
</UL>
<BR>[Address Reference Count : 1]<UL><LI> printfa.o(i.__0printf)
</UL>
<P><STRONG><a name="[71]"></a>swm_dma2d_init</STRONG> (Thumb, 166 bytes, Stack size 16 bytes, swm_dma2d.o(.text))
<BR><BR>[Stack]<UL><LI>Max Depth = 36<LI>Call Chain = swm_dma2d_init &rArr; DMA2D_Init &rArr; __NVIC_EnableIRQ
</UL>
<BR>[Calls]<UL><LI><a href="#[92]">&gt;&gt;</a>&nbsp;&nbsp;&nbsp;DMA2D_IsBusy
<LI><a href="#[91]">&gt;&gt;</a>&nbsp;&nbsp;&nbsp;DMA2D_PixelFill
<LI><a href="#[90]">&gt;&gt;</a>&nbsp;&nbsp;&nbsp;DMA2D_Init
<LI><a href="#[80]">&gt;&gt;</a>&nbsp;&nbsp;&nbsp;delay_ms
</UL>
<BR>[Called By]<UL><LI><a href="#[64]">&gt;&gt;</a>&nbsp;&nbsp;&nbsp;main
</UL>

<P><STRONG><a name="[93]"></a>dma2d_test_show</STRONG> (Thumb, 102 bytes, Stack size 16 bytes, swm_dma2d.o(.text), UNUSED)
<BR><BR>[Calls]<UL><LI><a href="#[94]">&gt;&gt;</a>&nbsp;&nbsp;&nbsp;DMA2D_PixelMove
<LI><a href="#[92]">&gt;&gt;</a>&nbsp;&nbsp;&nbsp;DMA2D_IsBusy
</UL>

<P><STRONG><a name="[62]"></a>DMA2D_Handler</STRONG> (Thumb, 8 bytes, Stack size 8 bytes, swm_dma2d.o(.text))
<BR><BR>[Stack]<UL><LI>Max Depth = 8<LI>Call Chain = DMA2D_Handler
</UL>
<BR>[Calls]<UL><LI><a href="#[95]">&gt;&gt;</a>&nbsp;&nbsp;&nbsp;DMA2D_INTClr
</UL>
<BR>[Address Reference Count : 1]<UL><LI> startup_swm341.o(RESET)
</UL>
<P><STRONG><a name="[7d]"></a>jfif_parse</STRONG> (Thumb, 1710 bytes, Stack size 64 bytes, jfif_parser.o(.text))
<BR><BR>[Stack]<UL><LI>Max Depth = 64<LI>Call Chain = jfif_parse
</UL>
<BR>[Calls]<UL><LI><a href="#[96]">&gt;&gt;</a>&nbsp;&nbsp;&nbsp;__aeabi_memclr4
<LI><a href="#[97]">&gt;&gt;</a>&nbsp;&nbsp;&nbsp;__aeabi_memcpy4
</UL>
<BR>[Called By]<UL><LI><a href="#[64]">&gt;&gt;</a>&nbsp;&nbsp;&nbsp;main
</UL>

<P><STRONG><a name="[a2]"></a>disk_status</STRONG> (Thumb, 122 bytes, Stack size 8 bytes, diskio.o(.text))
<BR><BR>[Stack]<UL><LI>Max Depth = 8<LI>Call Chain = disk_status
</UL>
<BR>[Called By]<UL><LI><a href="#[bc]">&gt;&gt;</a>&nbsp;&nbsp;&nbsp;validate
<LI><a href="#[a1]">&gt;&gt;</a>&nbsp;&nbsp;&nbsp;mount_volume
</UL>

<P><STRONG><a name="[98]"></a>disk_initialize</STRONG> (Thumb, 248 bytes, Stack size 48 bytes, diskio.o(.text))
<BR><BR>[Stack]<UL><LI>Max Depth = 196<LI>Call Chain = disk_initialize &rArr; SDIO_Init &rArr; parseCSD
</UL>
<BR>[Calls]<UL><LI><a href="#[99]">&gt;&gt;</a>&nbsp;&nbsp;&nbsp;SDIO_Init
<LI><a href="#[88]">&gt;&gt;</a>&nbsp;&nbsp;&nbsp;PORT_Init
</UL>
<BR>[Called By]<UL><LI><a href="#[d1]">&gt;&gt;</a>&nbsp;&nbsp;&nbsp;f_mkfs
<LI><a href="#[a1]">&gt;&gt;</a>&nbsp;&nbsp;&nbsp;mount_volume
</UL>

<P><STRONG><a name="[9a]"></a>disk_read</STRONG> (Thumb, 158 bytes, Stack size 40 bytes, diskio.o(.text))
<BR><BR>[Stack]<UL><LI>Max Depth = 136<LI>Call Chain = disk_read &rArr; SDIO_MultiBlockRead &rArr; _SDIO_SendCmd
</UL>
<BR>[Calls]<UL><LI><a href="#[9c]">&gt;&gt;</a>&nbsp;&nbsp;&nbsp;SDIO_MultiBlockRead
<LI><a href="#[9b]">&gt;&gt;</a>&nbsp;&nbsp;&nbsp;SDIO_BlockRead
</UL>
<BR>[Called By]<UL><LI><a href="#[c2]">&gt;&gt;</a>&nbsp;&nbsp;&nbsp;f_lseek
<LI><a href="#[bd]">&gt;&gt;</a>&nbsp;&nbsp;&nbsp;f_write
<LI><a href="#[a6]">&gt;&gt;</a>&nbsp;&nbsp;&nbsp;move_window
<LI><a href="#[7b]">&gt;&gt;</a>&nbsp;&nbsp;&nbsp;f_read
<LI><a href="#[79]">&gt;&gt;</a>&nbsp;&nbsp;&nbsp;f_open
</UL>

<P><STRONG><a name="[9d]"></a>disk_write</STRONG> (Thumb, 158 bytes, Stack size 40 bytes, diskio.o(.text))
<BR><BR>[Stack]<UL><LI>Max Depth = 136<LI>Call Chain = disk_write &rArr; SDIO_MultiBlockWrite &rArr; _SDIO_SendCmd
</UL>
<BR>[Calls]<UL><LI><a href="#[9f]">&gt;&gt;</a>&nbsp;&nbsp;&nbsp;SDIO_MultiBlockWrite
<LI><a href="#[9e]">&gt;&gt;</a>&nbsp;&nbsp;&nbsp;SDIO_BlockWrite
</UL>
<BR>[Called By]<UL><LI><a href="#[d1]">&gt;&gt;</a>&nbsp;&nbsp;&nbsp;f_mkfs
<LI><a href="#[cc]">&gt;&gt;</a>&nbsp;&nbsp;&nbsp;f_truncate
<LI><a href="#[c2]">&gt;&gt;</a>&nbsp;&nbsp;&nbsp;f_lseek
<LI><a href="#[bf]">&gt;&gt;</a>&nbsp;&nbsp;&nbsp;f_sync
<LI><a href="#[bd]">&gt;&gt;</a>&nbsp;&nbsp;&nbsp;f_write
<LI><a href="#[d2]">&gt;&gt;</a>&nbsp;&nbsp;&nbsp;create_partition
<LI><a href="#[ca]">&gt;&gt;</a>&nbsp;&nbsp;&nbsp;dir_clear
<LI><a href="#[c0]">&gt;&gt;</a>&nbsp;&nbsp;&nbsp;sync_fs
<LI><a href="#[bb]">&gt;&gt;</a>&nbsp;&nbsp;&nbsp;sync_window
<LI><a href="#[7b]">&gt;&gt;</a>&nbsp;&nbsp;&nbsp;f_read
</UL>

<P><STRONG><a name="[c1]"></a>disk_ioctl</STRONG> (Thumb, 104 bytes, Stack size 16 bytes, diskio.o(.text))
<BR><BR>[Stack]<UL><LI>Max Depth = 16<LI>Call Chain = disk_ioctl
</UL>
<BR>[Called By]<UL><LI><a href="#[d1]">&gt;&gt;</a>&nbsp;&nbsp;&nbsp;f_mkfs
<LI><a href="#[d2]">&gt;&gt;</a>&nbsp;&nbsp;&nbsp;create_partition
<LI><a href="#[c0]">&gt;&gt;</a>&nbsp;&nbsp;&nbsp;sync_fs
</UL>

<P><STRONG><a name="[73]"></a>f_mount</STRONG> (Thumb, 150 bytes, Stack size 40 bytes, ff.o(.text))
<BR><BR>[Stack]<UL><LI>Max Depth = 368<LI>Call Chain = f_mount &rArr; mount_volume &rArr; find_volume &rArr; check_fs &rArr; move_window &rArr; sync_window &rArr; disk_write &rArr; SDIO_MultiBlockWrite &rArr; _SDIO_SendCmd
</UL>
<BR>[Calls]<UL><LI><a href="#[a1]">&gt;&gt;</a>&nbsp;&nbsp;&nbsp;mount_volume
<LI><a href="#[a0]">&gt;&gt;</a>&nbsp;&nbsp;&nbsp;get_ldnumber
</UL>
<BR>[Called By]<UL><LI><a href="#[64]">&gt;&gt;</a>&nbsp;&nbsp;&nbsp;main
</UL>

<P><STRONG><a name="[79]"></a>f_open</STRONG> (Thumb, 826 bytes, Stack size 104 bytes, ff.o(.text))
<BR><BR>[Stack]<UL><LI>Max Depth = 504<LI>Call Chain = f_open &rArr; dir_register &rArr; dir_find &rArr; dir_next &rArr; create_chain &rArr; put_fat &rArr; move_window &rArr; sync_window &rArr; disk_write &rArr; SDIO_MultiBlockWrite &rArr; _SDIO_SendCmd
</UL>
<BR>[Calls]<UL><LI><a href="#[af]">&gt;&gt;</a>&nbsp;&nbsp;&nbsp;clst2sect
<LI><a href="#[ae]">&gt;&gt;</a>&nbsp;&nbsp;&nbsp;get_fat
<LI><a href="#[ad]">&gt;&gt;</a>&nbsp;&nbsp;&nbsp;mem_set
<LI><a href="#[ac]">&gt;&gt;</a>&nbsp;&nbsp;&nbsp;remove_chain
<LI><a href="#[ab]">&gt;&gt;</a>&nbsp;&nbsp;&nbsp;st_clust
<LI><a href="#[aa]">&gt;&gt;</a>&nbsp;&nbsp;&nbsp;st_dword
<LI><a href="#[a9]">&gt;&gt;</a>&nbsp;&nbsp;&nbsp;ld_clust
<LI><a href="#[a8]">&gt;&gt;</a>&nbsp;&nbsp;&nbsp;dir_register
<LI><a href="#[a7]">&gt;&gt;</a>&nbsp;&nbsp;&nbsp;follow_path
<LI><a href="#[a6]">&gt;&gt;</a>&nbsp;&nbsp;&nbsp;move_window
<LI><a href="#[a5]">&gt;&gt;</a>&nbsp;&nbsp;&nbsp;ld_dword
<LI><a href="#[a1]">&gt;&gt;</a>&nbsp;&nbsp;&nbsp;mount_volume
<LI><a href="#[9a]">&gt;&gt;</a>&nbsp;&nbsp;&nbsp;disk_read
</UL>
<BR>[Called By]<UL><LI><a href="#[64]">&gt;&gt;</a>&nbsp;&nbsp;&nbsp;main
</UL>

<P><STRONG><a name="[7b]"></a>f_read</STRONG> (Thumb, 620 bytes, Stack size 64 bytes, ff.o(.text))
<BR><BR>[Stack]<UL><LI>Max Depth = 280<LI>Call Chain = f_read &rArr; get_fat &rArr; move_window &rArr; sync_window &rArr; disk_write &rArr; SDIO_MultiBlockWrite &rArr; _SDIO_SendCmd
</UL>
<BR>[Calls]<UL><LI><a href="#[bc]">&gt;&gt;</a>&nbsp;&nbsp;&nbsp;validate
<LI><a href="#[b3]">&gt;&gt;</a>&nbsp;&nbsp;&nbsp;mem_cpy
<LI><a href="#[af]">&gt;&gt;</a>&nbsp;&nbsp;&nbsp;clst2sect
<LI><a href="#[ae]">&gt;&gt;</a>&nbsp;&nbsp;&nbsp;get_fat
<LI><a href="#[9d]">&gt;&gt;</a>&nbsp;&nbsp;&nbsp;disk_write
<LI><a href="#[9a]">&gt;&gt;</a>&nbsp;&nbsp;&nbsp;disk_read
</UL>
<BR>[Called By]<UL><LI><a href="#[64]">&gt;&gt;</a>&nbsp;&nbsp;&nbsp;main
</UL>

<P><STRONG><a name="[bd]"></a>f_write</STRONG> (Thumb, 726 bytes, Stack size 64 bytes, ff.o(.text), UNUSED)
<BR><BR>[Calls]<UL><LI><a href="#[be]">&gt;&gt;</a>&nbsp;&nbsp;&nbsp;create_chain
<LI><a href="#[bc]">&gt;&gt;</a>&nbsp;&nbsp;&nbsp;validate
<LI><a href="#[b3]">&gt;&gt;</a>&nbsp;&nbsp;&nbsp;mem_cpy
<LI><a href="#[af]">&gt;&gt;</a>&nbsp;&nbsp;&nbsp;clst2sect
<LI><a href="#[9d]">&gt;&gt;</a>&nbsp;&nbsp;&nbsp;disk_write
<LI><a href="#[9a]">&gt;&gt;</a>&nbsp;&nbsp;&nbsp;disk_read
</UL>

<P><STRONG><a name="[bf]"></a>f_sync</STRONG> (Thumb, 234 bytes, Stack size 32 bytes, ff.o(.text))
<BR><BR>[Stack]<UL><LI>Max Depth = 208<LI>Call Chain = f_sync &rArr; sync_fs &rArr; sync_window &rArr; disk_write &rArr; SDIO_MultiBlockWrite &rArr; _SDIO_SendCmd
</UL>
<BR>[Calls]<UL><LI><a href="#[c0]">&gt;&gt;</a>&nbsp;&nbsp;&nbsp;sync_fs
<LI><a href="#[bc]">&gt;&gt;</a>&nbsp;&nbsp;&nbsp;validate
<LI><a href="#[b9]">&gt;&gt;</a>&nbsp;&nbsp;&nbsp;st_word
<LI><a href="#[ab]">&gt;&gt;</a>&nbsp;&nbsp;&nbsp;st_clust
<LI><a href="#[aa]">&gt;&gt;</a>&nbsp;&nbsp;&nbsp;st_dword
<LI><a href="#[a6]">&gt;&gt;</a>&nbsp;&nbsp;&nbsp;move_window
<LI><a href="#[9d]">&gt;&gt;</a>&nbsp;&nbsp;&nbsp;disk_write
</UL>
<BR>[Called By]<UL><LI><a href="#[7c]">&gt;&gt;</a>&nbsp;&nbsp;&nbsp;f_close
</UL>

<P><STRONG><a name="[7c]"></a>f_close</STRONG> (Thumb, 62 bytes, Stack size 24 bytes, ff.o(.text))
<BR><BR>[Stack]<UL><LI>Max Depth = 232<LI>Call Chain = f_close &rArr; f_sync &rArr; sync_fs &rArr; sync_window &rArr; disk_write &rArr; SDIO_MultiBlockWrite &rArr; _SDIO_SendCmd
</UL>
<BR>[Calls]<UL><LI><a href="#[bf]">&gt;&gt;</a>&nbsp;&nbsp;&nbsp;f_sync
<LI><a href="#[bc]">&gt;&gt;</a>&nbsp;&nbsp;&nbsp;validate
</UL>
<BR>[Called By]<UL><LI><a href="#[64]">&gt;&gt;</a>&nbsp;&nbsp;&nbsp;main
</UL>

<P><STRONG><a name="[c2]"></a>f_lseek</STRONG> (Thumb, 638 bytes, Stack size 48 bytes, ff.o(.text), UNUSED)
<BR><BR>[Calls]<UL><LI><a href="#[be]">&gt;&gt;</a>&nbsp;&nbsp;&nbsp;create_chain
<LI><a href="#[bc]">&gt;&gt;</a>&nbsp;&nbsp;&nbsp;validate
<LI><a href="#[af]">&gt;&gt;</a>&nbsp;&nbsp;&nbsp;clst2sect
<LI><a href="#[ae]">&gt;&gt;</a>&nbsp;&nbsp;&nbsp;get_fat
<LI><a href="#[9d]">&gt;&gt;</a>&nbsp;&nbsp;&nbsp;disk_write
<LI><a href="#[9a]">&gt;&gt;</a>&nbsp;&nbsp;&nbsp;disk_read
</UL>

<P><STRONG><a name="[c3]"></a>f_opendir</STRONG> (Thumb, 210 bytes, Stack size 32 bytes, ff.o(.text), UNUSED)
<BR><BR>[Calls]<UL><LI><a href="#[b0]">&gt;&gt;</a>&nbsp;&nbsp;&nbsp;dir_sdi
<LI><a href="#[a9]">&gt;&gt;</a>&nbsp;&nbsp;&nbsp;ld_clust
<LI><a href="#[a7]">&gt;&gt;</a>&nbsp;&nbsp;&nbsp;follow_path
<LI><a href="#[a1]">&gt;&gt;</a>&nbsp;&nbsp;&nbsp;mount_volume
</UL>

<P><STRONG><a name="[c4]"></a>f_closedir</STRONG> (Thumb, 42 bytes, Stack size 24 bytes, ff.o(.text), UNUSED)
<BR><BR>[Calls]<UL><LI><a href="#[bc]">&gt;&gt;</a>&nbsp;&nbsp;&nbsp;validate
</UL>

<P><STRONG><a name="[c5]"></a>f_readdir</STRONG> (Thumb, 138 bytes, Stack size 24 bytes, ff.o(.text), UNUSED)
<BR><BR>[Calls]<UL><LI><a href="#[c7]">&gt;&gt;</a>&nbsp;&nbsp;&nbsp;get_fileinfo
<LI><a href="#[c6]">&gt;&gt;</a>&nbsp;&nbsp;&nbsp;dir_read
<LI><a href="#[bc]">&gt;&gt;</a>&nbsp;&nbsp;&nbsp;validate
<LI><a href="#[b8]">&gt;&gt;</a>&nbsp;&nbsp;&nbsp;dir_next
<LI><a href="#[b0]">&gt;&gt;</a>&nbsp;&nbsp;&nbsp;dir_sdi
</UL>

<P><STRONG><a name="[7a]"></a>f_stat</STRONG> (Thumb, 100 bytes, Stack size 72 bytes, ff.o(.text))
<BR><BR>[Stack]<UL><LI>Max Depth = 440<LI>Call Chain = f_stat &rArr; follow_path &rArr; dir_find &rArr; dir_next &rArr; create_chain &rArr; put_fat &rArr; move_window &rArr; sync_window &rArr; disk_write &rArr; SDIO_MultiBlockWrite &rArr; _SDIO_SendCmd
</UL>
<BR>[Calls]<UL><LI><a href="#[c7]">&gt;&gt;</a>&nbsp;&nbsp;&nbsp;get_fileinfo
<LI><a href="#[a7]">&gt;&gt;</a>&nbsp;&nbsp;&nbsp;follow_path
<LI><a href="#[a1]">&gt;&gt;</a>&nbsp;&nbsp;&nbsp;mount_volume
</UL>
<BR>[Called By]<UL><LI><a href="#[64]">&gt;&gt;</a>&nbsp;&nbsp;&nbsp;main
</UL>

<P><STRONG><a name="[cb]"></a>f_getfree</STRONG> (Thumb, 352 bytes, Stack size 64 bytes, ff.o(.text), UNUSED)
<BR><BR>[Calls]<UL><LI><a href="#[ae]">&gt;&gt;</a>&nbsp;&nbsp;&nbsp;get_fat
<LI><a href="#[a6]">&gt;&gt;</a>&nbsp;&nbsp;&nbsp;move_window
<LI><a href="#[a5]">&gt;&gt;</a>&nbsp;&nbsp;&nbsp;ld_dword
<LI><a href="#[a4]">&gt;&gt;</a>&nbsp;&nbsp;&nbsp;ld_word
<LI><a href="#[a1]">&gt;&gt;</a>&nbsp;&nbsp;&nbsp;mount_volume
</UL>

<P><STRONG><a name="[cc]"></a>f_truncate</STRONG> (Thumb, 326 bytes, Stack size 32 bytes, ff.o(.text), UNUSED)
<BR><BR>[Calls]<UL><LI><a href="#[bc]">&gt;&gt;</a>&nbsp;&nbsp;&nbsp;validate
<LI><a href="#[ae]">&gt;&gt;</a>&nbsp;&nbsp;&nbsp;get_fat
<LI><a href="#[ac]">&gt;&gt;</a>&nbsp;&nbsp;&nbsp;remove_chain
<LI><a href="#[9d]">&gt;&gt;</a>&nbsp;&nbsp;&nbsp;disk_write
</UL>

<P><STRONG><a name="[cd]"></a>f_unlink</STRONG> (Thumb, 292 bytes, Stack size 120 bytes, ff.o(.text), UNUSED)
<BR><BR>[Calls]<UL><LI><a href="#[ce]">&gt;&gt;</a>&nbsp;&nbsp;&nbsp;dir_remove
<LI><a href="#[c6]">&gt;&gt;</a>&nbsp;&nbsp;&nbsp;dir_read
<LI><a href="#[c0]">&gt;&gt;</a>&nbsp;&nbsp;&nbsp;sync_fs
<LI><a href="#[b0]">&gt;&gt;</a>&nbsp;&nbsp;&nbsp;dir_sdi
<LI><a href="#[ac]">&gt;&gt;</a>&nbsp;&nbsp;&nbsp;remove_chain
<LI><a href="#[a9]">&gt;&gt;</a>&nbsp;&nbsp;&nbsp;ld_clust
<LI><a href="#[a7]">&gt;&gt;</a>&nbsp;&nbsp;&nbsp;follow_path
<LI><a href="#[a1]">&gt;&gt;</a>&nbsp;&nbsp;&nbsp;mount_volume
</UL>

<P><STRONG><a name="[cf]"></a>f_mkdir</STRONG> (Thumb, 382 bytes, Stack size 112 bytes, ff.o(.text), UNUSED)
<BR><BR>[Calls]<UL><LI><a href="#[ca]">&gt;&gt;</a>&nbsp;&nbsp;&nbsp;dir_clear
<LI><a href="#[c0]">&gt;&gt;</a>&nbsp;&nbsp;&nbsp;sync_fs
<LI><a href="#[be]">&gt;&gt;</a>&nbsp;&nbsp;&nbsp;create_chain
<LI><a href="#[b3]">&gt;&gt;</a>&nbsp;&nbsp;&nbsp;mem_cpy
<LI><a href="#[ad]">&gt;&gt;</a>&nbsp;&nbsp;&nbsp;mem_set
<LI><a href="#[ac]">&gt;&gt;</a>&nbsp;&nbsp;&nbsp;remove_chain
<LI><a href="#[ab]">&gt;&gt;</a>&nbsp;&nbsp;&nbsp;st_clust
<LI><a href="#[aa]">&gt;&gt;</a>&nbsp;&nbsp;&nbsp;st_dword
<LI><a href="#[a8]">&gt;&gt;</a>&nbsp;&nbsp;&nbsp;dir_register
<LI><a href="#[a7]">&gt;&gt;</a>&nbsp;&nbsp;&nbsp;follow_path
<LI><a href="#[a1]">&gt;&gt;</a>&nbsp;&nbsp;&nbsp;mount_volume
</UL>

<P><STRONG><a name="[d0]"></a>f_rename</STRONG> (Thumb, 442 bytes, Stack size 176 bytes, ff.o(.text), UNUSED)
<BR><BR>[Calls]<UL><LI><a href="#[ce]">&gt;&gt;</a>&nbsp;&nbsp;&nbsp;dir_remove
<LI><a href="#[c0]">&gt;&gt;</a>&nbsp;&nbsp;&nbsp;sync_fs
<LI><a href="#[b3]">&gt;&gt;</a>&nbsp;&nbsp;&nbsp;mem_cpy
<LI><a href="#[af]">&gt;&gt;</a>&nbsp;&nbsp;&nbsp;clst2sect
<LI><a href="#[ab]">&gt;&gt;</a>&nbsp;&nbsp;&nbsp;st_clust
<LI><a href="#[a9]">&gt;&gt;</a>&nbsp;&nbsp;&nbsp;ld_clust
<LI><a href="#[a8]">&gt;&gt;</a>&nbsp;&nbsp;&nbsp;dir_register
<LI><a href="#[a7]">&gt;&gt;</a>&nbsp;&nbsp;&nbsp;follow_path
<LI><a href="#[a6]">&gt;&gt;</a>&nbsp;&nbsp;&nbsp;move_window
<LI><a href="#[a1]">&gt;&gt;</a>&nbsp;&nbsp;&nbsp;mount_volume
<LI><a href="#[a0]">&gt;&gt;</a>&nbsp;&nbsp;&nbsp;get_ldnumber
</UL>

<P><STRONG><a name="[d1]"></a>f_mkfs</STRONG> (Thumb, 2386 bytes, Stack size 184 bytes, ff.o(.text), UNUSED)
<BR><BR>[Calls]<UL><LI><a href="#[d2]">&gt;&gt;</a>&nbsp;&nbsp;&nbsp;create_partition
<LI><a href="#[b9]">&gt;&gt;</a>&nbsp;&nbsp;&nbsp;st_word
<LI><a href="#[b3]">&gt;&gt;</a>&nbsp;&nbsp;&nbsp;mem_cpy
<LI><a href="#[ad]">&gt;&gt;</a>&nbsp;&nbsp;&nbsp;mem_set
<LI><a href="#[aa]">&gt;&gt;</a>&nbsp;&nbsp;&nbsp;st_dword
<LI><a href="#[a0]">&gt;&gt;</a>&nbsp;&nbsp;&nbsp;get_ldnumber
<LI><a href="#[c1]">&gt;&gt;</a>&nbsp;&nbsp;&nbsp;disk_ioctl
<LI><a href="#[9d]">&gt;&gt;</a>&nbsp;&nbsp;&nbsp;disk_write
<LI><a href="#[98]">&gt;&gt;</a>&nbsp;&nbsp;&nbsp;disk_initialize
</UL>

<P><STRONG><a name="[d7]"></a>ff_uni2oem</STRONG> (Thumb, 152 bytes, Stack size 16 bytes, ffunicode.o(.text))
<BR><BR>[Stack]<UL><LI>Max Depth = 16<LI>Call Chain = ff_uni2oem
</UL>
<BR>[Called By]<UL><LI><a href="#[c9]">&gt;&gt;</a>&nbsp;&nbsp;&nbsp;put_utf
<LI><a href="#[b1]">&gt;&gt;</a>&nbsp;&nbsp;&nbsp;create_name
</UL>

<P><STRONG><a name="[db]"></a>ff_oem2uni</STRONG> (Thumb, 104 bytes, Stack size 12 bytes, ffunicode.o(.text))
<BR><BR>[Stack]<UL><LI>Max Depth = 12<LI>Call Chain = ff_oem2uni
</UL>
<BR>[Called By]<UL><LI><a href="#[d5]">&gt;&gt;</a>&nbsp;&nbsp;&nbsp;tchar2uni
</UL>

<P><STRONG><a name="[dc]"></a>ff_wtoupper</STRONG> (Thumb, 336 bytes, Stack size 20 bytes, ffunicode.o(.text))
<BR><BR>[Stack]<UL><LI>Max Depth = 20<LI>Call Chain = ff_wtoupper
</UL>
<BR>[Called By]<UL><LI><a href="#[d8]">&gt;&gt;</a>&nbsp;&nbsp;&nbsp;cmp_lfn
</UL>

<P><STRONG><a name="[88]"></a>PORT_Init</STRONG> (Thumb, 156 bytes, Stack size 16 bytes, swm341_port.o(.text))
<BR><BR>[Stack]<UL><LI>Max Depth = 16<LI>Call Chain = PORT_Init
</UL>
<BR>[Called By]<UL><LI><a href="#[fc]">&gt;&gt;</a>&nbsp;&nbsp;&nbsp;switchToXTAL
<LI><a href="#[f7]">&gt;&gt;</a>&nbsp;&nbsp;&nbsp;PLLInit
<LI><a href="#[98]">&gt;&gt;</a>&nbsp;&nbsp;&nbsp;disk_initialize
<LI><a href="#[86]">&gt;&gt;</a>&nbsp;&nbsp;&nbsp;MemoryInit
<LI><a href="#[6f]">&gt;&gt;</a>&nbsp;&nbsp;&nbsp;RGBLCDInit
<LI><a href="#[6d]">&gt;&gt;</a>&nbsp;&nbsp;&nbsp;GPIO_Init
<LI><a href="#[6b]">&gt;&gt;</a>&nbsp;&nbsp;&nbsp;SerialInit
</UL>

<P><STRONG><a name="[6d]"></a>GPIO_Init</STRONG> (Thumb, 518 bytes, Stack size 32 bytes, swm341_gpio.o(.text))
<BR><BR>[Stack]<UL><LI>Max Depth = 48<LI>Call Chain = GPIO_Init &rArr; PORT_Init
</UL>
<BR>[Calls]<UL><LI><a href="#[88]">&gt;&gt;</a>&nbsp;&nbsp;&nbsp;PORT_Init
</UL>
<BR>[Called By]<UL><LI><a href="#[ff]">&gt;&gt;</a>&nbsp;&nbsp;&nbsp;spi_gpio_config
<LI><a href="#[6f]">&gt;&gt;</a>&nbsp;&nbsp;&nbsp;RGBLCDInit
<LI><a href="#[64]">&gt;&gt;</a>&nbsp;&nbsp;&nbsp;main
</UL>

<P><STRONG><a name="[122]"></a>GPIO_SetBit</STRONG> (Thumb, 26 bytes, Stack size 8 bytes, swm341_gpio.o(.text), UNUSED)

<P><STRONG><a name="[123]"></a>GPIO_ClrBit</STRONG> (Thumb, 26 bytes, Stack size 8 bytes, swm341_gpio.o(.text), UNUSED)

<P><STRONG><a name="[124]"></a>GPIO_InvBit</STRONG> (Thumb, 26 bytes, Stack size 8 bytes, swm341_gpio.o(.text), UNUSED)

<P><STRONG><a name="[125]"></a>GPIO_GetBit</STRONG> (Thumb, 22 bytes, Stack size 8 bytes, swm341_gpio.o(.text), UNUSED)

<P><STRONG><a name="[126]"></a>GPIO_SetBits</STRONG> (Thumb, 42 bytes, Stack size 16 bytes, swm341_gpio.o(.text), UNUSED)

<P><STRONG><a name="[127]"></a>GPIO_ClrBits</STRONG> (Thumb, 42 bytes, Stack size 16 bytes, swm341_gpio.o(.text), UNUSED)

<P><STRONG><a name="[128]"></a>GPIO_InvBits</STRONG> (Thumb, 42 bytes, Stack size 16 bytes, swm341_gpio.o(.text), UNUSED)

<P><STRONG><a name="[129]"></a>GPIO_GetBits</STRONG> (Thumb, 38 bytes, Stack size 16 bytes, swm341_gpio.o(.text), UNUSED)

<P><STRONG><a name="[12a]"></a>GPIO_AtomicSetBit</STRONG> (Thumb, 22 bytes, Stack size 8 bytes, swm341_gpio.o(.text), UNUSED)

<P><STRONG><a name="[87]"></a>GPIO_AtomicClrBit</STRONG> (Thumb, 22 bytes, Stack size 8 bytes, swm341_gpio.o(.text))
<BR><BR>[Stack]<UL><LI>Max Depth = 8<LI>Call Chain = GPIO_AtomicClrBit
</UL>
<BR>[Called By]<UL><LI><a href="#[6f]">&gt;&gt;</a>&nbsp;&nbsp;&nbsp;RGBLCDInit
</UL>

<P><STRONG><a name="[12b]"></a>GPIO_AtomicInvBit</STRONG> (Thumb, 34 bytes, Stack size 8 bytes, swm341_gpio.o(.text), UNUSED)

<P><STRONG><a name="[12c]"></a>GPIO_AtomicSetBits</STRONG> (Thumb, 52 bytes, Stack size 20 bytes, swm341_gpio.o(.text), UNUSED)

<P><STRONG><a name="[12d]"></a>GPIO_AtomicClrBits</STRONG> (Thumb, 52 bytes, Stack size 20 bytes, swm341_gpio.o(.text), UNUSED)

<P><STRONG><a name="[12e]"></a>GPIO_AtomicInvBits</STRONG> (Thumb, 52 bytes, Stack size 20 bytes, swm341_gpio.o(.text), UNUSED)

<P><STRONG><a name="[8c]"></a>UART_Init</STRONG> (Thumb, 526 bytes, Stack size 24 bytes, swm341_uart.o(.text))
<BR><BR>[Stack]<UL><LI>Max Depth = 28<LI>Call Chain = UART_Init &rArr; UART_Close
</UL>
<BR>[Calls]<UL><LI><a href="#[dd]">&gt;&gt;</a>&nbsp;&nbsp;&nbsp;UART_Close
<LI><a href="#[df]">&gt;&gt;</a>&nbsp;&nbsp;&nbsp;__NVIC_DisableIRQ
<LI><a href="#[de]">&gt;&gt;</a>&nbsp;&nbsp;&nbsp;__NVIC_EnableIRQ
</UL>
<BR>[Called By]<UL><LI><a href="#[6b]">&gt;&gt;</a>&nbsp;&nbsp;&nbsp;SerialInit
</UL>

<P><STRONG><a name="[dd]"></a>UART_Close</STRONG> (Thumb, 18 bytes, Stack size 4 bytes, swm341_uart.o(.text))
<BR><BR>[Stack]<UL><LI>Max Depth = 4<LI>Call Chain = UART_Close
</UL>
<BR>[Called By]<UL><LI><a href="#[8c]">&gt;&gt;</a>&nbsp;&nbsp;&nbsp;UART_Init
</UL>

<P><STRONG><a name="[8d]"></a>UART_Open</STRONG> (Thumb, 18 bytes, Stack size 4 bytes, swm341_uart.o(.text))
<BR><BR>[Stack]<UL><LI>Max Depth = 4<LI>Call Chain = UART_Open
</UL>
<BR>[Called By]<UL><LI><a href="#[6b]">&gt;&gt;</a>&nbsp;&nbsp;&nbsp;SerialInit
</UL>

<P><STRONG><a name="[8e]"></a>UART_WriteByte</STRONG> (Thumb, 20 bytes, Stack size 8 bytes, swm341_uart.o(.text))
<BR><BR>[Stack]<UL><LI>Max Depth = 8<LI>Call Chain = UART_WriteByte
</UL>
<BR>[Called By]<UL><LI><a href="#[67]">&gt;&gt;</a>&nbsp;&nbsp;&nbsp;fputc
</UL>

<P><STRONG><a name="[12f]"></a>UART_ReadByte</STRONG> (Thumb, 52 bytes, Stack size 16 bytes, swm341_uart.o(.text), UNUSED)

<P><STRONG><a name="[8f]"></a>UART_IsTXBusy</STRONG> (Thumb, 16 bytes, Stack size 4 bytes, swm341_uart.o(.text))
<BR><BR>[Stack]<UL><LI>Max Depth = 4<LI>Call Chain = UART_IsTXBusy
</UL>
<BR>[Called By]<UL><LI><a href="#[67]">&gt;&gt;</a>&nbsp;&nbsp;&nbsp;fputc
</UL>

<P><STRONG><a name="[130]"></a>UART_IsRXFIFOEmpty</STRONG> (Thumb, 22 bytes, Stack size 4 bytes, swm341_uart.o(.text), UNUSED)

<P><STRONG><a name="[131]"></a>UART_IsTXFIFOFull</STRONG> (Thumb, 16 bytes, Stack size 4 bytes, swm341_uart.o(.text), UNUSED)

<P><STRONG><a name="[132]"></a>UART_SetBaudrate</STRONG> (Thumb, 54 bytes, Stack size 8 bytes, swm341_uart.o(.text), UNUSED)

<P><STRONG><a name="[133]"></a>UART_GetBaudrate</STRONG> (Thumb, 42 bytes, Stack size 4 bytes, swm341_uart.o(.text), UNUSED)

<P><STRONG><a name="[134]"></a>UART_CTSConfig</STRONG> (Thumb, 38 bytes, Stack size 12 bytes, swm341_uart.o(.text), UNUSED)

<P><STRONG><a name="[135]"></a>UART_CTSLineState</STRONG> (Thumb, 16 bytes, Stack size 4 bytes, swm341_uart.o(.text), UNUSED)

<P><STRONG><a name="[136]"></a>UART_RTSConfig</STRONG> (Thumb, 48 bytes, Stack size 16 bytes, swm341_uart.o(.text), UNUSED)

<P><STRONG><a name="[137]"></a>UART_RTSLineState</STRONG> (Thumb, 16 bytes, Stack size 4 bytes, swm341_uart.o(.text), UNUSED)

<P><STRONG><a name="[138]"></a>UART_LINConfig</STRONG> (Thumb, 78 bytes, Stack size 16 bytes, swm341_uart.o(.text), UNUSED)

<P><STRONG><a name="[139]"></a>UART_LINGenerate</STRONG> (Thumb, 18 bytes, Stack size 4 bytes, swm341_uart.o(.text), UNUSED)

<P><STRONG><a name="[13a]"></a>UART_LINIsDetected</STRONG> (Thumb, 16 bytes, Stack size 4 bytes, swm341_uart.o(.text), UNUSED)

<P><STRONG><a name="[13b]"></a>UART_LINIsGenerated</STRONG> (Thumb, 16 bytes, Stack size 4 bytes, swm341_uart.o(.text), UNUSED)

<P><STRONG><a name="[13c]"></a>UART_ABRStart</STRONG> (Thumb, 144 bytes, Stack size 12 bytes, swm341_uart.o(.text), UNUSED)

<P><STRONG><a name="[13d]"></a>UART_ABRIsDone</STRONG> (Thumb, 52 bytes, Stack size 8 bytes, swm341_uart.o(.text), UNUSED)

<P><STRONG><a name="[13e]"></a>UART_INTEn</STRONG> (Thumb, 20 bytes, Stack size 8 bytes, swm341_uart.o(.text), UNUSED)

<P><STRONG><a name="[13f]"></a>UART_INTDis</STRONG> (Thumb, 20 bytes, Stack size 8 bytes, swm341_uart.o(.text), UNUSED)

<P><STRONG><a name="[140]"></a>UART_INTClr</STRONG> (Thumb, 34 bytes, Stack size 8 bytes, swm341_uart.o(.text), UNUSED)

<P><STRONG><a name="[141]"></a>UART_INTStat</STRONG> (Thumb, 134 bytes, Stack size 16 bytes, swm341_uart.o(.text), UNUSED)

<P><STRONG><a name="[89]"></a>LCD_Init</STRONG> (Thumb, 270 bytes, Stack size 16 bytes, swm341_lcd.o(.text))
<BR><BR>[Stack]<UL><LI>Max Depth = 20<LI>Call Chain = LCD_Init &rArr; __NVIC_EnableIRQ
</UL>
<BR>[Calls]<UL><LI><a href="#[e0]">&gt;&gt;</a>&nbsp;&nbsp;&nbsp;__NVIC_EnableIRQ
</UL>
<BR>[Called By]<UL><LI><a href="#[6f]">&gt;&gt;</a>&nbsp;&nbsp;&nbsp;RGBLCDInit
</UL>

<P><STRONG><a name="[142]"></a>LCD_LayerInit</STRONG> (Thumb, 110 bytes, Stack size 12 bytes, swm341_lcd.o(.text), UNUSED)

<P><STRONG><a name="[143]"></a>LCD_SetLayerPos</STRONG> (Thumb, 100 bytes, Stack size 24 bytes, swm341_lcd.o(.text), UNUSED)

<P><STRONG><a name="[70]"></a>LCD_Start</STRONG> (Thumb, 18 bytes, Stack size 4 bytes, swm341_lcd.o(.text))
<BR><BR>[Stack]<UL><LI>Max Depth = 4<LI>Call Chain = LCD_Start
</UL>
<BR>[Called By]<UL><LI><a href="#[53]">&gt;&gt;</a>&nbsp;&nbsp;&nbsp;LCD_Handler
<LI><a href="#[64]">&gt;&gt;</a>&nbsp;&nbsp;&nbsp;main
</UL>

<P><STRONG><a name="[e2]"></a>LCD_IsBusy</STRONG> (Thumb, 16 bytes, Stack size 4 bytes, swm341_lcd.o(.text), UNUSED)
<BR><BR>[Called By]<UL><LI><a href="#[e5]">&gt;&gt;</a>&nbsp;&nbsp;&nbsp;LCD_ReadReg
<LI><a href="#[e4]">&gt;&gt;</a>&nbsp;&nbsp;&nbsp;LCD_WriteReg
<LI><a href="#[e3]">&gt;&gt;</a>&nbsp;&nbsp;&nbsp;LCD_WR_DATA
<LI><a href="#[e1]">&gt;&gt;</a>&nbsp;&nbsp;&nbsp;LCD_WR_REG
</UL>

<P><STRONG><a name="[144]"></a>LCD_INTEn</STRONG> (Thumb, 14 bytes, Stack size 4 bytes, swm341_lcd.o(.text), UNUSED)

<P><STRONG><a name="[145]"></a>LCD_INTDis</STRONG> (Thumb, 14 bytes, Stack size 4 bytes, swm341_lcd.o(.text), UNUSED)

<P><STRONG><a name="[8b]"></a>LCD_INTClr</STRONG> (Thumb, 14 bytes, Stack size 4 bytes, swm341_lcd.o(.text))
<BR><BR>[Stack]<UL><LI>Max Depth = 4<LI>Call Chain = LCD_INTClr
</UL>
<BR>[Called By]<UL><LI><a href="#[53]">&gt;&gt;</a>&nbsp;&nbsp;&nbsp;LCD_Handler
</UL>

<P><STRONG><a name="[146]"></a>LCD_INTStat</STRONG> (Thumb, 16 bytes, Stack size 4 bytes, swm341_lcd.o(.text), UNUSED)

<P><STRONG><a name="[147]"></a>MPULCD_Init</STRONG> (Thumb, 156 bytes, Stack size 16 bytes, swm341_lcd.o(.text), UNUSED)

<P><STRONG><a name="[e1]"></a>LCD_WR_REG</STRONG> (Thumb, 40 bytes, Stack size 16 bytes, swm341_lcd.o(.text), UNUSED)
<BR><BR>[Calls]<UL><LI><a href="#[e2]">&gt;&gt;</a>&nbsp;&nbsp;&nbsp;LCD_IsBusy
</UL>

<P><STRONG><a name="[e3]"></a>LCD_WR_DATA</STRONG> (Thumb, 40 bytes, Stack size 16 bytes, swm341_lcd.o(.text), UNUSED)
<BR><BR>[Calls]<UL><LI><a href="#[e2]">&gt;&gt;</a>&nbsp;&nbsp;&nbsp;LCD_IsBusy
</UL>

<P><STRONG><a name="[e4]"></a>LCD_WriteReg</STRONG> (Thumb, 70 bytes, Stack size 16 bytes, swm341_lcd.o(.text), UNUSED)
<BR><BR>[Calls]<UL><LI><a href="#[e2]">&gt;&gt;</a>&nbsp;&nbsp;&nbsp;LCD_IsBusy
</UL>

<P><STRONG><a name="[e5]"></a>LCD_ReadReg</STRONG> (Thumb, 48 bytes, Stack size 16 bytes, swm341_lcd.o(.text), UNUSED)
<BR><BR>[Calls]<UL><LI><a href="#[e2]">&gt;&gt;</a>&nbsp;&nbsp;&nbsp;LCD_IsBusy
</UL>

<P><STRONG><a name="[148]"></a>MPULCD_DMAStart</STRONG> (Thumb, 64 bytes, Stack size 12 bytes, swm341_lcd.o(.text), UNUSED)

<P><STRONG><a name="[149]"></a>MPULCD_DMABusy</STRONG> (Thumb, 16 bytes, Stack size 4 bytes, swm341_lcd.o(.text), UNUSED)

<P><STRONG><a name="[14a]"></a>FLASH_Erase</STRONG> (Thumb, 94 bytes, Stack size 24 bytes, swm341_flash.o(.text), UNUSED)

<P><STRONG><a name="[14b]"></a>FLASH_Write</STRONG> (Thumb, 118 bytes, Stack size 32 bytes, swm341_flash.o(.text), UNUSED)

<P><STRONG><a name="[f3]"></a>Flash_Param_at_xMHz</STRONG> (Thumb, 212 bytes, Stack size 24 bytes, swm341_flash.o(.text))
<BR><BR>[Stack]<UL><LI>Max Depth = 24<LI>Call Chain = Flash_Param_at_xMHz
</UL>
<BR>[Called By]<UL><LI><a href="#[6a]">&gt;&gt;</a>&nbsp;&nbsp;&nbsp;SystemInit
</UL>

<P><STRONG><a name="[8a]"></a>SDRAM_Init</STRONG> (Thumb, 258 bytes, Stack size 16 bytes, swm341_sdram.o(.text))
<BR><BR>[Stack]<UL><LI>Max Depth = 16<LI>Call Chain = SDRAM_Init
</UL>
<BR>[Called By]<UL><LI><a href="#[86]">&gt;&gt;</a>&nbsp;&nbsp;&nbsp;MemoryInit
</UL>

<P><STRONG><a name="[14c]"></a>SDRAM_Enable</STRONG> (Thumb, 46 bytes, Stack size 4 bytes, swm341_sdram.o(.text), UNUSED)

<P><STRONG><a name="[14d]"></a>SDRAM_Disable</STRONG> (Thumb, 46 bytes, Stack size 4 bytes, swm341_sdram.o(.text), UNUSED)

<P><STRONG><a name="[99]"></a>SDIO_Init</STRONG> (Thumb, 826 bytes, Stack size 112 bytes, swm341_sdio.o(.text))
<BR><BR>[Stack]<UL><LI>Max Depth = 148<LI>Call Chain = SDIO_Init &rArr; parseCSD
</UL>
<BR>[Calls]<UL><LI><a href="#[e9]">&gt;&gt;</a>&nbsp;&nbsp;&nbsp;parseCSD
<LI><a href="#[e8]">&gt;&gt;</a>&nbsp;&nbsp;&nbsp;parseCID
<LI><a href="#[e7]">&gt;&gt;</a>&nbsp;&nbsp;&nbsp;_SDIO_SendCmd
<LI><a href="#[e6]">&gt;&gt;</a>&nbsp;&nbsp;&nbsp;calcSDCLKDiv
</UL>
<BR>[Called By]<UL><LI><a href="#[98]">&gt;&gt;</a>&nbsp;&nbsp;&nbsp;disk_initialize
</UL>

<P><STRONG><a name="[e6]"></a>calcSDCLKDiv</STRONG> (Thumb, 220 bytes, Stack size 20 bytes, swm341_sdio.o(.text))
<BR><BR>[Stack]<UL><LI>Max Depth = 20<LI>Call Chain = calcSDCLKDiv
</UL>
<BR>[Called By]<UL><LI><a href="#[99]">&gt;&gt;</a>&nbsp;&nbsp;&nbsp;SDIO_Init
</UL>

<P><STRONG><a name="[e7]"></a>_SDIO_SendCmd</STRONG> (Thumb, 372 bytes, Stack size 32 bytes, swm341_sdio.o(.text))
<BR><BR>[Stack]<UL><LI>Max Depth = 32<LI>Call Chain = _SDIO_SendCmd
</UL>
<BR>[Called By]<UL><LI><a href="#[eb]">&gt;&gt;</a>&nbsp;&nbsp;&nbsp;SDIO_DMABlockRead
<LI><a href="#[ea]">&gt;&gt;</a>&nbsp;&nbsp;&nbsp;SDIO_DMABlockWrite
<LI><a href="#[9f]">&gt;&gt;</a>&nbsp;&nbsp;&nbsp;SDIO_MultiBlockWrite
<LI><a href="#[9e]">&gt;&gt;</a>&nbsp;&nbsp;&nbsp;SDIO_BlockWrite
<LI><a href="#[9c]">&gt;&gt;</a>&nbsp;&nbsp;&nbsp;SDIO_MultiBlockRead
<LI><a href="#[9b]">&gt;&gt;</a>&nbsp;&nbsp;&nbsp;SDIO_BlockRead
<LI><a href="#[99]">&gt;&gt;</a>&nbsp;&nbsp;&nbsp;SDIO_Init
</UL>

<P><STRONG><a name="[e8]"></a>parseCID</STRONG> (Thumb, 314 bytes, Stack size 8 bytes, swm341_sdio.o(.text))
<BR><BR>[Stack]<UL><LI>Max Depth = 8<LI>Call Chain = parseCID
</UL>
<BR>[Called By]<UL><LI><a href="#[99]">&gt;&gt;</a>&nbsp;&nbsp;&nbsp;SDIO_Init
</UL>

<P><STRONG><a name="[e9]"></a>parseCSD</STRONG> (Thumb, 798 bytes, Stack size 36 bytes, swm341_sdio.o(.text))
<BR><BR>[Stack]<UL><LI>Max Depth = 36<LI>Call Chain = parseCSD
</UL>
<BR>[Called By]<UL><LI><a href="#[99]">&gt;&gt;</a>&nbsp;&nbsp;&nbsp;SDIO_Init
</UL>

<P><STRONG><a name="[9e]"></a>SDIO_BlockWrite</STRONG> (Thumb, 206 bytes, Stack size 56 bytes, swm341_sdio.o(.text))
<BR><BR>[Stack]<UL><LI>Max Depth = 88<LI>Call Chain = SDIO_BlockWrite &rArr; _SDIO_SendCmd
</UL>
<BR>[Calls]<UL><LI><a href="#[e7]">&gt;&gt;</a>&nbsp;&nbsp;&nbsp;_SDIO_SendCmd
</UL>
<BR>[Called By]<UL><LI><a href="#[9d]">&gt;&gt;</a>&nbsp;&nbsp;&nbsp;disk_write
</UL>

<P><STRONG><a name="[9f]"></a>SDIO_MultiBlockWrite</STRONG> (Thumb, 248 bytes, Stack size 64 bytes, swm341_sdio.o(.text))
<BR><BR>[Stack]<UL><LI>Max Depth = 96<LI>Call Chain = SDIO_MultiBlockWrite &rArr; _SDIO_SendCmd
</UL>
<BR>[Calls]<UL><LI><a href="#[e7]">&gt;&gt;</a>&nbsp;&nbsp;&nbsp;_SDIO_SendCmd
</UL>
<BR>[Called By]<UL><LI><a href="#[9d]">&gt;&gt;</a>&nbsp;&nbsp;&nbsp;disk_write
</UL>

<P><STRONG><a name="[ea]"></a>SDIO_DMABlockWrite</STRONG> (Thumb, 148 bytes, Stack size 56 bytes, swm341_sdio.o(.text), UNUSED)
<BR><BR>[Calls]<UL><LI><a href="#[e7]">&gt;&gt;</a>&nbsp;&nbsp;&nbsp;_SDIO_SendCmd
</UL>

<P><STRONG><a name="[9b]"></a>SDIO_BlockRead</STRONG> (Thumb, 206 bytes, Stack size 56 bytes, swm341_sdio.o(.text))
<BR><BR>[Stack]<UL><LI>Max Depth = 88<LI>Call Chain = SDIO_BlockRead &rArr; _SDIO_SendCmd
</UL>
<BR>[Calls]<UL><LI><a href="#[e7]">&gt;&gt;</a>&nbsp;&nbsp;&nbsp;_SDIO_SendCmd
</UL>
<BR>[Called By]<UL><LI><a href="#[9a]">&gt;&gt;</a>&nbsp;&nbsp;&nbsp;disk_read
</UL>

<P><STRONG><a name="[9c]"></a>SDIO_MultiBlockRead</STRONG> (Thumb, 248 bytes, Stack size 64 bytes, swm341_sdio.o(.text))
<BR><BR>[Stack]<UL><LI>Max Depth = 96<LI>Call Chain = SDIO_MultiBlockRead &rArr; _SDIO_SendCmd
</UL>
<BR>[Calls]<UL><LI><a href="#[e7]">&gt;&gt;</a>&nbsp;&nbsp;&nbsp;_SDIO_SendCmd
</UL>
<BR>[Called By]<UL><LI><a href="#[9a]">&gt;&gt;</a>&nbsp;&nbsp;&nbsp;disk_read
</UL>

<P><STRONG><a name="[eb]"></a>SDIO_DMABlockRead</STRONG> (Thumb, 146 bytes, Stack size 56 bytes, swm341_sdio.o(.text), UNUSED)
<BR><BR>[Calls]<UL><LI><a href="#[e7]">&gt;&gt;</a>&nbsp;&nbsp;&nbsp;_SDIO_SendCmd
</UL>

<P><STRONG><a name="[72]"></a>JPEG_Init</STRONG> (Thumb, 124 bytes, Stack size 16 bytes, swm341_jpeg.o(.text))
<BR><BR>[Stack]<UL><LI>Max Depth = 20<LI>Call Chain = JPEG_Init &rArr; __NVIC_DisableIRQ
</UL>
<BR>[Calls]<UL><LI><a href="#[ed]">&gt;&gt;</a>&nbsp;&nbsp;&nbsp;__NVIC_DisableIRQ
<LI><a href="#[ec]">&gt;&gt;</a>&nbsp;&nbsp;&nbsp;__NVIC_EnableIRQ
</UL>
<BR>[Called By]<UL><LI><a href="#[64]">&gt;&gt;</a>&nbsp;&nbsp;&nbsp;main
</UL>

<P><STRONG><a name="[7e]"></a>JPEG_Decode</STRONG> (Thumb, 2436 bytes, Stack size 224 bytes, swm341_jpeg.o(.text))
<BR><BR>[Stack]<UL><LI>Max Depth = 336<LI>Call Chain = JPEG_Decode &rArr; ceil &rArr; __aeabi_drsub &rArr; __aeabi_dadd &rArr; _double_epilogue &rArr; _double_round
</UL>
<BR>[Calls]<UL><LI><a href="#[f0]">&gt;&gt;</a>&nbsp;&nbsp;&nbsp;ceil
<LI><a href="#[f1]">&gt;&gt;</a>&nbsp;&nbsp;&nbsp;__aeabi_d2iz
<LI><a href="#[ef]">&gt;&gt;</a>&nbsp;&nbsp;&nbsp;__aeabi_ddiv
<LI><a href="#[ee]">&gt;&gt;</a>&nbsp;&nbsp;&nbsp;__aeabi_i2d
</UL>
<BR>[Called By]<UL><LI><a href="#[64]">&gt;&gt;</a>&nbsp;&nbsp;&nbsp;main
</UL>

<P><STRONG><a name="[7f]"></a>JPEG_DecodeBusy</STRONG> (Thumb, 16 bytes, Stack size 4 bytes, swm341_jpeg.o(.text))
<BR><BR>[Stack]<UL><LI>Max Depth = 4<LI>Call Chain = JPEG_DecodeBusy
</UL>
<BR>[Called By]<UL><LI><a href="#[64]">&gt;&gt;</a>&nbsp;&nbsp;&nbsp;main
</UL>

<P><STRONG><a name="[90]"></a>DMA2D_Init</STRONG> (Thumb, 96 bytes, Stack size 16 bytes, swm341_dma2d.o(.text))
<BR><BR>[Stack]<UL><LI>Max Depth = 20<LI>Call Chain = DMA2D_Init &rArr; __NVIC_EnableIRQ
</UL>
<BR>[Calls]<UL><LI><a href="#[f2]">&gt;&gt;</a>&nbsp;&nbsp;&nbsp;__NVIC_EnableIRQ
</UL>
<BR>[Called By]<UL><LI><a href="#[71]">&gt;&gt;</a>&nbsp;&nbsp;&nbsp;swm_dma2d_init
</UL>

<P><STRONG><a name="[91]"></a>DMA2D_PixelFill</STRONG> (Thumb, 120 bytes, Stack size 8 bytes, swm341_dma2d.o(.text))
<BR><BR>[Stack]<UL><LI>Max Depth = 8<LI>Call Chain = DMA2D_PixelFill
</UL>
<BR>[Called By]<UL><LI><a href="#[71]">&gt;&gt;</a>&nbsp;&nbsp;&nbsp;swm_dma2d_init
</UL>

<P><STRONG><a name="[94]"></a>DMA2D_PixelMove</STRONG> (Thumb, 134 bytes, Stack size 8 bytes, swm341_dma2d.o(.text), UNUSED)
<BR><BR>[Called By]<UL><LI><a href="#[93]">&gt;&gt;</a>&nbsp;&nbsp;&nbsp;dma2d_test_show
</UL>

<P><STRONG><a name="[14e]"></a>DMA2D_PixelConvert</STRONG> (Thumb, 150 bytes, Stack size 8 bytes, swm341_dma2d.o(.text), UNUSED)

<P><STRONG><a name="[14f]"></a>DMA2D_PixelBlend</STRONG> (Thumb, 206 bytes, Stack size 12 bytes, swm341_dma2d.o(.text), UNUSED)

<P><STRONG><a name="[92]"></a>DMA2D_IsBusy</STRONG> (Thumb, 16 bytes, Stack size 0 bytes, swm341_dma2d.o(.text))
<BR><BR>[Called By]<UL><LI><a href="#[93]">&gt;&gt;</a>&nbsp;&nbsp;&nbsp;dma2d_test_show
<LI><a href="#[71]">&gt;&gt;</a>&nbsp;&nbsp;&nbsp;swm_dma2d_init
</UL>

<P><STRONG><a name="[150]"></a>DMA2D_INTEn</STRONG> (Thumb, 14 bytes, Stack size 0 bytes, swm341_dma2d.o(.text), UNUSED)

<P><STRONG><a name="[151]"></a>DMA2D_INTDis</STRONG> (Thumb, 14 bytes, Stack size 0 bytes, swm341_dma2d.o(.text), UNUSED)

<P><STRONG><a name="[95]"></a>DMA2D_INTClr</STRONG> (Thumb, 14 bytes, Stack size 0 bytes, swm341_dma2d.o(.text))
<BR><BR>[Called By]<UL><LI><a href="#[62]">&gt;&gt;</a>&nbsp;&nbsp;&nbsp;DMA2D_Handler
</UL>

<P><STRONG><a name="[152]"></a>DMA2D_INTStat</STRONG> (Thumb, 16 bytes, Stack size 0 bytes, swm341_dma2d.o(.text), UNUSED)

<P><STRONG><a name="[f5]"></a>SystemCoreClockUpdate</STRONG> (Thumb, 386 bytes, Stack size 4 bytes, system_swm341.o(.text))
<BR><BR>[Stack]<UL><LI>Max Depth = 4<LI>Call Chain = SystemCoreClockUpdate
</UL>
<BR>[Called By]<UL><LI><a href="#[6a]">&gt;&gt;</a>&nbsp;&nbsp;&nbsp;SystemInit
</UL>

<P><STRONG><a name="[6a]"></a>SystemInit</STRONG> (Thumb, 230 bytes, Stack size 8 bytes, system_swm341.o(.text))
<BR><BR>[Stack]<UL><LI>Max Depth = 64<LI>Call Chain = SystemInit &rArr; switchToPLL &rArr; PLLInit &rArr; PORT_Init
</UL>
<BR>[Calls]<UL><LI><a href="#[f4]">&gt;&gt;</a>&nbsp;&nbsp;&nbsp;switchToPLL
<LI><a href="#[f5]">&gt;&gt;</a>&nbsp;&nbsp;&nbsp;SystemCoreClockUpdate
<LI><a href="#[f3]">&gt;&gt;</a>&nbsp;&nbsp;&nbsp;Flash_Param_at_xMHz
</UL>
<BR>[Called By]<UL><LI><a href="#[64]">&gt;&gt;</a>&nbsp;&nbsp;&nbsp;main
</UL>

<P><STRONG><a name="[f4]"></a>switchToPLL</STRONG> (Thumb, 94 bytes, Stack size 16 bytes, system_swm341.o(.text))
<BR><BR>[Stack]<UL><LI>Max Depth = 56<LI>Call Chain = switchToPLL &rArr; PLLInit &rArr; PORT_Init
</UL>
<BR>[Calls]<UL><LI><a href="#[f7]">&gt;&gt;</a>&nbsp;&nbsp;&nbsp;PLLInit
<LI><a href="#[f6]">&gt;&gt;</a>&nbsp;&nbsp;&nbsp;switchTo20MHz
</UL>
<BR>[Called By]<UL><LI><a href="#[6a]">&gt;&gt;</a>&nbsp;&nbsp;&nbsp;SystemInit
</UL>

<P><STRONG><a name="[65]"></a>FPU_Enable</STRONG> (Thumb, 2 bytes, Stack size 0 bytes, system_swm341.o(.text))
<BR>[Address Reference Count : 1]<UL><LI> startup_swm341.o(.text)
</UL>
<P><STRONG><a name="[f6]"></a>switchTo20MHz</STRONG> (Thumb, 32 bytes, Stack size 8 bytes, system_swm341.o(.text))
<BR><BR>[Stack]<UL><LI>Max Depth = 12<LI>Call Chain = switchTo20MHz &rArr; delay_3ms
</UL>
<BR>[Calls]<UL><LI><a href="#[f8]">&gt;&gt;</a>&nbsp;&nbsp;&nbsp;delay_3ms
</UL>
<BR>[Called By]<UL><LI><a href="#[fe]">&gt;&gt;</a>&nbsp;&nbsp;&nbsp;switchToXTAL_32K
<LI><a href="#[fd]">&gt;&gt;</a>&nbsp;&nbsp;&nbsp;switchTo32KHz
<LI><a href="#[fc]">&gt;&gt;</a>&nbsp;&nbsp;&nbsp;switchToXTAL
<LI><a href="#[f9]">&gt;&gt;</a>&nbsp;&nbsp;&nbsp;switchTo2M5Hz
<LI><a href="#[f4]">&gt;&gt;</a>&nbsp;&nbsp;&nbsp;switchToPLL
</UL>

<P><STRONG><a name="[f9]"></a>switchTo2M5Hz</STRONG> (Thumb, 66 bytes, Stack size 16 bytes, system_swm341.o(.text), UNUSED)
<BR><BR>[Calls]<UL><LI><a href="#[f6]">&gt;&gt;</a>&nbsp;&nbsp;&nbsp;switchTo20MHz
<LI><a href="#[f8]">&gt;&gt;</a>&nbsp;&nbsp;&nbsp;delay_3ms
</UL>

<P><STRONG><a name="[fa]"></a>switchTo40MHz</STRONG> (Thumb, 32 bytes, Stack size 8 bytes, system_swm341.o(.text), UNUSED)
<BR><BR>[Calls]<UL><LI><a href="#[f8]">&gt;&gt;</a>&nbsp;&nbsp;&nbsp;delay_3ms
</UL>
<BR>[Called By]<UL><LI><a href="#[fb]">&gt;&gt;</a>&nbsp;&nbsp;&nbsp;switchTo5MHz
</UL>

<P><STRONG><a name="[fb]"></a>switchTo5MHz</STRONG> (Thumb, 66 bytes, Stack size 16 bytes, system_swm341.o(.text), UNUSED)
<BR><BR>[Calls]<UL><LI><a href="#[fa]">&gt;&gt;</a>&nbsp;&nbsp;&nbsp;switchTo40MHz
<LI><a href="#[f8]">&gt;&gt;</a>&nbsp;&nbsp;&nbsp;delay_3ms
</UL>

<P><STRONG><a name="[fc]"></a>switchToXTAL</STRONG> (Thumb, 152 bytes, Stack size 24 bytes, system_swm341.o(.text), UNUSED)
<BR><BR>[Calls]<UL><LI><a href="#[f6]">&gt;&gt;</a>&nbsp;&nbsp;&nbsp;switchTo20MHz
<LI><a href="#[f8]">&gt;&gt;</a>&nbsp;&nbsp;&nbsp;delay_3ms
<LI><a href="#[88]">&gt;&gt;</a>&nbsp;&nbsp;&nbsp;PORT_Init
</UL>

<P><STRONG><a name="[f7]"></a>PLLInit</STRONG> (Thumb, 162 bytes, Stack size 24 bytes, system_swm341.o(.text))
<BR><BR>[Stack]<UL><LI>Max Depth = 40<LI>Call Chain = PLLInit &rArr; PORT_Init
</UL>
<BR>[Calls]<UL><LI><a href="#[f8]">&gt;&gt;</a>&nbsp;&nbsp;&nbsp;delay_3ms
<LI><a href="#[88]">&gt;&gt;</a>&nbsp;&nbsp;&nbsp;PORT_Init
</UL>
<BR>[Called By]<UL><LI><a href="#[f4]">&gt;&gt;</a>&nbsp;&nbsp;&nbsp;switchToPLL
</UL>

<P><STRONG><a name="[fd]"></a>switchTo32KHz</STRONG> (Thumb, 72 bytes, Stack size 16 bytes, system_swm341.o(.text), UNUSED)
<BR><BR>[Calls]<UL><LI><a href="#[f6]">&gt;&gt;</a>&nbsp;&nbsp;&nbsp;switchTo20MHz
<LI><a href="#[f8]">&gt;&gt;</a>&nbsp;&nbsp;&nbsp;delay_3ms
</UL>

<P><STRONG><a name="[fe]"></a>switchToXTAL_32K</STRONG> (Thumb, 112 bytes, Stack size 16 bytes, system_swm341.o(.text), UNUSED)
<BR><BR>[Calls]<UL><LI><a href="#[f6]">&gt;&gt;</a>&nbsp;&nbsp;&nbsp;switchTo20MHz
<LI><a href="#[f8]">&gt;&gt;</a>&nbsp;&nbsp;&nbsp;delay_3ms
</UL>

<P><STRONG><a name="[0]"></a>Reset_Handler</STRONG> (Thumb, 8 bytes, Stack size 0 bytes, startup_swm341.o(.text))
<BR>[Address Reference Count : 1]<UL><LI> startup_swm341.o(RESET)
</UL>
<P><STRONG><a name="[1]"></a>NMI_Handler</STRONG> (Thumb, 2 bytes, Stack size 0 bytes, startup_swm341.o(.text))
<BR><BR>[Calls]<UL><LI><a href="#[1]">&gt;&gt;</a>&nbsp;&nbsp;&nbsp;NMI_Handler
</UL>
<BR>[Called By]<UL><LI><a href="#[1]">&gt;&gt;</a>&nbsp;&nbsp;&nbsp;NMI_Handler
</UL>
<BR>[Address Reference Count : 1]<UL><LI> startup_swm341.o(RESET)
</UL>
<P><STRONG><a name="[2]"></a>HardFault_Handler</STRONG> (Thumb, 2 bytes, Stack size 0 bytes, startup_swm341.o(.text))
<BR><BR>[Calls]<UL><LI><a href="#[2]">&gt;&gt;</a>&nbsp;&nbsp;&nbsp;HardFault_Handler
</UL>
<BR>[Called By]<UL><LI><a href="#[2]">&gt;&gt;</a>&nbsp;&nbsp;&nbsp;HardFault_Handler
</UL>
<BR>[Address Reference Count : 1]<UL><LI> startup_swm341.o(RESET)
</UL>
<P><STRONG><a name="[3]"></a>MemManage_Handler</STRONG> (Thumb, 2 bytes, Stack size 0 bytes, startup_swm341.o(.text))
<BR><BR>[Calls]<UL><LI><a href="#[3]">&gt;&gt;</a>&nbsp;&nbsp;&nbsp;MemManage_Handler
</UL>
<BR>[Called By]<UL><LI><a href="#[3]">&gt;&gt;</a>&nbsp;&nbsp;&nbsp;MemManage_Handler
</UL>
<BR>[Address Reference Count : 1]<UL><LI> startup_swm341.o(RESET)
</UL>
<P><STRONG><a name="[4]"></a>BusFault_Handler</STRONG> (Thumb, 2 bytes, Stack size 0 bytes, startup_swm341.o(.text))
<BR><BR>[Calls]<UL><LI><a href="#[4]">&gt;&gt;</a>&nbsp;&nbsp;&nbsp;BusFault_Handler
</UL>
<BR>[Called By]<UL><LI><a href="#[4]">&gt;&gt;</a>&nbsp;&nbsp;&nbsp;BusFault_Handler
</UL>
<BR>[Address Reference Count : 1]<UL><LI> startup_swm341.o(RESET)
</UL>
<P><STRONG><a name="[5]"></a>UsageFault_Handler</STRONG> (Thumb, 2 bytes, Stack size 0 bytes, startup_swm341.o(.text))
<BR><BR>[Calls]<UL><LI><a href="#[5]">&gt;&gt;</a>&nbsp;&nbsp;&nbsp;UsageFault_Handler
</UL>
<BR>[Called By]<UL><LI><a href="#[5]">&gt;&gt;</a>&nbsp;&nbsp;&nbsp;UsageFault_Handler
</UL>
<BR>[Address Reference Count : 1]<UL><LI> startup_swm341.o(RESET)
</UL>
<P><STRONG><a name="[6]"></a>SVC_Handler</STRONG> (Thumb, 2 bytes, Stack size 0 bytes, startup_swm341.o(.text))
<BR><BR>[Calls]<UL><LI><a href="#[6]">&gt;&gt;</a>&nbsp;&nbsp;&nbsp;SVC_Handler
</UL>
<BR>[Called By]<UL><LI><a href="#[6]">&gt;&gt;</a>&nbsp;&nbsp;&nbsp;SVC_Handler
</UL>
<BR>[Address Reference Count : 1]<UL><LI> startup_swm341.o(RESET)
</UL>
<P><STRONG><a name="[7]"></a>DebugMon_Handler</STRONG> (Thumb, 2 bytes, Stack size 0 bytes, startup_swm341.o(.text))
<BR><BR>[Calls]<UL><LI><a href="#[7]">&gt;&gt;</a>&nbsp;&nbsp;&nbsp;DebugMon_Handler
</UL>
<BR>[Called By]<UL><LI><a href="#[7]">&gt;&gt;</a>&nbsp;&nbsp;&nbsp;DebugMon_Handler
</UL>
<BR>[Address Reference Count : 1]<UL><LI> startup_swm341.o(RESET)
</UL>
<P><STRONG><a name="[8]"></a>PendSV_Handler</STRONG> (Thumb, 2 bytes, Stack size 0 bytes, startup_swm341.o(.text))
<BR><BR>[Calls]<UL><LI><a href="#[8]">&gt;&gt;</a>&nbsp;&nbsp;&nbsp;PendSV_Handler
</UL>
<BR>[Called By]<UL><LI><a href="#[8]">&gt;&gt;</a>&nbsp;&nbsp;&nbsp;PendSV_Handler
</UL>
<BR>[Address Reference Count : 1]<UL><LI> startup_swm341.o(RESET)
</UL>
<P><STRONG><a name="[9]"></a>SysTick_Handler</STRONG> (Thumb, 2 bytes, Stack size 0 bytes, startup_swm341.o(.text))
<BR><BR>[Calls]<UL><LI><a href="#[9]">&gt;&gt;</a>&nbsp;&nbsp;&nbsp;SysTick_Handler
</UL>
<BR>[Called By]<UL><LI><a href="#[9]">&gt;&gt;</a>&nbsp;&nbsp;&nbsp;SysTick_Handler
</UL>
<BR>[Address Reference Count : 1]<UL><LI> startup_swm341.o(RESET)
</UL>
<P><STRONG><a name="[a]"></a>UART0_Handler</STRONG> (Thumb, 2 bytes, Stack size 0 bytes, startup_swm341.o(.text))
<BR><BR>[Calls]<UL><LI><a href="#[a]">&gt;&gt;</a>&nbsp;&nbsp;&nbsp;UART0_Handler
</UL>
<BR>[Called By]<UL><LI><a href="#[a]">&gt;&gt;</a>&nbsp;&nbsp;&nbsp;UART0_Handler
</UL>
<BR>[Address Reference Count : 1]<UL><LI> startup_swm341.o(RESET)
</UL>
<P><STRONG><a name="[b]"></a>UART1_Handler</STRONG> (Thumb, 2 bytes, Stack size 0 bytes, startup_swm341.o(.text))
<BR><BR>[Calls]<UL><LI><a href="#[b]">&gt;&gt;</a>&nbsp;&nbsp;&nbsp;UART1_Handler
</UL>
<BR>[Called By]<UL><LI><a href="#[b]">&gt;&gt;</a>&nbsp;&nbsp;&nbsp;UART1_Handler
</UL>
<BR>[Address Reference Count : 1]<UL><LI> startup_swm341.o(RESET)
</UL>
<P><STRONG><a name="[c]"></a>TIMR0_Handler</STRONG> (Thumb, 2 bytes, Stack size 0 bytes, startup_swm341.o(.text))
<BR><BR>[Calls]<UL><LI><a href="#[c]">&gt;&gt;</a>&nbsp;&nbsp;&nbsp;TIMR0_Handler
</UL>
<BR>[Called By]<UL><LI><a href="#[c]">&gt;&gt;</a>&nbsp;&nbsp;&nbsp;TIMR0_Handler
</UL>
<BR>[Address Reference Count : 1]<UL><LI> startup_swm341.o(RESET)
</UL>
<P><STRONG><a name="[d]"></a>TIMR1_Handler</STRONG> (Thumb, 2 bytes, Stack size 0 bytes, startup_swm341.o(.text))
<BR><BR>[Calls]<UL><LI><a href="#[d]">&gt;&gt;</a>&nbsp;&nbsp;&nbsp;TIMR1_Handler
</UL>
<BR>[Called By]<UL><LI><a href="#[d]">&gt;&gt;</a>&nbsp;&nbsp;&nbsp;TIMR1_Handler
</UL>
<BR>[Address Reference Count : 1]<UL><LI> startup_swm341.o(RESET)
</UL>
<P><STRONG><a name="[e]"></a>DMA_Handler</STRONG> (Thumb, 2 bytes, Stack size 0 bytes, startup_swm341.o(.text))
<BR><BR>[Calls]<UL><LI><a href="#[e]">&gt;&gt;</a>&nbsp;&nbsp;&nbsp;DMA_Handler
</UL>
<BR>[Called By]<UL><LI><a href="#[e]">&gt;&gt;</a>&nbsp;&nbsp;&nbsp;DMA_Handler
</UL>
<BR>[Address Reference Count : 1]<UL><LI> startup_swm341.o(RESET)
</UL>
<P><STRONG><a name="[f]"></a>SPI0_Handler</STRONG> (Thumb, 2 bytes, Stack size 0 bytes, startup_swm341.o(.text))
<BR><BR>[Calls]<UL><LI><a href="#[f]">&gt;&gt;</a>&nbsp;&nbsp;&nbsp;SPI0_Handler
</UL>
<BR>[Called By]<UL><LI><a href="#[f]">&gt;&gt;</a>&nbsp;&nbsp;&nbsp;SPI0_Handler
</UL>
<BR>[Address Reference Count : 1]<UL><LI> startup_swm341.o(RESET)
</UL>
<P><STRONG><a name="[10]"></a>PWM0_Handler</STRONG> (Thumb, 2 bytes, Stack size 0 bytes, startup_swm341.o(.text))
<BR><BR>[Calls]<UL><LI><a href="#[10]">&gt;&gt;</a>&nbsp;&nbsp;&nbsp;PWM0_Handler
</UL>
<BR>[Called By]<UL><LI><a href="#[10]">&gt;&gt;</a>&nbsp;&nbsp;&nbsp;PWM0_Handler
</UL>
<BR>[Address Reference Count : 1]<UL><LI> startup_swm341.o(RESET)
</UL>
<P><STRONG><a name="[11]"></a>WDT_Handler</STRONG> (Thumb, 2 bytes, Stack size 0 bytes, startup_swm341.o(.text))
<BR><BR>[Calls]<UL><LI><a href="#[11]">&gt;&gt;</a>&nbsp;&nbsp;&nbsp;WDT_Handler
</UL>
<BR>[Called By]<UL><LI><a href="#[11]">&gt;&gt;</a>&nbsp;&nbsp;&nbsp;WDT_Handler
</UL>
<BR>[Address Reference Count : 1]<UL><LI> startup_swm341.o(RESET)
</UL>
<P><STRONG><a name="[12]"></a>UART2_Handler</STRONG> (Thumb, 2 bytes, Stack size 0 bytes, startup_swm341.o(.text))
<BR><BR>[Calls]<UL><LI><a href="#[12]">&gt;&gt;</a>&nbsp;&nbsp;&nbsp;UART2_Handler
</UL>
<BR>[Called By]<UL><LI><a href="#[12]">&gt;&gt;</a>&nbsp;&nbsp;&nbsp;UART2_Handler
</UL>
<BR>[Address Reference Count : 1]<UL><LI> startup_swm341.o(RESET)
</UL>
<P><STRONG><a name="[13]"></a>PWM1_Handler</STRONG> (Thumb, 2 bytes, Stack size 0 bytes, startup_swm341.o(.text))
<BR><BR>[Calls]<UL><LI><a href="#[13]">&gt;&gt;</a>&nbsp;&nbsp;&nbsp;PWM1_Handler
</UL>
<BR>[Called By]<UL><LI><a href="#[13]">&gt;&gt;</a>&nbsp;&nbsp;&nbsp;PWM1_Handler
</UL>
<BR>[Address Reference Count : 1]<UL><LI> startup_swm341.o(RESET)
</UL>
<P><STRONG><a name="[14]"></a>ADC0_Handler</STRONG> (Thumb, 2 bytes, Stack size 0 bytes, startup_swm341.o(.text))
<BR><BR>[Calls]<UL><LI><a href="#[14]">&gt;&gt;</a>&nbsp;&nbsp;&nbsp;ADC0_Handler
</UL>
<BR>[Called By]<UL><LI><a href="#[14]">&gt;&gt;</a>&nbsp;&nbsp;&nbsp;ADC0_Handler
</UL>
<BR>[Address Reference Count : 1]<UL><LI> startup_swm341.o(RESET)
</UL>
<P><STRONG><a name="[15]"></a>BTIMR0_Handler</STRONG> (Thumb, 2 bytes, Stack size 0 bytes, startup_swm341.o(.text))
<BR><BR>[Calls]<UL><LI><a href="#[15]">&gt;&gt;</a>&nbsp;&nbsp;&nbsp;BTIMR0_Handler
</UL>
<BR>[Called By]<UL><LI><a href="#[15]">&gt;&gt;</a>&nbsp;&nbsp;&nbsp;BTIMR0_Handler
</UL>
<BR>[Address Reference Count : 1]<UL><LI> startup_swm341.o(RESET)
</UL>
<P><STRONG><a name="[16]"></a>HALL0_Handler</STRONG> (Thumb, 2 bytes, Stack size 0 bytes, startup_swm341.o(.text))
<BR><BR>[Calls]<UL><LI><a href="#[16]">&gt;&gt;</a>&nbsp;&nbsp;&nbsp;HALL0_Handler
</UL>
<BR>[Called By]<UL><LI><a href="#[16]">&gt;&gt;</a>&nbsp;&nbsp;&nbsp;HALL0_Handler
</UL>
<BR>[Address Reference Count : 1]<UL><LI> startup_swm341.o(RESET)
</UL>
<P><STRONG><a name="[17]"></a>PWM2_Handler</STRONG> (Thumb, 2 bytes, Stack size 0 bytes, startup_swm341.o(.text))
<BR><BR>[Calls]<UL><LI><a href="#[17]">&gt;&gt;</a>&nbsp;&nbsp;&nbsp;PWM2_Handler
</UL>
<BR>[Called By]<UL><LI><a href="#[17]">&gt;&gt;</a>&nbsp;&nbsp;&nbsp;PWM2_Handler
</UL>
<BR>[Address Reference Count : 1]<UL><LI> startup_swm341.o(RESET)
</UL>
<P><STRONG><a name="[18]"></a>PWMBRK_Handler</STRONG> (Thumb, 2 bytes, Stack size 0 bytes, startup_swm341.o(.text))
<BR><BR>[Calls]<UL><LI><a href="#[18]">&gt;&gt;</a>&nbsp;&nbsp;&nbsp;PWMBRK_Handler
</UL>
<BR>[Called By]<UL><LI><a href="#[18]">&gt;&gt;</a>&nbsp;&nbsp;&nbsp;PWMBRK_Handler
</UL>
<BR>[Address Reference Count : 1]<UL><LI> startup_swm341.o(RESET)
</UL>
<P><STRONG><a name="[19]"></a>I2C0_Handler</STRONG> (Thumb, 2 bytes, Stack size 0 bytes, startup_swm341.o(.text))
<BR><BR>[Calls]<UL><LI><a href="#[19]">&gt;&gt;</a>&nbsp;&nbsp;&nbsp;I2C0_Handler
</UL>
<BR>[Called By]<UL><LI><a href="#[19]">&gt;&gt;</a>&nbsp;&nbsp;&nbsp;I2C0_Handler
</UL>
<BR>[Address Reference Count : 1]<UL><LI> startup_swm341.o(RESET)
</UL>
<P><STRONG><a name="[1a]"></a>CAN0_Handler</STRONG> (Thumb, 2 bytes, Stack size 0 bytes, startup_swm341.o(.text))
<BR><BR>[Calls]<UL><LI><a href="#[1a]">&gt;&gt;</a>&nbsp;&nbsp;&nbsp;CAN0_Handler
</UL>
<BR>[Called By]<UL><LI><a href="#[1a]">&gt;&gt;</a>&nbsp;&nbsp;&nbsp;CAN0_Handler
</UL>
<BR>[Address Reference Count : 1]<UL><LI> startup_swm341.o(RESET)
</UL>
<P><STRONG><a name="[1b]"></a>SPI1_Handler</STRONG> (Thumb, 2 bytes, Stack size 0 bytes, startup_swm341.o(.text))
<BR><BR>[Calls]<UL><LI><a href="#[1b]">&gt;&gt;</a>&nbsp;&nbsp;&nbsp;SPI1_Handler
</UL>
<BR>[Called By]<UL><LI><a href="#[1b]">&gt;&gt;</a>&nbsp;&nbsp;&nbsp;SPI1_Handler
</UL>
<BR>[Address Reference Count : 1]<UL><LI> startup_swm341.o(RESET)
</UL>
<P><STRONG><a name="[1c]"></a>RTC_Handler</STRONG> (Thumb, 2 bytes, Stack size 0 bytes, startup_swm341.o(.text))
<BR><BR>[Calls]<UL><LI><a href="#[1c]">&gt;&gt;</a>&nbsp;&nbsp;&nbsp;RTC_Handler
</UL>
<BR>[Called By]<UL><LI><a href="#[1c]">&gt;&gt;</a>&nbsp;&nbsp;&nbsp;RTC_Handler
</UL>
<BR>[Address Reference Count : 1]<UL><LI> startup_swm341.o(RESET)
</UL>
<P><STRONG><a name="[1d]"></a>PWM3_Handler</STRONG> (Thumb, 2 bytes, Stack size 0 bytes, startup_swm341.o(.text))
<BR><BR>[Calls]<UL><LI><a href="#[1d]">&gt;&gt;</a>&nbsp;&nbsp;&nbsp;PWM3_Handler
</UL>
<BR>[Called By]<UL><LI><a href="#[1d]">&gt;&gt;</a>&nbsp;&nbsp;&nbsp;PWM3_Handler
</UL>
<BR>[Address Reference Count : 1]<UL><LI> startup_swm341.o(RESET)
</UL>
<P><STRONG><a name="[1e]"></a>TIMR2_Handler</STRONG> (Thumb, 2 bytes, Stack size 0 bytes, startup_swm341.o(.text))
<BR><BR>[Calls]<UL><LI><a href="#[1e]">&gt;&gt;</a>&nbsp;&nbsp;&nbsp;TIMR2_Handler
</UL>
<BR>[Called By]<UL><LI><a href="#[1e]">&gt;&gt;</a>&nbsp;&nbsp;&nbsp;TIMR2_Handler
</UL>
<BR>[Address Reference Count : 1]<UL><LI> startup_swm341.o(RESET)
</UL>
[...]

<P><STRONG><a name="[b2]"></a>dir_find</STRONG> (Thumb, 450 bytes, Stack size 40 bytes, ff.o(.text))
<BR><BR>[Stack]<UL><LI>Max Depth = 336<LI>Call Chain = dir_find &rArr; dir_next &rArr; create_chain &rArr; put_fat &rArr; move_window &rArr; sync_window &rArr; disk_write &rArr; SDIO_MultiBlockWrite &rArr; _SDIO_SendCmd
</UL>
<BR>[Calls]<UL><LI><a href="#[d8]">&gt;&gt;</a>&nbsp;&nbsp;&nbsp;cmp_lfn
<LI><a href="#[d4]">&gt;&gt;</a>&nbsp;&nbsp;&nbsp;mem_cmp
<LI><a href="#[b8]">&gt;&gt;</a>&nbsp;&nbsp;&nbsp;dir_next
<LI><a href="#[b6]">&gt;&gt;</a>&nbsp;&nbsp;&nbsp;sum_sfn
<LI><a href="#[b0]">&gt;&gt;</a>&nbsp;&nbsp;&nbsp;dir_sdi
<LI><a href="#[a6]">&gt;&gt;</a>&nbsp;&nbsp;&nbsp;move_window
</UL>
<BR>[Called By]<UL><LI><a href="#[a8]">&gt;&gt;</a>&nbsp;&nbsp;&nbsp;dir_register
<LI><a href="#[a7]">&gt;&gt;</a>&nbsp;&nbsp;&nbsp;follow_path
</UL>

<P><STRONG><a name="[b3]"></a>mem_cpy</STRONG> (Thumb, 60 bytes, Stack size 20 bytes, ff.o(.text))
<BR><BR>[Stack]<UL><LI>Max Depth = 20<LI>Call Chain = mem_cpy
</UL>
<BR>[Called By]<UL><LI><a href="#[d1]">&gt;&gt;</a>&nbsp;&nbsp;&nbsp;f_mkfs
<LI><a href="#[d0]">&gt;&gt;</a>&nbsp;&nbsp;&nbsp;f_rename
<LI><a href="#[cf]">&gt;&gt;</a>&nbsp;&nbsp;&nbsp;f_mkdir
<LI><a href="#[bd]">&gt;&gt;</a>&nbsp;&nbsp;&nbsp;f_write
<LI><a href="#[b4]">&gt;&gt;</a>&nbsp;&nbsp;&nbsp;gen_numname
<LI><a href="#[a8]">&gt;&gt;</a>&nbsp;&nbsp;&nbsp;dir_register
<LI><a href="#[7b]">&gt;&gt;</a>&nbsp;&nbsp;&nbsp;f_read
</UL>

<P><STRONG><a name="[b4]"></a>gen_numname</STRONG> (Thumb, 364 bytes, Stack size 64 bytes, ff.o(.text))
<BR><BR>[Stack]<UL><LI>Max Depth = 84<LI>Call Chain = gen_numname &rArr; mem_cpy
</UL>
<BR>[Calls]<UL><LI><a href="#[d9]">&gt;&gt;</a>&nbsp;&nbsp;&nbsp;dbc_1st
<LI><a href="#[b3]">&gt;&gt;</a>&nbsp;&nbsp;&nbsp;mem_cpy
</UL>
<BR>[Called By]<UL><LI><a href="#[a8]">&gt;&gt;</a>&nbsp;&nbsp;&nbsp;dir_register
</UL>

<P><STRONG><a name="[b5]"></a>dir_alloc</STRONG> (Thumb, 162 bytes, Stack size 32 bytes, ff.o(.text))
<BR><BR>[Stack]<UL><LI>Max Depth = 328<LI>Call Chain = dir_alloc &rArr; dir_next &rArr; create_chain &rArr; put_fat &rArr; move_window &rArr; sync_window &rArr; disk_write &rArr; SDIO_MultiBlockWrite &rArr; _SDIO_SendCmd
</UL>
<BR>[Calls]<UL><LI><a href="#[b8]">&gt;&gt;</a>&nbsp;&nbsp;&nbsp;dir_next
<LI><a href="#[b0]">&gt;&gt;</a>&nbsp;&nbsp;&nbsp;dir_sdi
<LI><a href="#[a6]">&gt;&gt;</a>&nbsp;&nbsp;&nbsp;move_window
</UL>
<BR>[Called By]<UL><LI><a href="#[a8]">&gt;&gt;</a>&nbsp;&nbsp;&nbsp;dir_register
</UL>

<P><STRONG><a name="[b6]"></a>sum_sfn</STRONG> (Thumb, 62 bytes, Stack size 12 bytes, ff.o(.text))
<BR><BR>[Stack]<UL><LI>Max Depth = 12<LI>Call Chain = sum_sfn
</UL>
<BR>[Called By]<UL><LI><a href="#[c6]">&gt;&gt;</a>&nbsp;&nbsp;&nbsp;dir_read
<LI><a href="#[b2]">&gt;&gt;</a>&nbsp;&nbsp;&nbsp;dir_find
<LI><a href="#[a8]">&gt;&gt;</a>&nbsp;&nbsp;&nbsp;dir_register
</UL>

<P><STRONG><a name="[b7]"></a>put_lfn</STRONG> (Thumb, 210 bytes, Stack size 40 bytes, ff.o(.text))
<BR><BR>[Stack]<UL><LI>Max Depth = 48<LI>Call Chain = put_lfn &rArr; st_word
</UL>
<BR>[Calls]<UL><LI><a href="#[b9]">&gt;&gt;</a>&nbsp;&nbsp;&nbsp;st_word
</UL>
<BR>[Called By]<UL><LI><a href="#[a8]">&gt;&gt;</a>&nbsp;&nbsp;&nbsp;dir_register
</UL>

<P><STRONG><a name="[b8]"></a>dir_next</STRONG> (Thumb, 344 bytes, Stack size 32 bytes, ff.o(.text))
<BR><BR>[Stack]<UL><LI>Max Depth = 296<LI>Call Chain = dir_next &rArr; create_chain &rArr; put_fat &rArr; move_window &rArr; sync_window &rArr; disk_write &rArr; SDIO_MultiBlockWrite &rArr; _SDIO_SendCmd
</UL>
<BR>[Calls]<UL><LI><a href="#[ca]">&gt;&gt;</a>&nbsp;&nbsp;&nbsp;dir_clear
<LI><a href="#[be]">&gt;&gt;</a>&nbsp;&nbsp;&nbsp;create_chain
<LI><a href="#[af]">&gt;&gt;</a>&nbsp;&nbsp;&nbsp;clst2sect
<LI><a href="#[ae]">&gt;&gt;</a>&nbsp;&nbsp;&nbsp;get_fat
</UL>
<BR>[Called By]<UL><LI><a href="#[c5]">&gt;&gt;</a>&nbsp;&nbsp;&nbsp;f_readdir
<LI><a href="#[ce]">&gt;&gt;</a>&nbsp;&nbsp;&nbsp;dir_remove
<LI><a href="#[c6]">&gt;&gt;</a>&nbsp;&nbsp;&nbsp;dir_read
<LI><a href="#[b5]">&gt;&gt;</a>&nbsp;&nbsp;&nbsp;dir_alloc
<LI><a href="#[b2]">&gt;&gt;</a>&nbsp;&nbsp;&nbsp;dir_find
<LI><a href="#[a8]">&gt;&gt;</a>&nbsp;&nbsp;&nbsp;dir_register
</UL>

<P><STRONG><a name="[b9]"></a>st_word</STRONG> (Thumb, 44 bytes, Stack size 8 bytes, ff.o(.text))
<BR><BR>[Stack]<UL><LI>Max Depth = 8<LI>Call Chain = st_word
</UL>
<BR>[Called By]<UL><LI><a href="#[d1]">&gt;&gt;</a>&nbsp;&nbsp;&nbsp;f_mkfs
<LI><a href="#[bf]">&gt;&gt;</a>&nbsp;&nbsp;&nbsp;f_sync
<LI><a href="#[d2]">&gt;&gt;</a>&nbsp;&nbsp;&nbsp;create_partition
<LI><a href="#[c0]">&gt;&gt;</a>&nbsp;&nbsp;&nbsp;sync_fs
<LI><a href="#[ba]">&gt;&gt;</a>&nbsp;&nbsp;&nbsp;put_fat
<LI><a href="#[b7]">&gt;&gt;</a>&nbsp;&nbsp;&nbsp;put_lfn
<LI><a href="#[ab]">&gt;&gt;</a>&nbsp;&nbsp;&nbsp;st_clust
</UL>

<P><STRONG><a name="[ba]"></a>put_fat</STRONG> (Thumb, 434 bytes, Stack size 48 bytes, ff.o(.text))
<BR><BR>[Stack]<UL><LI>Max Depth = 224<LI>Call Chain = put_fat &rArr; move_window &rArr; sync_window &rArr; disk_write &rArr; SDIO_MultiBlockWrite &rArr; _SDIO_SendCmd
</UL>
<BR>[Calls]<UL><LI><a href="#[b9]">&gt;&gt;</a>&nbsp;&nbsp;&nbsp;st_word
<LI><a href="#[aa]">&gt;&gt;</a>&nbsp;&nbsp;&nbsp;st_dword
<LI><a href="#[a6]">&gt;&gt;</a>&nbsp;&nbsp;&nbsp;move_window
<LI><a href="#[a5]">&gt;&gt;</a>&nbsp;&nbsp;&nbsp;ld_dword
</UL>
<BR>[Called By]<UL><LI><a href="#[be]">&gt;&gt;</a>&nbsp;&nbsp;&nbsp;create_chain
<LI><a href="#[ac]">&gt;&gt;</a>&nbsp;&nbsp;&nbsp;remove_chain
</UL>

<P><STRONG><a name="[bb]"></a>sync_window</STRONG> (Thumb, 116 bytes, Stack size 16 bytes, ff.o(.text))
<BR><BR>[Stack]<UL><LI>Max Depth = 152<LI>Call Chain = sync_window &rArr; disk_write &rArr; SDIO_MultiBlockWrite &rArr; _SDIO_SendCmd
</UL>
<BR>[Calls]<UL><LI><a href="#[9d]">&gt;&gt;</a>&nbsp;&nbsp;&nbsp;disk_write
</UL>
<BR>[Called By]<UL><LI><a href="#[ca]">&gt;&gt;</a>&nbsp;&nbsp;&nbsp;dir_clear
<LI><a href="#[c0]">&gt;&gt;</a>&nbsp;&nbsp;&nbsp;sync_fs
<LI><a href="#[a6]">&gt;&gt;</a>&nbsp;&nbsp;&nbsp;move_window
</UL>

<P><STRONG><a name="[bc]"></a>validate</STRONG> (Thumb, 114 bytes, Stack size 24 bytes, ff.o(.text))
<BR><BR>[Stack]<UL><LI>Max Depth = 32<LI>Call Chain = validate &rArr; disk_status
</UL>
<BR>[Calls]<UL><LI><a href="#[a2]">&gt;&gt;</a>&nbsp;&nbsp;&nbsp;disk_status
</UL>
<BR>[Called By]<UL><LI><a href="#[cc]">&gt;&gt;</a>&nbsp;&nbsp;&nbsp;f_truncate
<LI><a href="#[c5]">&gt;&gt;</a>&nbsp;&nbsp;&nbsp;f_readdir
<LI><a href="#[c4]">&gt;&gt;</a>&nbsp;&nbsp;&nbsp;f_closedir
<LI><a href="#[c2]">&gt;&gt;</a>&nbsp;&nbsp;&nbsp;f_lseek
<LI><a href="#[bf]">&gt;&gt;</a>&nbsp;&nbsp;&nbsp;f_sync
<LI><a href="#[bd]">&gt;&gt;</a>&nbsp;&nbsp;&nbsp;f_write
<LI><a href="#[7c]">&gt;&gt;</a>&nbsp;&nbsp;&nbsp;f_close
<LI><a href="#[7b]">&gt;&gt;</a>&nbsp;&nbsp;&nbsp;f_read
</UL>

<P><STRONG><a name="[be]"></a>create_chain</STRONG> (Thumb, 482 bytes, Stack size 40 bytes, ff.o(.text))
<BR><BR>[Stack]<UL><LI>Max Depth = 264<LI>Call Chain = create_chain &rArr; put_fat &rArr; move_window &rArr; sync_window &rArr; disk_write &rArr; SDIO_MultiBlockWrite &rArr; _SDIO_SendCmd
</UL>
<BR>[Calls]<UL><LI><a href="#[ba]">&gt;&gt;</a>&nbsp;&nbsp;&nbsp;put_fat
<LI><a href="#[ae]">&gt;&gt;</a>&nbsp;&nbsp;&nbsp;get_fat
</UL>
<BR>[Called By]<UL><LI><a href="#[cf]">&gt;&gt;</a>&nbsp;&nbsp;&nbsp;f_mkdir
<LI><a href="#[c2]">&gt;&gt;</a>&nbsp;&nbsp;&nbsp;f_lseek
<LI><a href="#[bd]">&gt;&gt;</a>&nbsp;&nbsp;&nbsp;f_write
<LI><a href="#[b8]">&gt;&gt;</a>&nbsp;&nbsp;&nbsp;dir_next
</UL>

<P><STRONG><a name="[c0]"></a>sync_fs</STRONG> (Thumb, 200 bytes, Stack size 24 bytes, ff.o(.text))
<BR><BR>[Stack]<UL><LI>Max Depth = 176<LI>Call Chain = sync_fs &rArr; sync_window &rArr; disk_write &rArr; SDIO_MultiBlockWrite &rArr; _SDIO_SendCmd
</UL>
<BR>[Calls]<UL><LI><a href="#[bb]">&gt;&gt;</a>&nbsp;&nbsp;&nbsp;sync_window
<LI><a href="#[b9]">&gt;&gt;</a>&nbsp;&nbsp;&nbsp;st_word
<LI><a href="#[ad]">&gt;&gt;</a>&nbsp;&nbsp;&nbsp;mem_set
<LI><a href="#[aa]">&gt;&gt;</a>&nbsp;&nbsp;&nbsp;st_dword
<LI><a href="#[c1]">&gt;&gt;</a>&nbsp;&nbsp;&nbsp;disk_ioctl
<LI><a href="#[9d]">&gt;&gt;</a>&nbsp;&nbsp;&nbsp;disk_write
</UL>
<BR>[Called By]<UL><LI><a href="#[d0]">&gt;&gt;</a>&nbsp;&nbsp;&nbsp;f_rename
<LI><a href="#[cf]">&gt;&gt;</a>&nbsp;&nbsp;&nbsp;f_mkdir
<LI><a href="#[cd]">&gt;&gt;</a>&nbsp;&nbsp;&nbsp;f_unlink
<LI><a href="#[bf]">&gt;&gt;</a>&nbsp;&nbsp;&nbsp;f_sync
</UL>

<P><STRONG><a name="[c6]"></a>dir_read</STRONG> (Thumb, 388 bytes, Stack size 40 bytes, ff.o(.text), UNUSED)
<BR><BR>[Calls]<UL><LI><a href="#[c8]">&gt;&gt;</a>&nbsp;&nbsp;&nbsp;pick_lfn
<LI><a href="#[b8]">&gt;&gt;</a>&nbsp;&nbsp;&nbsp;dir_next
<LI><a href="#[b6]">&gt;&gt;</a>&nbsp;&nbsp;&nbsp;sum_sfn
<LI><a href="#[a6]">&gt;&gt;</a>&nbsp;&nbsp;&nbsp;move_window
</UL>
<BR>[Called By]<UL><LI><a href="#[cd]">&gt;&gt;</a>&nbsp;&nbsp;&nbsp;f_unlink
<LI><a href="#[c5]">&gt;&gt;</a>&nbsp;&nbsp;&nbsp;f_readdir
</UL>

<P><STRONG><a name="[c7]"></a>get_fileinfo</STRONG> (Thumb, 596 bytes, Stack size 40 bytes, ff.o(.text))
<BR><BR>[Stack]<UL><LI>Max Depth = 88<LI>Call Chain = get_fileinfo &rArr; put_utf &rArr; ff_uni2oem
</UL>
<BR>[Calls]<UL><LI><a href="#[c9]">&gt;&gt;</a>&nbsp;&nbsp;&nbsp;put_utf
<LI><a href="#[a5]">&gt;&gt;</a>&nbsp;&nbsp;&nbsp;ld_dword
<LI><a href="#[a4]">&gt;&gt;</a>&nbsp;&nbsp;&nbsp;ld_word
</UL>
<BR>[Called By]<UL><LI><a href="#[c5]">&gt;&gt;</a>&nbsp;&nbsp;&nbsp;f_readdir
<LI><a href="#[7a]">&gt;&gt;</a>&nbsp;&nbsp;&nbsp;f_stat
</UL>

<P><STRONG><a name="[c8]"></a>pick_lfn</STRONG> (Thumb, 226 bytes, Stack size 32 bytes, ff.o(.text), UNUSED)
<BR><BR>[Calls]<UL><LI><a href="#[a4]">&gt;&gt;</a>&nbsp;&nbsp;&nbsp;ld_word
</UL>
<BR>[Called By]<UL><LI><a href="#[c6]">&gt;&gt;</a>&nbsp;&nbsp;&nbsp;dir_read
</UL>

<P><STRONG><a name="[c9]"></a>put_utf</STRONG> (Thumb, 134 bytes, Stack size 32 bytes, ff.o(.text))
<BR><BR>[Stack]<UL><LI>Max Depth = 48<LI>Call Chain = put_utf &rArr; ff_uni2oem
</UL>
<BR>[Calls]<UL><LI><a href="#[d7]">&gt;&gt;</a>&nbsp;&nbsp;&nbsp;ff_uni2oem
</UL>
<BR>[Called By]<UL><LI><a href="#[c7]">&gt;&gt;</a>&nbsp;&nbsp;&nbsp;get_fileinfo
</UL>

<P><STRONG><a name="[ca]"></a>dir_clear</STRONG> (Thumb, 164 bytes, Stack size 48 bytes, ff.o(.text))
<BR><BR>[Stack]<UL><LI>Max Depth = 200<LI>Call Chain = dir_clear &rArr; sync_window &rArr; disk_write &rArr; SDIO_MultiBlockWrite &rArr; _SDIO_SendCmd
</UL>
<BR>[Calls]<UL><LI><a href="#[bb]">&gt;&gt;</a>&nbsp;&nbsp;&nbsp;sync_window
<LI><a href="#[af]">&gt;&gt;</a>&nbsp;&nbsp;&nbsp;clst2sect
<LI><a href="#[ad]">&gt;&gt;</a>&nbsp;&nbsp;&nbsp;mem_set
<LI><a href="#[9d]">&gt;&gt;</a>&nbsp;&nbsp;&nbsp;disk_write
</UL>
<BR>[Called By]<UL><LI><a href="#[cf]">&gt;&gt;</a>&nbsp;&nbsp;&nbsp;f_mkdir
<LI><a href="#[b8]">&gt;&gt;</a>&nbsp;&nbsp;&nbsp;dir_next
</UL>

<P><STRONG><a name="[ce]"></a>dir_remove</STRONG> (Thumb, 166 bytes, Stack size 32 bytes, ff.o(.text), UNUSED)
<BR><BR>[Calls]<UL><LI><a href="#[b8]">&gt;&gt;</a>&nbsp;&nbsp;&nbsp;dir_next
<LI><a href="#[b0]">&gt;&gt;</a>&nbsp;&nbsp;&nbsp;dir_sdi
<LI><a href="#[a6]">&gt;&gt;</a>&nbsp;&nbsp;&nbsp;move_window
</UL>
<BR>[Called By]<UL><LI><a href="#[d0]">&gt;&gt;</a>&nbsp;&nbsp;&nbsp;f_rename
<LI><a href="#[cd]">&gt;&gt;</a>&nbsp;&nbsp;&nbsp;f_unlink
</UL>

<P><STRONG><a name="[d2]"></a>create_partition</STRONG> (Thumb, 648 bytes, Stack size 72 bytes, ff.o(.text), UNUSED)
<BR><BR>[Calls]<UL><LI><a href="#[b9]">&gt;&gt;</a>&nbsp;&nbsp;&nbsp;st_word
<LI><a href="#[ad]">&gt;&gt;</a>&nbsp;&nbsp;&nbsp;mem_set
<LI><a href="#[aa]">&gt;&gt;</a>&nbsp;&nbsp;&nbsp;st_dword
<LI><a href="#[c1]">&gt;&gt;</a>&nbsp;&nbsp;&nbsp;disk_ioctl
<LI><a href="#[9d]">&gt;&gt;</a>&nbsp;&nbsp;&nbsp;disk_write
</UL>
<BR>[Called By]<UL><LI><a href="#[d1]">&gt;&gt;</a>&nbsp;&nbsp;&nbsp;f_mkfs
</UL>

<P><STRONG><a name="[d3]"></a>check_fs</STRONG> (Thumb, 172 bytes, Stack size 24 bytes, ff.o(.text))
<BR><BR>[Stack]<UL><LI>Max Depth = 200<LI>Call Chain = check_fs &rArr; move_window &rArr; sync_window &rArr; disk_write &rArr; SDIO_MultiBlockWrite &rArr; _SDIO_SendCmd
</UL>
<BR>[Calls]<UL><LI><a href="#[d4]">&gt;&gt;</a>&nbsp;&nbsp;&nbsp;mem_cmp
<LI><a href="#[a6]">&gt;&gt;</a>&nbsp;&nbsp;&nbsp;move_window
<LI><a href="#[a4]">&gt;&gt;</a>&nbsp;&nbsp;&nbsp;ld_word
</UL>
<BR>[Called By]<UL><LI><a href="#[a3]">&gt;&gt;</a>&nbsp;&nbsp;&nbsp;find_volume
</UL>

<P><STRONG><a name="[d4]"></a>mem_cmp</STRONG> (Thumb, 86 bytes, Stack size 28 bytes, ff.o(.text))
<BR><BR>[Stack]<UL><LI>Max Depth = 28<LI>Call Chain = mem_cmp
</UL>
<BR>[Called By]<UL><LI><a href="#[d3]">&gt;&gt;</a>&nbsp;&nbsp;&nbsp;check_fs
<LI><a href="#[b2]">&gt;&gt;</a>&nbsp;&nbsp;&nbsp;dir_find
</UL>

<P><STRONG><a name="[d5]"></a>tchar2uni</STRONG> (Thumb, 152 bytes, Stack size 32 bytes, ff.o(.text))
<BR><BR>[Stack]<UL><LI>Max Depth = 44<LI>Call Chain = tchar2uni &rArr; ff_oem2uni
</UL>
<BR>[Calls]<UL><LI><a href="#[db]">&gt;&gt;</a>&nbsp;&nbsp;&nbsp;ff_oem2uni
<LI><a href="#[da]">&gt;&gt;</a>&nbsp;&nbsp;&nbsp;dbc_2nd
<LI><a href="#[d9]">&gt;&gt;</a>&nbsp;&nbsp;&nbsp;dbc_1st
</UL>
<BR>[Called By]<UL><LI><a href="#[b1]">&gt;&gt;</a>&nbsp;&nbsp;&nbsp;create_name
</UL>

<P><STRONG><a name="[d6]"></a>chk_chr</STRONG> (Thumb, 60 bytes, Stack size 12 bytes, ff.o(.text))
<BR><BR>[Stack]<UL><LI>Max Depth = 12<LI>Call Chain = chk_chr
</UL>
<BR>[Called By]<UL><LI><a href="#[b1]">&gt;&gt;</a>&nbsp;&nbsp;&nbsp;create_name
</UL>

<P><STRONG><a name="[d8]"></a>cmp_lfn</STRONG> (Thumb, 238 bytes, Stack size 40 bytes, ff.o(.text))
<BR><BR>[Stack]<UL><LI>Max Depth = 60<LI>Call Chain = cmp_lfn &rArr; ff_wtoupper
</UL>
<BR>[Calls]<UL><LI><a href="#[dc]">&gt;&gt;</a>&nbsp;&nbsp;&nbsp;ff_wtoupper
<LI><a href="#[a4]">&gt;&gt;</a>&nbsp;&nbsp;&nbsp;ld_word
</UL>
<BR>[Called By]<UL><LI><a href="#[b2]">&gt;&gt;</a>&nbsp;&nbsp;&nbsp;dir_find
</UL>

<P><STRONG><a name="[d9]"></a>dbc_1st</STRONG> (Thumb, 32 bytes, Stack size 8 bytes, ff.o(.text))
<BR><BR>[Stack]<UL><LI>Max Depth = 8<LI>Call Chain = dbc_1st
</UL>
<BR>[Called By]<UL><LI><a href="#[d5]">&gt;&gt;</a>&nbsp;&nbsp;&nbsp;tchar2uni
<LI><a href="#[b4]">&gt;&gt;</a>&nbsp;&nbsp;&nbsp;gen_numname
</UL>

<P><STRONG><a name="[da]"></a>dbc_2nd</STRONG> (Thumb, 32 bytes, Stack size 8 bytes, ff.o(.text))
<BR><BR>[Stack]<UL><LI>Max Depth = 8<LI>Call Chain = dbc_2nd
</UL>
<BR>[Called By]<UL><LI><a href="#[d5]">&gt;&gt;</a>&nbsp;&nbsp;&nbsp;tchar2uni
</UL>

<P><STRONG><a name="[de]"></a>__NVIC_EnableIRQ</STRONG> (Thumb, 48 bytes, Stack size 4 bytes, swm341_uart.o(.text))
<BR><BR>[Stack]<UL><LI>Max Depth = 4<LI>Call Chain = __NVIC_EnableIRQ
</UL>
<BR>[Called By]<UL><LI><a href="#[8c]">&gt;&gt;</a>&nbsp;&nbsp;&nbsp;UART_Init
</UL>

<P><STRONG><a name="[df]"></a>__NVIC_DisableIRQ</STRONG> (Thumb, 56 bytes, Stack size 4 bytes, swm341_uart.o(.text))
<BR><BR>[Stack]<UL><LI>Max Depth = 4<LI>Call Chain = __NVIC_DisableIRQ
</UL>
<BR>[Called By]<UL><LI><a href="#[8c]">&gt;&gt;</a>&nbsp;&nbsp;&nbsp;UART_Init
</UL>

<P><STRONG><a name="[e0]"></a>__NVIC_EnableIRQ</STRONG> (Thumb, 48 bytes, Stack size 4 bytes, swm341_lcd.o(.text))
<BR><BR>[Stack]<UL><LI>Max Depth = 4<LI>Call Chain = __NVIC_EnableIRQ
</UL>
<BR>[Called By]<UL><LI><a href="#[89]">&gt;&gt;</a>&nbsp;&nbsp;&nbsp;LCD_Init
</UL>

<P><STRONG><a name="[ec]"></a>__NVIC_EnableIRQ</STRONG> (Thumb, 48 bytes, Stack size 4 bytes, swm341_jpeg.o(.text))
<BR><BR>[Stack]<UL><LI>Max Depth = 4<LI>Call Chain = __NVIC_EnableIRQ
</UL>
<BR>[Called By]<UL><LI><a href="#[72]">&gt;&gt;</a>&nbsp;&nbsp;&nbsp;JPEG_Init
</UL>

<P><STRONG><a name="[ed]"></a>__NVIC_DisableIRQ</STRONG> (Thumb, 56 bytes, Stack size 4 bytes, swm341_jpeg.o(.text))
<BR><BR>[Stack]<UL><LI>Max Depth = 4<LI>Call Chain = __NVIC_DisableIRQ
</UL>
<BR>[Called By]<UL><LI><a href="#[72]">&gt;&gt;</a>&nbsp;&nbsp;&nbsp;JPEG_Init
</UL>

<P><STRONG><a name="[f2]"></a>__NVIC_EnableIRQ</STRONG> (Thumb, 48 bytes, Stack size 4 bytes, swm341_dma2d.o(.text))
<BR><BR>[Stack]<UL><LI>Max Depth = 4<LI>Call Chain = __NVIC_EnableIRQ
</UL>
<BR>[Called By]<UL><LI><a href="#[90]">&gt;&gt;</a>&nbsp;&nbsp;&nbsp;DMA2D_Init
</UL>

<P><STRONG><a name="[f8]"></a>delay_3ms</STRONG> (Thumb, 118 bytes, Stack size 4 bytes, system_swm341.o(.text))
<BR><BR>[Stack]<UL><LI>Max Depth = 4<LI>Call Chain = delay_3ms
</UL>
<BR>[Called By]<UL><LI><a href="#[fe]">&gt;&gt;</a>&nbsp;&nbsp;&nbsp;switchToXTAL_32K
<LI><a href="#[fd]">&gt;&gt;</a>&nbsp;&nbsp;&nbsp;switchTo32KHz
<LI><a href="#[fc]">&gt;&gt;</a>&nbsp;&nbsp;&nbsp;switchToXTAL
<LI><a href="#[fb]">&gt;&gt;</a>&nbsp;&nbsp;&nbsp;switchTo5MHz
<LI><a href="#[fa]">&gt;&gt;</a>&nbsp;&nbsp;&nbsp;switchTo40MHz
<LI><a href="#[f9]">&gt;&gt;</a>&nbsp;&nbsp;&nbsp;switchTo2M5Hz
<LI><a href="#[f7]">&gt;&gt;</a>&nbsp;&nbsp;&nbsp;PLLInit
<LI><a href="#[f6]">&gt;&gt;</a>&nbsp;&nbsp;&nbsp;switchTo20MHz
</UL>

<P><STRONG><a name="[ff]"></a>spi_gpio_config</STRONG> (Thumb, 142 bytes, Stack size 32 bytes, kd034_st7701s.o(.text))
<BR><BR>[Stack]<UL><LI>Max Depth = 80<LI>Call Chain = spi_gpio_config &rArr; GPIO_Init &rArr; PORT_Init
</UL>
<BR>[Calls]<UL><LI><a href="#[6d]">&gt;&gt;</a>&nbsp;&nbsp;&nbsp;GPIO_Init
</UL>
<BR>[Called By]<UL><LI><a href="#[6e]">&gt;&gt;</a>&nbsp;&nbsp;&nbsp;IC_LCD_Init
</UL>

<P><STRONG><a name="[100]"></a>lcd_spi_init</STRONG> (Thumb, 1430 bytes, Stack size 144 bytes, kd034_st7701s.o(.text))
<BR><BR>[Stack]<UL><LI>Max Depth = 156<LI>Call Chain = lcd_spi_init &rArr; delay_ms
</UL>
<BR>[Calls]<UL><LI><a href="#[104]">&gt;&gt;</a>&nbsp;&nbsp;&nbsp;write_data
<LI><a href="#[102]">&gt;&gt;</a>&nbsp;&nbsp;&nbsp;write_command
<LI><a href="#[80]">&gt;&gt;</a>&nbsp;&nbsp;&nbsp;delay_ms
</UL>
<BR>[Called By]<UL><LI><a href="#[6e]">&gt;&gt;</a>&nbsp;&nbsp;&nbsp;IC_LCD_Init
</UL>

<P><STRONG><a name="[102]"></a>write_command</STRONG> (Thumb, 162 bytes, Stack size 4 bytes, kd034_st7701s.o(.text))
<BR><BR>[Stack]<UL><LI>Max Depth = 4<LI>Call Chain = write_command
</UL>
<BR>[Called By]<UL><LI><a href="#[103]">&gt;&gt;</a>&nbsp;&nbsp;&nbsp;ExitSleep
<LI><a href="#[101]">&gt;&gt;</a>&nbsp;&nbsp;&nbsp;EnterSleep
<LI><a href="#[100]">&gt;&gt;</a>&nbsp;&nbsp;&nbsp;lcd_spi_init
</UL>

<P><STRONG><a name="[104]"></a>write_data</STRONG> (Thumb, 162 bytes, Stack size 4 bytes, kd034_st7701s.o(.text))
<BR><BR>[Stack]<UL><LI>Max Depth = 4<LI>Call Chain = write_data
</UL>
<BR>[Called By]<UL><LI><a href="#[100]">&gt;&gt;</a>&nbsp;&nbsp;&nbsp;lcd_spi_init
</UL>

<P><STRONG><a name="[116]"></a>_fp_digits</STRONG> (Thumb, 366 bytes, Stack size 64 bytes, printfa.o(i._fp_digits), UNUSED)
<BR><BR>[Calls]<UL><LI><a href="#[111]">&gt;&gt;</a>&nbsp;&nbsp;&nbsp;__aeabi_dmul
<LI><a href="#[112]">&gt;&gt;</a>&nbsp;&nbsp;&nbsp;__aeabi_d2ulz
<LI><a href="#[10d]">&gt;&gt;</a>&nbsp;&nbsp;&nbsp;__aeabi_dadd
<LI><a href="#[117]">&gt;&gt;</a>&nbsp;&nbsp;&nbsp;__aeabi_cdrcmple
<LI><a href="#[ef]">&gt;&gt;</a>&nbsp;&nbsp;&nbsp;__aeabi_ddiv
<LI><a href="#[10b]">&gt;&gt;</a>&nbsp;&nbsp;&nbsp;__aeabi_uldivmod
</UL>
<BR>[Called By]<UL><LI><a href="#[115]">&gt;&gt;</a>&nbsp;&nbsp;&nbsp;_printf_core
</UL>

<P><STRONG><a name="[115]"></a>_printf_core</STRONG> (Thumb, 1744 bytes, Stack size 136 bytes, printfa.o(i._printf_core), UNUSED)
<BR><BR>[Calls]<UL><LI><a href="#[118]">&gt;&gt;</a>&nbsp;&nbsp;&nbsp;_printf_pre_padding
<LI><a href="#[119]">&gt;&gt;</a>&nbsp;&nbsp;&nbsp;_printf_post_padding
<LI><a href="#[116]">&gt;&gt;</a>&nbsp;&nbsp;&nbsp;_fp_digits
<LI><a href="#[10b]">&gt;&gt;</a>&nbsp;&nbsp;&nbsp;__aeabi_uldivmod
<LI><a href="#[11a]">&gt;&gt;</a>&nbsp;&nbsp;&nbsp;__aeabi_uidivmod
</UL>
<BR>[Called By]<UL><LI><a href="#[114]">&gt;&gt;</a>&nbsp;&nbsp;&nbsp;__0printf
</UL>

<P><STRONG><a name="[119]"></a>_printf_post_padding</STRONG> (Thumb, 36 bytes, Stack size 24 bytes, printfa.o(i._printf_post_padding), UNUSED)
<BR><BR>[Called By]<UL><LI><a href="#[115]">&gt;&gt;</a>&nbsp;&nbsp;&nbsp;_printf_core
</UL>

<P><STRONG><a name="[118]"></a>_printf_pre_padding</STRONG> (Thumb, 46 bytes, Stack size 24 bytes, printfa.o(i._printf_pre_padding), UNUSED)
<BR><BR>[Called By]<UL><LI><a href="#[115]">&gt;&gt;</a>&nbsp;&nbsp;&nbsp;_printf_core
</UL>
<P>
<H3>
Undefined Global Symbols
</H3><HR></body></html>
