Component: Arm Compiler for Embedded 6.19 Tool: armlink [5e73cb00]

==============================================================================

Section Cross References

    main.o(.text) refers to main.o(.data.LCD_Buffer) for LCD_Buffer
    main.o(.text) refers to system_swm341.o(.text) for SystemInit
    main.o(.text) refers to swm341_port.o(.text) for PORT_Init
    main.o(.text) refers to swm341_uart.o(.text) for UART_Init
    main.o(.text) refers to dev_systick.o(.text) for systick_init
    main.o(.text) refers to swm_delay.o(.text) for delay_init
    main.o(.text) refers to screen.o(.text) for screen_init
    main.o(.text) refers to lv_obj.o(.text) for lv_init
    main.o(.text) refers to lv_port_disp_template.o(.text) for lv_port_disp_init
    main.o(.text) refers to lv_function1_test.o(.text) for lv_ex_label
    main.o(.text) refers to lv_timer.o(.text) for lv_timer_handler
    main.o(.text) refers to swm341_sdram.o(.text) for SDRAM_Init
    main.o(.text) refers to lv_hal_tick.o(.text) for lv_tick_inc
    main.o(.text) refers to swm341_gpio.o(.text) for GPIO_Init
    main.o(.text) refers to swm341_lcd.o(.text) for LCD_Init
    main.o(.text) refers to main.o(.bss.outLayer) for outLayer
    main.o(.text) refers to swm341_dma2d.o(.text) for DMA2D_PixelFill
    main.o(.ARM.exidx) refers to main.o(.text) for [Anonymous Symbol]
    main.o(.data.ppbuf) refers to main.o(.bss.pcm_buf) for pcm_buf
    jfif_parser.o(.text) refers to memseta.o(.text) for __aeabi_memclr4
    jfif_parser.o(.text) refers to memcpya.o(.text) for __aeabi_memcpy4
    jfif_parser.o(.ARM.exidx) refers to jfif_parser.o(.text) for [Anonymous Symbol]
    dev_systick.o(.text) refers to system_swm341.o(.data.SystemCoreClock) for SystemCoreClock
    dev_systick.o(.text) refers to dev_systick.o(.bss.systick) for systick
    dev_systick.o(.ARM.exidx) refers to dev_systick.o(.text) for [Anonymous Symbol]
    startup_swm341.o(RESET) refers to startup_swm341.o(STACK) for __initial_sp
    startup_swm341.o(RESET) refers to startup_swm341.o(.text) for Reset_Handler
    startup_swm341.o(RESET) refers to main.o(.text) for SysTick_Handler
    startup_swm341.o(RESET) refers to video_dma.o(.text) for DMA_Handler
    startup_swm341.o(.text) refers to system_swm341.o(.text) for FPU_Enable
    startup_swm341.o(.text) refers to entry.o(.ARM.Collect$$$$00000000) for __main
    system_swm341.o(.text) refers to system_swm341.o(.data.SystemCoreClock) for SystemCoreClock
    system_swm341.o(.text) refers to system_swm341.o(.data.CyclesPerUs) for CyclesPerUs
    system_swm341.o(.text) refers to swm341_flash.o(.text) for Flash_Param_at_xMHz
    system_swm341.o(.text) refers to swm341_port.o(.text) for PORT_Init
    system_swm341.o(.ARM.exidx) refers to system_swm341.o(.text) for [Anonymous Symbol]
    swm341_adc.o(.text) refers to swm341_adc.o(.rodata..Lswitch.table.ADC_INTStat) for .Lswitch.table.ADC_INTStat
    swm341_adc.o(.text) refers to swm341_adc.o(.rodata..Lswitch.table.ADC_DataAvailable) for .Lswitch.table.ADC_DataAvailable
    swm341_adc.o(.ARM.exidx) refers to swm341_adc.o(.text) for [Anonymous Symbol]
    swm341_can.o(.text) refers to system_swm341.o(.data.SystemCoreClock) for SystemCoreClock
    swm341_can.o(.ARM.exidx) refers to swm341_can.o(.text) for [Anonymous Symbol]
    swm341_cordic.o(.ARM.exidx) refers to swm341_cordic.o(.text) for [Anonymous Symbol]
    swm341_crc.o(.ARM.exidx) refers to swm341_crc.o(.text) for [Anonymous Symbol]
    swm341_dac.o(.ARM.exidx) refers to swm341_dac.o(.text) for [Anonymous Symbol]
    swm341_div.o(.ARM.exidx) refers to swm341_div.o(.text) for [Anonymous Symbol]
    swm341_dma.o(.ARM.exidx) refers to swm341_dma.o(.text) for [Anonymous Symbol]
    swm341_dma2d.o(.ARM.exidx) refers to swm341_dma2d.o(.text) for [Anonymous Symbol]
    swm341_exti.o(.ARM.exidx) refers to swm341_exti.o(.text) for [Anonymous Symbol]
    swm341_flash.o(.ARM.exidx) refers to swm341_flash.o(.text) for [Anonymous Symbol]
    swm341_gpio.o(.text) refers to swm341_port.o(.text) for PORT_Init
    swm341_gpio.o(.ARM.exidx) refers to swm341_gpio.o(.text) for [Anonymous Symbol]
    swm341_i2c.o(.text) refers to system_swm341.o(.data.SystemCoreClock) for SystemCoreClock
    swm341_i2c.o(.ARM.exidx) refers to swm341_i2c.o(.text) for [Anonymous Symbol]
    swm341_iofilt.o(.text) refers to swm341_iofilt.o(.bss.Width) for Width
    swm341_iofilt.o(.ARM.exidx) refers to swm341_iofilt.o(.text) for [Anonymous Symbol]
    swm341_jpeg.o(.text) refers to dfltui.o(.text) for __aeabi_ui2d
    swm341_jpeg.o(.text) refers to dmul.o(.text) for __aeabi_dmul
    swm341_jpeg.o(.text) refers to ceil.o(i.ceil) for ceil
    swm341_jpeg.o(.text) refers to dfixi.o(.text) for __aeabi_d2iz
    swm341_jpeg.o(.text) refers to dflti.o(.text) for __aeabi_i2d
    swm341_jpeg.o(.ARM.exidx) refers to swm341_jpeg.o(.text) for [Anonymous Symbol]
    swm341_lcd.o(.ARM.exidx) refers to swm341_lcd.o(.text) for [Anonymous Symbol]
[...]
    lv_label_ins_text                        0x00025259   Thumb Code   110  lv_label.o(.text)
    lv_label_cut_text                        0x000252c9   Thumb Code    44  lv_label.o(.text)
    lv_line_create                           0x00025525   Thumb Code    26  lv_line.o(.text)
    lv_line_set_points                       0x00025541   Thumb Code    22  lv_line.o(.text)
    lv_line_set_y_invert                     0x00025559   Thumb Code    28  lv_line.o(.text)
    lv_line_get_y_invert                     0x00025575   Thumb Code    10  lv_line.o(.text)
    lv_roller_create                         0x00025e8d   Thumb Code    26  lv_roller.o(.text)
    lv_roller_set_options                    0x00025ea9   Thumb Code   204  lv_roller.o(.text)
    lv_roller_set_selected                   0x00026011   Thumb Code   108  lv_roller.o(.text)
    lv_roller_set_visible_row_count          0x000261ad   Thumb Code    66  lv_roller.o(.text)
    lv_roller_get_selected                   0x000261f1   Thumb Code    52  lv_roller.o(.text)
    lv_roller_get_selected_str               0x00026225   Thumb Code   124  lv_roller.o(.text)
    lv_roller_get_options                    0x000262a1   Thumb Code    16  lv_roller.o(.text)
    lv_roller_get_option_cnt                 0x000262b1   Thumb Code    38  lv_roller.o(.text)
    lv_slider_create                         0x00026b29   Thumb Code    26  lv_slider.o(.text)
    lv_slider_is_dragged                     0x00026b45   Thumb Code    10  lv_slider.o(.text)
    lv_switch_create                         0x00026ed9   Thumb Code    26  lv_switch.o(.text)
    lv_table_create                          0x00027259   Thumb Code    26  lv_table.o(.text)
    lv_table_set_cell_value                  0x00027275   Thumb Code   142  lv_table.o(.text)
    lv_table_set_col_cnt                     0x00027305   Thumb Code   246  lv_table.o(.text)
    lv_table_set_row_cnt                     0x000273fd   Thumb Code   138  lv_table.o(.text)
    lv_table_set_cell_value_fmt              0x0002759d   Thumb Code   182  lv_table.o(.text)
    lv_table_set_col_width                   0x00027751   Thumb Code    38  lv_table.o(.text)
    lv_table_add_cell_ctrl                   0x00027779   Thumb Code   110  lv_table.o(.text)
    lv_table_clear_cell_ctrl                 0x000277e9   Thumb Code   110  lv_table.o(.text)
    lv_table_get_cell_value                  0x00027859   Thumb Code    54  lv_table.o(.text)
    lv_table_get_row_cnt                     0x00027891   Thumb Code     4  lv_table.o(.text)
    lv_table_get_col_cnt                     0x00027895   Thumb Code     4  lv_table.o(.text)
    lv_table_get_col_width                   0x00027899   Thumb Code    18  lv_table.o(.text)
    lv_table_has_cell_ctrl                   0x000278ad   Thumb Code    46  lv_table.o(.text)
    lv_table_get_selected_cell               0x000278dd   Thumb Code    10  lv_table.o(.text)
    lv_textarea_create                       0x000286dd   Thumb Code    26  lv_textarea.o(.text)
    lv_textarea_add_char                     0x000286f9   Thumb Code   456  lv_textarea.o(.text)
    lv_textarea_clear_selection              0x00028969   Thumb Code    54  lv_textarea.o(.text)
    lv_textarea_set_cursor_pos               0x000289f5   Thumb Code   366  lv_textarea.o(.text)
    lv_textarea_get_cursor_pos               0x00028b65   Thumb Code     4  lv_textarea.o(.text)
    lv_textarea_add_text                     0x00028b69   Thumb Code   380  lv_textarea.o(.text)
    lv_textarea_get_accepted_chars           0x00028ce5   Thumb Code     4  lv_textarea.o(.text)
    lv_textarea_get_max_length               0x00028ce9   Thumb Code     4  lv_textarea.o(.text)
    lv_textarea_del_char                     0x00028ced   Thumb Code   258  lv_textarea.o(.text)
    lv_textarea_del_char_forward             0x00028df1   Thumb Code    30  lv_textarea.o(.text)
    lv_textarea_set_text                     0x00028e11   Thumb Code   360  lv_textarea.o(.text)
    lv_textarea_set_placeholder_text         0x00028f79   Thumb Code    74  lv_textarea.o(.text)
    lv_textarea_set_cursor_click_pos         0x000291d1   Thumb Code    18  lv_textarea.o(.text)
    lv_textarea_set_password_mode            0x000291e5   Thumb Code   190  lv_textarea.o(.text)
    lv_textarea_set_password_bullet          0x000292a5   Thumb Code    58  lv_textarea.o(.text)
    lv_textarea_set_one_line                 0x000292e1   Thumb Code   116  lv_textarea.o(.text)
    lv_textarea_set_accepted_chars           0x00029355   Thumb Code     4  lv_textarea.o(.text)
    lv_textarea_set_max_length               0x00029359   Thumb Code     4  lv_textarea.o(.text)
    lv_textarea_set_insert_replace           0x0002935d   Thumb Code    12  lv_textarea.o(.text)
    lv_textarea_set_text_selection           0x00029369   Thumb Code    76  lv_textarea.o(.text)
    lv_textarea_set_password_show_time       0x000293b5   Thumb Code     4  lv_textarea.o(.text)
    lv_textarea_set_align                    0x000293b9   Thumb Code    40  lv_textarea.o(.text)
    lv_textarea_get_label                    0x000293e1   Thumb Code     4  lv_textarea.o(.text)
    lv_textarea_get_text                     0x000293e5   Thumb Code    18  lv_textarea.o(.text)
    lv_textarea_get_placeholder_text         0x000293f9   Thumb Code    18  lv_textarea.o(.text)
    lv_textarea_get_cursor_click_pos         0x0002940d   Thumb Code    10  lv_textarea.o(.text)
    lv_textarea_get_password_mode            0x00029419   Thumb Code    10  lv_textarea.o(.text)
    lv_textarea_get_password_bullet          0x00029425   Thumb Code    64  lv_textarea.o(.text)
    lv_textarea_get_one_line                 0x00029465   Thumb Code    10  lv_textarea.o(.text)
    lv_textarea_text_is_selected             0x00029471   Thumb Code    36  lv_textarea.o(.text)
    lv_textarea_get_text_selection           0x00029495   Thumb Code    10  lv_textarea.o(.text)
    lv_textarea_get_password_show_time       0x000294a1   Thumb Code     4  lv_textarea.o(.text)
    lv_textarea_cursor_right                 0x000294a5   Thumb Code     8  lv_textarea.o(.text)
    lv_textarea_cursor_left                  0x000294ad   Thumb Code    14  lv_textarea.o(.text)
    lv_textarea_cursor_down                  0x000294bd   Thumb Code   102  lv_textarea.o(.text)
    lv_textarea_cursor_up                    0x00029525   Thumb Code    92  lv_textarea.o(.text)
    lv_flex_init                             0x00029685   Thumb Code   108  lv_flex.o(.text)
    lv_obj_set_flex_flow                     0x00029ae9   Thumb Code    44  lv_flex.o(.text)
    lv_obj_set_style_flex_flow               0x00029b15   Thumb Code    18  lv_flex.o(.text)
    lv_obj_set_flex_align                    0x00029b29   Thumb Code    88  lv_flex.o(.text)
    lv_obj_set_style_flex_main_place         0x00029b81   Thumb Code    18  lv_flex.o(.text)
    lv_obj_set_style_flex_cross_place        0x00029b95   Thumb Code    18  lv_flex.o(.text)
    lv_obj_set_style_flex_track_place        0x00029ba9   Thumb Code    18  lv_flex.o(.text)
    lv_obj_set_flex_grow                     0x00029bbd   Thumb Code    36  lv_flex.o(.text)
    lv_obj_set_style_flex_grow               0x00029be1   Thumb Code    18  lv_flex.o(.text)
    lv_style_set_flex_flow                   0x00029bf5   Thumb Code    16  lv_flex.o(.text)
    lv_style_set_flex_main_place             0x00029c05   Thumb Code    16  lv_flex.o(.text)
    lv_style_set_flex_cross_place            0x00029c15   Thumb Code    16  lv_flex.o(.text)
    lv_style_set_flex_track_place            0x00029c25   Thumb Code    16  lv_flex.o(.text)
    lv_style_set_flex_grow                   0x00029c35   Thumb Code    16  lv_flex.o(.text)
    lv_grid_init                             0x0002a39d   Thumb Code   188  lv_grid.o(.text)
    lv_obj_set_grid_dsc_array                0x0002ad35   Thumb Code    66  lv_grid.o(.text)
    lv_obj_set_style_grid_column_dsc_array   0x0002ad79   Thumb Code    18  lv_grid.o(.text)
    lv_obj_set_style_grid_row_dsc_array      0x0002ad8d   Thumb Code    18  lv_grid.o(.text)
    lv_obj_set_grid_align                    0x0002ada1   Thumb Code    48  lv_grid.o(.text)
    lv_obj_set_style_grid_column_align       0x0002add1   Thumb Code    18  lv_grid.o(.text)
    lv_obj_set_style_grid_row_align          0x0002ade5   Thumb Code    18  lv_grid.o(.text)
    lv_obj_set_grid_cell                     0x0002adf9   Thumb Code   152  lv_grid.o(.text)
    lv_obj_set_style_grid_cell_column_pos    0x0002ae91   Thumb Code    18  lv_grid.o(.text)
    lv_obj_set_style_grid_cell_row_pos       0x0002aea5   Thumb Code    18  lv_grid.o(.text)
    lv_obj_set_style_grid_cell_x_align       0x0002aeb9   Thumb Code    18  lv_grid.o(.text)
    lv_obj_set_style_grid_cell_column_span   0x0002aecd   Thumb Code    18  lv_grid.o(.text)
    lv_obj_set_style_grid_cell_row_span      0x0002aee1   Thumb Code    18  lv_grid.o(.text)
    lv_obj_set_style_grid_cell_y_align       0x0002aef5   Thumb Code    18  lv_grid.o(.text)
    lv_style_set_grid_row_dsc_array          0x0002af09   Thumb Code    16  lv_grid.o(.text)
    lv_style_set_grid_column_dsc_array       0x0002af19   Thumb Code    16  lv_grid.o(.text)
    lv_style_set_grid_row_align              0x0002af29   Thumb Code    16  lv_grid.o(.text)
    lv_style_set_grid_column_align           0x0002af39   Thumb Code    16  lv_grid.o(.text)
    lv_style_set_grid_cell_column_pos        0x0002af49   Thumb Code    16  lv_grid.o(.text)
    lv_style_set_grid_cell_column_span       0x0002af59   Thumb Code    16  lv_grid.o(.text)
    lv_style_set_grid_cell_row_pos           0x0002af69   Thumb Code    16  lv_grid.o(.text)
    lv_style_set_grid_cell_row_span          0x0002af79   Thumb Code    16  lv_grid.o(.text)
    lv_style_set_grid_cell_x_align           0x0002af89   Thumb Code    16  lv_grid.o(.text)
    lv_style_set_grid_cell_y_align           0x0002af99   Thumb Code    16  lv_grid.o(.text)
    lv_theme_default_init                    0x0002b0cd   Thumb Code   180  lv_theme_default.o(.text)
    lv_theme_default_is_inited               0x0002b181   Thumb Code    18  lv_theme_default.o(.text)
    lv_theme_default_get                     0x0002f309   Thumb Code    26  lv_theme_default.o(.text)
    lv_calendar_create                       0x0002f489   Thumb Code    26  lv_calendar.o(.text)
    lv_calendar_set_day_names                0x0002f4a5   Thumb Code    22  lv_calendar.o(.text)
    lv_calendar_set_today_date               0x0002f4bd   Thumb Code    12  lv_calendar.o(.text)
    lv_calendar_set_highlighted_dates        0x0002f5ad   Thumb Code    10  lv_calendar.o(.text)
    lv_calendar_set_showed_date              0x0002f5b9   Thumb Code   826  lv_calendar.o(.text)
    lv_calendar_get_btnmatrix                0x0002f8f5   Thumb Code     4  lv_calendar.o(.text)
    lv_calendar_get_today_date               0x0002f8f9   Thumb Code     4  lv_calendar.o(.text)
    lv_calendar_get_showed_date              0x0002f8fd   Thumb Code     4  lv_calendar.o(.text)
    lv_calendar_get_highlighted_dates        0x0002f901   Thumb Code     4  lv_calendar.o(.text)
    lv_calendar_get_highlighted_dates_num    0x0002f905   Thumb Code     4  lv_calendar.o(.text)
    lv_calendar_get_pressed_date             0x0002f909   Thumb Code    82  lv_calendar.o(.text)
    lv_calendar_header_arrow_create          0x0002faed   Thumb Code    26  lv_calendar_header_arrow.o(.text)
    lv_calendar_header_dropdown_create       0x0002fc79   Thumb Code    26  lv_calendar_header_dropdown.o(.text)
    lv_chart_create                          0x00030585   Thumb Code    26  lv_chart.o(.text)
    lv_chart_set_type                        0x000305a1   Thumb Code   146  lv_chart.o(.text)
    lv_chart_refresh                         0x00030635   Thumb Code     4  lv_chart.o(.text)
    lv_chart_set_point_count                 0x00030639   Thumb Code   128  lv_chart.o(.text)
    lv_chart_set_range                       0x00030795   Thumb Code    72  lv_chart.o(.text)
    lv_chart_set_update_mode                 0x000307dd   Thumb Code    34  lv_chart.o(.text)
    lv_chart_set_div_line_count              0x00030801   Thumb Code    30  lv_chart.o(.text)
    lv_chart_set_zoom_x                      0x00030821   Thumb Code    42  lv_chart.o(.text)
    lv_chart_set_zoom_y                      0x0003084d   Thumb Code    42  lv_chart.o(.text)
    lv_chart_get_zoom_x                      0x00030879   Thumb Code     6  lv_chart.o(.text)
    lv_chart_get_zoom_y                      0x00030881   Thumb Code     6  lv_chart.o(.text)
    lv_chart_set_axis_tick                   0x00030889   Thumb Code    96  lv_chart.o(.text)
    get_tick_gsc                             0x000308e9   Thumb Code    46  lv_chart.o(.text)
    lv_chart_get_type                        0x00030919   Thumb Code    10  lv_chart.o(.text)
    lv_chart_get_point_count                 0x00030925   Thumb Code     6  lv_chart.o(.text)
    lv_chart_get_x_start_point               0x0003092d   Thumb Code    18  lv_chart.o(.text)
    lv_chart_get_point_pos_by_id             0x00030941   Thumb Code   506  lv_chart.o(.text)
    lv_chart_add_series                      0x00030b3d   Thumb Code   158  lv_chart.o(.text)
    lv_chart_remove_series                   0x00030bdd   Thumb Code    46  lv_chart.o(.text)
    lv_chart_hide_series                     0x00030c0d   Thumb Code    18  lv_chart.o(.text)
    lv_chart_set_series_color                0x00030c21   Thumb Code    10  lv_chart.o(.text)
    lv_chart_set_x_start_point               0x00030c2d   Thumb Code    18  lv_chart.o(.text)
    lv_chart_get_series_next                 0x00030c41   Thumb Code    16  lv_chart.o(.text)
    lv_chart_add_cursor                      0x00030c51   Thumb Code    42  lv_chart.o(.text)
    lv_chart_set_cursor_pos                  0x00030c7d   Thumb Code    22  lv_chart.o(.text)
    lv_chart_set_cursor_point                0x00030c95   Thumb Code    46  lv_chart.o(.text)
    lv_chart_get_cursor_point                0x00030cc5   Thumb Code    10  lv_chart.o(.text)
    lv_chart_set_all_value                   0x00030cd1   Thumb Code    46  lv_chart.o(.text)
    lv_chart_set_next_value                  0x00030d01   Thumb Code    54  lv_chart.o(.text)
    lv_chart_set_next_value2                 0x00030edd   Thumb Code    70  lv_chart.o(.text)
    lv_chart_set_value_by_id                 0x00030f25   Thumb Code    26  lv_chart.o(.text)
    lv_chart_set_value_by_id2                0x00030f41   Thumb Code    56  lv_chart.o(.text)
    lv_chart_set_ext_y_array                 0x00030f79   Thumb Code    50  lv_chart.o(.text)
    lv_chart_set_ext_x_array                 0x00030fad   Thumb Code    50  lv_chart.o(.text)
    lv_chart_get_y_array                     0x00030fe1   Thumb Code    10  lv_chart.o(.text)
    lv_chart_get_x_array                     0x00030fed   Thumb Code    10  lv_chart.o(.text)
    lv_chart_get_pressed_point               0x00030ff9   Thumb Code     6  lv_chart.o(.text)
    lv_colorwheel_create                     0x00032ecd   Thumb Code    38  lv_colorwheel.o(.text)
    lv_colorwheel_set_hsv                    0x00032ef5   Thumb Code   122  lv_colorwheel.o(.text)
    lv_colorwheel_set_rgb                    0x0003311d   Thumb Code   190  lv_colorwheel.o(.text)
    lv_colorwheel_set_mode                   0x000331dd   Thumb Code    38  lv_colorwheel.o(.text)
    lv_colorwheel_set_mode_fixed             0x00033205   Thumb Code    18  lv_colorwheel.o(.text)
    lv_colorwheel_get_hsv                    0x00033219   Thumb Code     4  lv_colorwheel.o(.text)
    lv_colorwheel_get_rgb                    0x0003321d   Thumb Code    16  lv_colorwheel.o(.text)
    lv_colorwheel_get_color_mode             0x0003322d   Thumb Code    10  lv_colorwheel.o(.text)
    lv_colorwheel_get_color_mode_fixed       0x00033239   Thumb Code    10  lv_colorwheel.o(.text)
    lv_keyboard_create                       0x000332e5   Thumb Code    26  lv_keyboard.o(.text)
    lv_keyboard_set_textarea                 0x00033301   Thumb Code    38  lv_keyboard.o(.text)
    lv_keyboard_set_mode                     0x00033329   Thumb Code    46  lv_keyboard.o(.text)
    lv_keyboard_set_popovers                 0x00033359   Thumb Code    26  lv_keyboard.o(.text)
    lv_keyboard_set_map                      0x000333ed   Thumb Code    52  lv_keyboard.o(.text)
    lv_keyboard_get_textarea                 0x00033421   Thumb Code     4  lv_keyboard.o(.text)
    lv_keyboard_get_mode                     0x00033425   Thumb Code     6  lv_keyboard.o(.text)
    lv_btnmatrix_get_popovers                0x0003342d   Thumb Code    10  lv_keyboard.o(.text)
    lv_keyboard_def_event_cb                 0x00033439   Thumb Code   544  lv_keyboard.o(.text)
    lv_led_create                            0x000339d9   Thumb Code    26  lv_led.o(.text)
    lv_led_set_color                         0x000339f5   Thumb Code     6  lv_led.o(.text)
    lv_led_set_brightness                    0x000339fd   Thumb Code    24  lv_led.o(.text)
    lv_led_on                                0x00033a15   Thumb Code    20  lv_led.o(.text)
    lv_led_off                               0x00033a29   Thumb Code    20  lv_led.o(.text)
    lv_led_toggle                            0x00033a3d   Thumb Code    22  lv_led.o(.text)
    lv_led_get_brightness                    0x00033a55   Thumb Code     6  lv_led.o(.text)
    lv_menu_create                           0x00033c35   Thumb Code    26  lv_menu.o(.text)
    lv_menu_page_create                      0x00033c51   Thumb Code    62  lv_menu.o(.text)
    lv_menu_cont_create                      0x00033c91   Thumb Code    26  lv_menu.o(.text)
    lv_menu_section_create                   0x00033cad   Thumb Code    26  lv_menu.o(.text)
    lv_menu_separator_create                 0x00033cc9   Thumb Code    26  lv_menu.o(.text)
    lv_menu_set_page                         0x00033ce5   Thumb Code   250  lv_menu.o(.text)
    lv_menu_clear_history                    0x00033de1   Thumb Code    18  lv_menu.o(.text)
    lv_menu_set_sidebar_page                 0x00033e69   Thumb Code   362  lv_menu.o(.text)
    lv_menu_set_mode_header                  0x000340e9   Thumb Code    58  lv_menu.o(.text)
    lv_menu_set_mode_root_back_btn           0x00034125   Thumb Code    96  lv_menu.o(.text)
    lv_menu_set_load_page_event              0x00034185   Thumb Code   130  lv_menu.o(.text)
    lv_menu_get_cur_main_page                0x00034299   Thumb Code     4  lv_menu.o(.text)
    lv_menu_get_cur_sidebar_page             0x0003429d   Thumb Code     4  lv_menu.o(.text)
    lv_menu_get_main_header                  0x000342a1   Thumb Code     4  lv_menu.o(.text)
    lv_menu_get_main_header_back_btn         0x000342a5   Thumb Code     4  lv_menu.o(.text)
    lv_menu_get_sidebar_header               0x000342a9   Thumb Code     4  lv_menu.o(.text)
    lv_menu_get_sidebar_header_back_btn      0x000342ad   Thumb Code     4  lv_menu.o(.text)
    lv_menu_back_btn_is_root                 0x000342b1   Thumb Code    28  lv_menu.o(.text)
    lv_meter_create                          0x00034c19   Thumb Code    26  lv_meter.o(.text)
    lv_meter_add_scale                       0x00034c35   Thumb Code    62  lv_meter.o(.text)
    lv_meter_set_scale_ticks                 0x00034c75   Thumb Code    26  lv_meter.o(.text)
    lv_meter_set_scale_major_ticks           0x00034c91   Thumb Code    32  lv_meter.o(.text)
    lv_meter_set_scale_range                 0x00034cb1   Thumb Code    26  lv_meter.o(.text)
    lv_meter_add_needle_line                 0x00034ccd   Thumb Code    70  lv_meter.o(.text)
    lv_meter_add_needle_img                  0x00034d15   Thumb Code    66  lv_meter.o(.text)
    lv_meter_add_arc                         0x00034d59   Thumb Code    70  lv_meter.o(.text)
    lv_meter_add_scale_lines                 0x00034da1   Thumb Code    82  lv_meter.o(.text)
    lv_meter_set_indicator_value             0x00034df5   Thumb Code    98  lv_meter.o(.text)
    lv_meter_set_indicator_start_value       0x000350c5   Thumb Code    64  lv_meter.o(.text)
    lv_meter_set_indicator_end_value         0x00035105   Thumb Code    64  lv_meter.o(.text)
    lv_spinbox_create                        0x000353b1   Thumb Code    26  lv_spinbox.o(.text)
    lv_spinbox_set_value                     0x000353cd   Thumb Code    20  lv_spinbox.o(.text)
    lv_spinbox_set_rollover                  0x000354f9   Thumb Code    16  lv_spinbox.o(.text)
    lv_spinbox_set_digit_format              0x00035509   Thumb Code    94  lv_spinbox.o(.text)
    lv_spinbox_set_step                      0x00035569   Thumb Code     4  lv_spinbox.o(.text)
    lv_spinbox_set_range                     0x0003556d   Thumb Code    22  lv_spinbox.o(.text)
    lv_spinbox_set_cursor_pos                0x00035585   Thumb Code    64  lv_spinbox.o(.text)
    lv_spinbox_set_digit_step_direction      0x000355c5   Thumb Code    22  lv_spinbox.o(.text)
    lv_spinbox_get_value                     0x000355dd   Thumb Code     4  lv_spinbox.o(.text)
    lv_spinbox_get_step                      0x000355e1   Thumb Code     4  lv_spinbox.o(.text)
    lv_spinbox_step_next                     0x000355e5   Thumb Code    32  lv_spinbox.o(.text)
    lv_spinbox_step_prev                     0x00035605   Thumb Code    32  lv_spinbox.o(.text)
    lv_spinbox_get_rollover                  0x00035625   Thumb Code    10  lv_spinbox.o(.text)
    lv_spinbox_increment                     0x00035631   Thumb Code    56  lv_spinbox.o(.text)
    lv_spinbox_decrement                     0x00035669   Thumb Code    56  lv_spinbox.o(.text)
    lv_spinner_create                        0x00035731   Thumb Code    48  lv_spinner.o(.text)
    lv_tabview_create                        0x00035969   Thumb Code    48  lv_tabview.o(.text)
    lv_tabview_add_tab                       0x00035999   Thumb Code   300  lv_tabview.o(.text)
    lv_tabview_get_content                   0x00035ac9   Thumb Code     6  lv_tabview.o(.text)
    lv_tabview_get_tab_btns                  0x00035ad1   Thumb Code     6  lv_tabview.o(.text)
    lv_tabview_set_act                       0x00035ad9   Thumb Code   172  lv_tabview.o(.text)
    lv_tabview_rename_tab                    0x00035b85   Thumb Code    80  lv_tabview.o(.text)
    lv_tabview_get_tab_act                   0x00035bd5   Thumb Code     4  lv_tabview.o(.text)
    lv_tileview_create                       0x00035d81   Thumb Code    26  lv_tileview.o(.text)
    lv_tileview_add_tile                     0x00035d9d   Thumb Code    58  lv_tileview.o(.text)
    lv_obj_set_tile                          0x00035dd9   Thumb Code    54  lv_tileview.o(.text)
    lv_obj_set_tile_id                       0x00035e11   Thumb Code   156  lv_tileview.o(.text)
    lv_tileview_get_tile_act                 0x00035ead   Thumb Code     4  lv_tileview.o(.text)
    lv_win_create                            0x00036005   Thumb Code    38  lv_win.o(.text)
    lv_win_add_title                         0x0003602d   Thumb Code    42  lv_win.o(.text)
    lv_win_get_header                        0x00036059   Thumb Code     6  lv_win.o(.text)
    lv_win_add_btn                           0x00036061   Thumb Code    58  lv_win.o(.text)
    lv_win_get_content                       0x0003609d   Thumb Code     6  lv_win.o(.text)
    lv_extra_init                            0x000360a5   Thumb Code    14  lv_extra.o(.text)
    lv_ex_label                              0x000360b5   Thumb Code   124  lv_function1_test.o(.text)
    __aeabi_uldivmod                         0x00036189   Thumb Code    98  uldiv.o(.text)
    __aeabi_memcpy                           0x000361eb   Thumb Code    36  memcpya.o(.text)
    __aeabi_memcpy4                          0x000361eb   Thumb Code     0  memcpya.o(.text)
    __aeabi_memcpy8                          0x000361eb   Thumb Code     0  memcpya.o(.text)
    __aeabi_memset                           0x0003620f   Thumb Code    14  memseta.o(.text)
    __aeabi_memset4                          0x0003620f   Thumb Code     0  memseta.o(.text)
    __aeabi_memset8                          0x0003620f   Thumb Code     0  memseta.o(.text)
    __aeabi_memclr                           0x0003621d   Thumb Code     4  memseta.o(.text)
    __aeabi_memclr4                          0x0003621d   Thumb Code     0  memseta.o(.text)
    __aeabi_memclr8                          0x0003621d   Thumb Code     0  memseta.o(.text)
    _memset$wrapper                          0x00036221   Thumb Code    18  memseta.o(.text)
    strlen                                   0x00036233   Thumb Code    14  strlen.o(.text)
    strcmp                                   0x00036241   Thumb Code    28  strcmp.o(.text)
    memcmp                                   0x0003625d   Thumb Code    26  memcmp.o(.text)
    strcpy                                   0x00036277   Thumb Code    18  strcpy.o(.text)
    __aeabi_llsl                             0x00036289   Thumb Code    30  llshl.o(.text)
    _ll_shift_l                              0x00036289   Thumb Code     0  llshl.o(.text)
    __aeabi_llsr                             0x000362a7   Thumb Code    32  llushr.o(.text)
    _ll_ushift_r                             0x000362a7   Thumb Code     0  llushr.o(.text)
    __scatterload                            0x000362c9   Thumb Code    28  init.o(.text)
    __scatterload_rt2                        0x000362c9   Thumb Code     0  init.o(.text)
    free                                     0x000362ed   Thumb Code    88  mallocr.o(i.__free$realloc)
    malloc                                   0x00036349   Thumb Code    64  mallocr.o(i.__malloc$realloc)
    __scatterload_copy                       0x00036399   Thumb Code    14  handlers.o(i.__scatterload_copy)
    __scatterload_null                       0x000363a7   Thumb Code     2  handlers.o(i.__scatterload_null)
    __scatterload_zeroinit                   0x000363a9   Thumb Code    14  handlers.o(i.__scatterload_zeroinit)
    realloc                                  0x00036409   Thumb Code   102  mallocr.o(i.realloc)
    _lv_bpp1_opa_table                       0x0003648c   Data           2  lv_draw_sw_letter.o(.rodata._lv_bpp1_opa_table)
    _lv_bpp2_opa_table                       0x0003648e   Data           4  lv_draw_sw_letter.o(.rodata._lv_bpp2_opa_table)
    _lv_bpp4_opa_table                       0x00036492   Data          16  lv_draw_sw_letter.o(.rodata._lv_bpp4_opa_table)
    _lv_bpp8_opa_table                       0x000364a2   Data         256  lv_draw_sw_letter.o(.rodata._lv_bpp8_opa_table)
    _lv_style_builtin_prop_flag_lookup_table 0x000365a2   Data         112  lv_style.o(.rodata._lv_style_builtin_prop_flag_lookup_table)
    lv_arc_class                             0x00039e38   Data          28  lv_arc.o(.rodata.lv_arc_class)
    lv_bar_class                             0x00039e54   Data          28  lv_bar.o(.rodata.lv_bar_class)
    lv_btn_class                             0x00039e70   Data          28  lv_btn.o(.rodata.lv_btn_class)
    lv_btnmatrix_class                       0x00039e8c   Data          28  lv_btnmatrix.o(.rodata.lv_btnmatrix_class)
    lv_calendar_class                        0x00039ea8   Data          28  lv_calendar.o(.rodata.lv_calendar_class)
    lv_calendar_header_arrow_class           0x00039ec4   Data          28  lv_calendar_header_arrow.o(.rodata.lv_calendar_header_arrow_class)
    lv_calendar_header_dropdown_class        0x00039ee0   Data          28  lv_calendar_header_dropdown.o(.rodata.lv_calendar_header_dropdown_class)
    lv_chart_class                           0x00039efc   Data          28  lv_chart.o(.rodata.lv_chart_class)
    lv_checkbox_class                        0x00039f18   Data          28  lv_checkbox.o(.rodata.lv_checkbox_class)
    lv_colorwheel_class                      0x00039f34   Data          28  lv_colorwheel.o(.rodata.lv_colorwheel_class)
    lv_dropdown_class                        0x00039f50   Data          28  lv_dropdown.o(.rodata.lv_dropdown_class)
    lv_dropdownlist_class                    0x00039f6c   Data          28  lv_dropdown.o(.rodata.lv_dropdownlist_class)
    lv_font_montserrat_14                    0x00039f88   Data          28  lv_font_montserrat_14.o(.rodata.lv_font_montserrat_14)
    lv_img_class                             0x00039fa4   Data          28  lv_img.o(.rodata.lv_img_class)
    lv_keyboard_class                        0x00039fc0   Data          28  lv_keyboard.o(.rodata.lv_keyboard_class)
    lv_label_class                           0x00039fdc   Data          28  lv_label.o(.rodata.lv_label_class)
    lv_led_class                             0x00039ff8   Data          28  lv_led.o(.rodata.lv_led_class)
    lv_line_class                            0x0003a014   Data          28  lv_line.o(.rodata.lv_line_class)
    lv_list_btn_class                        0x0003a030   Data          28  lv_list.o(.rodata.lv_list_btn_class)
    lv_list_class                            0x0003a04c   Data          28  lv_list.o(.rodata.lv_list_class)
    lv_list_text_class                       0x0003a068   Data          28  lv_list.o(.rodata.lv_list_text_class)
    lv_menu_class                            0x0003a084   Data          28  lv_menu.o(.rodata.lv_menu_class)
    lv_menu_cont_class                       0x0003a0a0   Data          28  lv_menu.o(.rodata.lv_menu_cont_class)
    lv_menu_main_cont_class                  0x0003a0bc   Data          28  lv_menu.o(.rodata.lv_menu_main_cont_class)
    lv_menu_main_header_cont_class           0x0003a0d8   Data          28  lv_menu.o(.rodata.lv_menu_main_header_cont_class)
    lv_menu_page_class                       0x0003a0f4   Data          28  lv_menu.o(.rodata.lv_menu_page_class)
    lv_menu_section_class                    0x0003a110   Data          28  lv_menu.o(.rodata.lv_menu_section_class)
    lv_menu_separator_class                  0x0003a12c   Data          28  lv_menu.o(.rodata.lv_menu_separator_class)
    lv_menu_sidebar_cont_class               0x0003a148   Data          28  lv_menu.o(.rodata.lv_menu_sidebar_cont_class)
    lv_menu_sidebar_header_cont_class        0x0003a164   Data          28  lv_menu.o(.rodata.lv_menu_sidebar_header_cont_class)
    lv_meter_class                           0x0003a180   Data          28  lv_meter.o(.rodata.lv_meter_class)
    lv_msgbox_backdrop_class                 0x0003a19c   Data          28  lv_msgbox.o(.rodata.lv_msgbox_backdrop_class)
    lv_msgbox_class                          0x0003a1b8   Data          28  lv_msgbox.o(.rodata.lv_msgbox_class)
    lv_obj_class                             0x0003a1d4   Data          28  lv_obj.o(.rodata.lv_obj_class)
    lv_roller_class                          0x0003a36c   Data          28  lv_roller.o(.rodata.lv_roller_class)
    lv_roller_label_class                    0x0003a388   Data          28  lv_roller.o(.rodata.lv_roller_label_class)
    lv_slider_class                          0x0003a3a4   Data          28  lv_slider.o(.rodata.lv_slider_class)
    lv_spinbox_class                         0x0003a3c0   Data          28  lv_spinbox.o(.rodata.lv_spinbox_class)
    lv_spinner_class                         0x0003a3dc   Data          28  lv_spinner.o(.rodata.lv_spinner_class)
    lv_switch_class                          0x0003a3f8   Data          28  lv_switch.o(.rodata.lv_switch_class)
    lv_table_class                           0x0003a414   Data          28  lv_table.o(.rodata.lv_table_class)
    lv_tabview_class                         0x0003a430   Data          28  lv_tabview.o(.rodata.lv_tabview_class)
    lv_textarea_class                        0x0003a44c   Data          28  lv_textarea.o(.rodata.lv_textarea_class)
    lv_tileview_class                        0x0003a468   Data          28  lv_tileview.o(.rodata.lv_tileview_class)
    lv_tileview_tile_class                   0x0003a484   Data          28  lv_tileview.o(.rodata.lv_tileview_tile_class)
    lv_win_class                             0x0003a4a0   Data          28  lv_win.o(.rodata.lv_win_class)
    Region$$Table$$Base                      0x0003aa34   Number         0  anon$$obj.o(Region$$Table)
    Region$$Table$$Limit                     0x0003aa54   Number         0  anon$$obj.o(Region$$Table)
    __microlib_freelist                      0x20000000   Data           4  mvars.o(.data)
    __microlib_freelist_initialised          0x20000004   Data           4  mvars.o(.data)
    CyclesPerUs                              0x20000008   Data           4  system_swm341.o(.data.CyclesPerUs)
    LCD_Buffer                               0x2000000c   Data           4  main.o(.data.LCD_Buffer)
    SystemCoreClock                          0x20000010   Data           4  system_swm341.o(.data.SystemCoreClock)
    _lv_txt_encoded_get_byte_id              0x20000014   Data           4  lv_txt.o(.data._lv_txt_encoded_get_byte_id)
    _lv_txt_encoded_get_char_id              0x20000018   Data           4  lv_txt.o(.data._lv_txt_encoded_get_char_id)
    _lv_txt_encoded_next                     0x2000001c   Data           4  lv_txt.o(.data._lv_txt_encoded_next)
    _lv_txt_encoded_prev                     0x20000020   Data           4  lv_txt.o(.data._lv_txt_encoded_prev)
    _lv_txt_encoded_size                     0x20000024   Data           4  lv_txt.o(.data._lv_txt_encoded_size)
    _lv_txt_get_encoded_length               0x20000028   Data           4  lv_txt.o(.data._lv_txt_get_encoded_length)
    _lv_txt_unicode_to_encoded               0x2000002c   Data           4  lv_txt.o(.data._lv_txt_unicode_to_encoded)
    dac_dma                                  0x20000033   Data           1  video_dma.o(.data.dac_dma)
    disp_flush_enabled                       0x20000034   Data           1  lv_port_disp_template.o(.data.disp_flush_enabled)
    LV_LAYOUT_FLEX                           0x200000b8   Data           2  lv_flex.o(.bss.LV_LAYOUT_FLEX)
    LV_LAYOUT_GRID                           0x200000ba   Data           2  lv_grid.o(.bss.LV_LAYOUT_GRID)
    LV_STYLE_FLEX_CROSS_PLACE                0x200000bc   Data           2  lv_flex.o(.bss.LV_STYLE_FLEX_CROSS_PLACE)
    LV_STYLE_FLEX_FLOW                       0x200000be   Data           2  lv_flex.o(.bss.LV_STYLE_FLEX_FLOW)
    LV_STYLE_FLEX_GROW                       0x200000c0   Data           2  lv_flex.o(.bss.LV_STYLE_FLEX_GROW)
    LV_STYLE_FLEX_MAIN_PLACE                 0x200000c2   Data           2  lv_flex.o(.bss.LV_STYLE_FLEX_MAIN_PLACE)
    LV_STYLE_FLEX_TRACK_PLACE                0x200000c4   Data           2  lv_flex.o(.bss.LV_STYLE_FLEX_TRACK_PLACE)
    LV_STYLE_GRID_CELL_COLUMN_POS            0x200000c6   Data           2  lv_grid.o(.bss.LV_STYLE_GRID_CELL_COLUMN_POS)
    LV_STYLE_GRID_CELL_COLUMN_SPAN           0x200000c8   Data           2  lv_grid.o(.bss.LV_STYLE_GRID_CELL_COLUMN_SPAN)
    LV_STYLE_GRID_CELL_ROW_POS               0x200000ca   Data           2  lv_grid.o(.bss.LV_STYLE_GRID_CELL_ROW_POS)
    LV_STYLE_GRID_CELL_ROW_SPAN              0x200000cc   Data           2  lv_grid.o(.bss.LV_STYLE_GRID_CELL_ROW_SPAN)
    LV_STYLE_GRID_CELL_X_ALIGN               0x200000ce   Data           2  lv_grid.o(.bss.LV_STYLE_GRID_CELL_X_ALIGN)
    LV_STYLE_GRID_CELL_Y_ALIGN               0x200000d0   Data           2  lv_grid.o(.bss.LV_STYLE_GRID_CELL_Y_ALIGN)
    LV_STYLE_GRID_COLUMN_ALIGN               0x200000d2   Data           2  lv_grid.o(.bss.LV_STYLE_GRID_COLUMN_ALIGN)
    LV_STYLE_GRID_COLUMN_DSC_ARRAY           0x200000d4   Data           2  lv_grid.o(.bss.LV_STYLE_GRID_COLUMN_DSC_ARRAY)
    LV_STYLE_GRID_ROW_ALIGN                  0x200000d6   Data           2  lv_grid.o(.bss.LV_STYLE_GRID_ROW_ALIGN)
    LV_STYLE_GRID_ROW_DSC_ARRAY              0x200000d8   Data           2  lv_grid.o(.bss.LV_STYLE_GRID_ROW_DSC_ARRAY)
    _lv_anim_ll                              0x200000dc   Data          12  lv_gc.o(.bss._lv_anim_ll)
    _lv_circle_cache                         0x200000ec   Data         112  lv_gc.o(.bss._lv_circle_cache)
    _lv_disp_ll                              0x2000015c   Data          12  lv_gc.o(.bss._lv_disp_ll)
    _lv_draw_mask_list                       0x20000168   Data         128  lv_gc.o(.bss._lv_draw_mask_list)
    _lv_fsdrv_ll                             0x200001e8   Data          12  lv_gc.o(.bss._lv_fsdrv_ll)
    _lv_grad_cache_mem                       0x200001f4   Data           4  lv_gc.o(.bss._lv_grad_cache_mem)
    _lv_group_ll                             0x200001f8   Data          12  lv_gc.o(.bss._lv_group_ll)
    _lv_img_cache_single                     0x20000204   Data          44  lv_gc.o(.bss._lv_img_cache_single)
    _lv_img_decoder_ll                       0x20000230   Data          12  lv_gc.o(.bss._lv_img_decoder_ll)
    _lv_indev_ll                             0x2000023c   Data          12  lv_gc.o(.bss._lv_indev_ll)
    _lv_layout_list                          0x20000248   Data           4  lv_gc.o(.bss._lv_layout_list)
    _lv_obj_style_trans_ll                   0x2000024c   Data          12  lv_gc.o(.bss._lv_obj_style_trans_ll)
    _lv_style_custom_prop_flag_lookup_table  0x20000258   Data           4  lv_gc.o(.bss._lv_style_custom_prop_flag_lookup_table)
    _lv_style_custom_prop_flag_lookup_table_size 0x2000025c   Data           4  lv_style.o(.bss._lv_style_custom_prop_flag_lookup_table_size)
    _lv_theme_default_styles                 0x20000260   Data           4  lv_gc.o(.bss._lv_theme_default_styles)
    _lv_timer_act                            0x20000264   Data           4  lv_gc.o(.bss._lv_timer_act)
    _lv_timer_ll                             0x20000268   Data          12  lv_gc.o(.bss._lv_timer_ll)
    frameup                                  0x200003c4   Data           1  video_dma.o(.bss.frameup)
    lv_mem_buf                               0x200007b8   Data         128  lv_gc.o(.bss.lv_mem_buf)
    outLayer                                 0x20002e48   Data          16  main.o(.bss.outLayer)
    __heap_base                              0x20002ed8   Data           0  startup_swm341.o(HEAP)
    __heap_limit                             0x20002ed8   Data           0  startup_swm341.o(HEAP)
    __initial_sp                             0x20006ed8   Data           0  startup_swm341.o(STACK)
    jpeg_buf                                 0x80400000   Data       524288  main.o(.bss.ARM.__at_0x80400000)



==============================================================================

Memory Map of the image

  Image Entry point : 0x000001a9

  Load Region LR_IROM1 (Base: 0x00000000, Size: 0x0003ab10, Max: 0x00080000, ABSOLUTE)

    Execution Region ER_IROM1 (Exec base: 0x00000000, Load base: 0x00000000, Size: 0x0003aa54, Max: 0x00080000, ABSOLUTE)

    Exec Addr    Load Addr    Size         Type   Attr      Idx    E Section Name        Object

    0x00000000   0x00000000   0x000001a8   Data   RO           47    RESET               startup_swm341.o
    0x000001a8   0x000001a8   0x00000000   Code   RO         1674  * .ARM.Collect$$$$00000000  mc_w.l(entry.o)
    0x000001a8   0x000001a8   0x00000004   Code   RO         1729    .ARM.Collect$$$$00000001  mc_w.l(entry2.o)
    0x000001ac   0x000001ac   0x00000004   Code   RO         1732    .ARM.Collect$$$$00000004  mc_w.l(entry5.o)
    0x000001b0   0x000001b0   0x00000000   Code   RO         1734    .ARM.Collect$$$$00000008  mc_w.l(entry7b.o)
    0x000001b0   0x000001b0   0x00000000   Code   RO         1736    .ARM.Collect$$$$0000000A  mc_w.l(entry8b.o)
    0x000001b0   0x000001b0   0x00000008   Code   RO         1737    .ARM.Collect$$$$0000000B  mc_w.l(entry9a.o)
    0x000001b8   0x000001b8   0x00000000   Code   RO         1739    .ARM.Collect$$$$0000000D  mc_w.l(entry10a.o)
    0x000001b8   0x000001b8   0x00000000   Code   RO         1741    .ARM.Collect$$$$0000000F  mc_w.l(entry11a.o)
    0x000001b8   0x000001b8   0x00000004   Code   RO         1730    .ARM.Collect$$$$00002712  mc_w.l(entry2.o)
    0x000001bc   0x000001bc   0x000005c2   Code   RO            1    .text               main.o
    0x0000077e   0x0000077e   0x00000002   PAD
    0x00000780   0x00000780   0x000000ca   Code   RO           36    .text               dev_systick.o
    0x0000084a   0x0000084a   0x00000002   PAD
    0x0000084c   0x0000084c   0x000000d8   Code   RO           48    .text               startup_swm341.o
    0x00000924   0x00000924   0x00000870   Code   RO           54    .text               system_swm341.o
    0x00001194   0x00001194   0x00000066   Code   RO          100    .text               swm341_dac.o
    0x000011fa   0x000011fa   0x00000002   PAD
    0x000011fc   0x000011fc   0x000002f6   Code   RO          116    .text               swm341_dma.o
    0x000014f2   0x000014f2   0x00000002   PAD
    0x000014f4   0x000014f4   0x000001d8   Code   RO          125    .text               swm341_dma2d.o
    0x000016cc   0x000016cc   0x00000136   Code   RO          142    .text               swm341_flash.o
    0x00001802   0x00001802   0x00000002   PAD
    0x00001804   0x00001804   0x0000028c   Code   RO          154    .text               swm341_gpio.o
    0x00001a90   0x00001a90   0x00000298   Code   RO          188    .text               swm341_lcd.o
    0x00001d28   0x00001d28   0x0000004a   Code   RO          197    .text               swm341_port.o
    0x00001d72   0x00001d72   0x00000002   PAD
    0x00001d74   0x00001d74   0x000000f4   Code   RO          241    .text               swm341_sdram.o
    0x00001e68   0x00001e68   0x00000b04   Code   RO          267    .text               swm341_timr.o
    0x0000296c   0x0000296c   0x0000035a   Code   RO          275    .text               swm341_uart.o
    0x00002cc6   0x00002cc6   0x00000002   PAD
    0x00002cc8   0x00002cc8   0x000001be   Code   RO          319    .text               swm_delay.o
    0x00002e86   0x00002e86   0x00000002   PAD
    0x00002e88   0x00002e88   0x0000283c   Code   RO          329    .text               screen.o
    0x000056c4   0x000056c4   0x00000116   Code   RO          408    .text               video_dma.o
    0x000057da   0x000057da   0x00000002   PAD
    0x000057dc   0x000057dc   0x000000fa   Code   RO          418    .text               lv_port_disp_template.o
    0x000058d6   0x000058d6   0x00000002   PAD
    0x000058d8   0x000058d8   0x00000680   Code   RO          434    .text               lv_disp.o
    0x00005f58   0x00005f58   0x000005f4   Code   RO          443    .text               lv_event.o
    0x0000654c   0x0000654c   0x00000998   Code   RO          454    .text               lv_group.o
    0x00006ee4   0x00006ee4   0x0000100c   Code   RO          464    .text               lv_indev.o
    0x00007ef0   0x00007ef0   0x00000cfc   Code   RO          475    .text               lv_indev_scroll.o
    0x00008bec   0x00008bec   0x00000f32   Code   RO          484    .text               lv_obj.o
    0x00009b1e   0x00009b1e   0x00000002   PAD
    0x00009b20   0x00009b20   0x000001e0   Code   RO          496    .text               lv_obj_class.o
    0x00009d00   0x00009d00   0x0000072e   Code   RO          505    .text               lv_obj_draw.o
    0x0000a42e   0x0000a42e   0x00000002   PAD
    0x0000a430   0x0000a430   0x00002064   Code   RO          514    .text               lv_obj_pos.o
    0x0000c494   0x0000c494   0x0000142c   Code   RO          525    .text               lv_obj_scroll.o
    0x0000d8c0   0x0000d8c0   0x0000110a   Code   RO          534    .text               lv_obj_style.o
    0x0000e9ca   0x0000e9ca   0x00000002   PAD
    0x0000e9cc   0x0000e9cc   0x000003ee   Code   RO          544    .text               lv_obj_style_gen.o
    0x0000edba   0x0000edba   0x00000002   PAD
    0x0000edbc   0x0000edbc   0x000008b2   Code   RO          552    .text               lv_obj_tree.o
    0x0000f66e   0x0000f66e   0x00000002   PAD
    0x0000f670   0x0000f670   0x00001116   Code   RO          561    .text               lv_refr.o
    0x00010786   0x00010786   0x00000002   PAD
    0x00010788   0x00010788   0x00000134   Code   RO          572    .text               lv_theme.o
    0x000108bc   0x000108bc   0x0000012c   Code   RO          581    .text               lv_draw_sw.o
    0x000109e8   0x000109e8   0x00000ab2   Code   RO          589    .text               lv_draw_sw_arc.o
    0x0001149a   0x0001149a   0x00000002   PAD
    0x0001149c   0x0001149c   0x0000118e   Code   RO          598    .text               lv_draw_sw_blend.o
    0x0001262a   0x0001262a   0x00000002   PAD
    0x0001262c   0x0001262c   0x000004b2   Code   RO          609    .text               lv_draw_sw_gradient.o
    0x00012ade   0x00012ade   0x00000002   PAD
    0x00012ae0   0x00012ae0   0x00000514   Code   RO          621    .text               lv_draw_sw_img.o
    0x00012ff4   0x00012ff4   0x0000020e   Code   RO          630    .text               lv_draw_sw_layer.o
    0x00013202   0x00013202   0x00000002   PAD
    0x00013204   0x00013204   0x00000460   Code   RO          639    .text               lv_draw_sw_letter.o
    0x00013664   0x00013664   0x000007d0   Code   RO          656    .text               lv_draw_sw_line.o
    0x00013e34   0x00013e34   0x000002c6   Code   RO          665    .text               lv_draw_sw_polygon.o
    0x000140fa   0x000140fa   0x00000002   PAD
    0x000140fc   0x000140fc   0x00001db4   Code   RO          673    .text               lv_draw_sw_rect.o
    0x00015eb0   0x00015eb0   0x000007b2   Code   RO          682    .text               lv_draw_sw_transform.o
    0x00016662   0x00016662   0x00000002   PAD
    0x00016664   0x00016664   0x0000000e   Code   RO          718    .text               lv_draw.o
    0x00016672   0x00016672   0x00000002   PAD
    0x00016674   0x00016674   0x0000046c   Code   RO          725    .text               lv_draw_arc.o
    0x00016ae0   0x00016ae0   0x000003f0   Code   RO          733    .text               lv_draw_img.o
    0x00016ed0   0x00016ed0   0x00000696   Code   RO          743    .text               lv_draw_label.o
    0x00017566   0x00017566   0x00000002   PAD
    0x00017568   0x00017568   0x000000c4   Code   RO          752    .text               lv_draw_layer.o
    0x0001762c   0x0001762c   0x00000032   Code   RO          760    .text               lv_draw_line.o
    0x0001765e   0x0001765e   0x00000002   PAD
    0x00017660   0x00017660   0x00001b5a   Code   RO          767    .text               lv_draw_mask.o
    0x000191ba   0x000191ba   0x00000002   PAD
    0x000191bc   0x000191bc   0x00000078   Code   RO          776    .text               lv_draw_rect.o
    0x00019234   0x00019234   0x00000036   Code   RO          784    .text               lv_draw_transform.o
    0x0001926a   0x0001926a   0x00000002   PAD
    0x0001926c   0x0001926c   0x000006d2   Code   RO          799    .text               lv_img_buf.o
    0x0001993e   0x0001993e   0x00000002   PAD
    0x00019940   0x00019940   0x0000005e   Code   RO          808    .text               lv_img_cache.o
    0x0001999e   0x0001999e   0x00000002   PAD
    0x000199a0   0x000199a0   0x00000888   Code   RO          816    .text               lv_img_decoder.o
    0x0001a228   0x0001a228   0x00000196   Code   RO          827    .text               lv_font.o
    0x0001a3be   0x0001a3be   0x00000002   PAD
    0x0001a3c0   0x0001a3c0   0x0000029c   Code   RO          837    .text               lv_font_fmt_txt.o
    0x0001a65c   0x0001a65c   0x000008fc   Code   RO          897    .text               lv_hal_disp.o
    0x0001af58   0x0001af58   0x0000015c   Code   RO          913    .text               lv_hal_indev.o
    0x0001b0b4   0x0001b0b4   0x00000062   Code   RO          922    .text               lv_hal_tick.o
    0x0001b116   0x0001b116   0x00000002   PAD
    0x0001b118   0x0001b118   0x00000700   Code   RO          932    .text               lv_anim.o
    0x0001b818   0x0001b818   0x00000942   Code   RO          954    .text               lv_area.o
    0x0001c15a   0x0001c15a   0x00000002   PAD
    0x0001c15c   0x0001c15c   0x000000b6   Code   RO          966    .text               lv_async.o
    0x0001c212   0x0001c212   0x00000002   PAD
    0x0001c214   0x0001c214   0x0000044a   Code   RO          975    .text               lv_color.o
    0x0001c65e   0x0001c65e   0x00000002   PAD
    0x0001c660   0x0001c660   0x00000640   Code   RO          987    .text               lv_fs.o
    0x0001cca0   0x0001cca0   0x00000376   Code   RO         1023    .text               lv_ll.o
    0x0001d016   0x0001d016   0x00000002   PAD
    0x0001d018   0x0001d018   0x00000260   Code   RO         1042    .text               lv_math.o
    0x0001d278   0x0001d278   0x0000021e   Code   RO         1052    .text               lv_mem.o
    0x0001d496   0x0001d496   0x00000002   PAD
    0x0001d498   0x0001d498   0x000009e4   Code   RO         1062    .text               lv_printf.o
    0x0001de7c   0x0001de7c   0x000005a2   Code   RO         1071    .text               lv_style.o
    0x0001e41e   0x0001e41e   0x00000002   PAD
    0x0001e420   0x0001e420   0x000002a0   Code   RO         1083    .text               lv_style_gen.o
    0x0001e6c0   0x0001e6c0   0x00000328   Code   RO         1092    .text               lv_timer.o
    0x0001e9e8   0x0001e9e8   0x000008de   Code   RO         1110    .text               lv_txt.o
    0x0001f2c6   0x0001f2c6   0x00000002   PAD
    0x0001f2c8   0x0001f2c8   0x00000050   Code   RO         1128    .text               lv_utils.o
    0x0001f318   0x0001f318   0x0000101e   Code   RO         1136    .text               lv_arc.o
    0x00020336   0x00020336   0x00000002   PAD
    0x00020338   0x00020338   0x000008ee   Code   RO         1146    .text               lv_bar.o
    0x00020c26   0x00020c26   0x00000002   PAD
    0x00020c28   0x00020c28   0x00000036   Code   RO         1156    .text               lv_btn.o
    0x00020c5e   0x00020c5e   0x00000002   PAD
    0x00020c60   0x00020c60   0x0000124c   Code   RO         1165    .text               lv_btnmatrix.o
    0x00021eac   0x00021eac   0x000003ec   Code   RO         1187    .text               lv_checkbox.o
    0x00022298   0x00022298   0x000010f6   Code   RO         1196    .text               lv_dropdown.o
    0x0002338e   0x0002338e   0x00000002   PAD
    0x00023390   0x00023390   0x00000cb6   Code   RO         1208    .text               lv_img.o
    0x00024046   0x00024046   0x00000002   PAD
    0x00024048   0x00024048   0x00001320   Code   RO         1218    .text               lv_label.o
    0x00025368   0x00025368   0x00000216   Code   RO         1228    .text               lv_line.o
    0x0002557e   0x0002557e   0x00000002   PAD
    0x00025580   0x00025580   0x00000d6e   Code   RO         1239    .text               lv_roller.o
    0x000262ee   0x000262ee   0x00000002   PAD
    0x000262f0   0x000262f0   0x00000914   Code   RO         1251    .text               lv_slider.o
    0x00026c04   0x00026c04   0x00000304   Code   RO         1261    .text               lv_switch.o
    0x00026f08   0x00026f08   0x000011c2   Code   RO         1271    .text               lv_table.o
    0x000280ca   0x000280ca   0x00000002   PAD
    0x000280cc   0x000280cc   0x000015b6   Code   RO         1282    .text               lv_textarea.o
    0x00029682   0x00029682   0x00000002   PAD
    0x00029684   0x00029684   0x00000d18   Code   RO         1294    .text               lv_flex.o
    0x0002a39c   0x0002a39c   0x00000d30   Code   RO         1309    .text               lv_grid.o
    0x0002b0cc   0x0002b0cc   0x000042c0   Code   RO         1371    .text               lv_theme_default.o
    0x0002f38c   0x0002f38c   0x00000676   Code   RO         1414    .text               lv_calendar.o
    0x0002fa02   0x0002fa02   0x00000002   PAD
    0x0002fa04   0x0002fa04   0x000001bc   Code   RO         1425    .text               lv_calendar_header_arrow.o
    0x0002fbc0   0x0002fbc0   0x00000184   Code   RO         1436    .text               lv_calendar_header_dropdown.o
    0x0002fd44   0x0002fd44   0x000025bc   Code   RO         1446    .text               lv_chart.o
    0x00032300   0x00032300   0x00000f7a   Code   RO         1457    .text               lv_colorwheel.o
    0x0003327a   0x0003327a   0x00000002   PAD
    0x0003327c   0x0003327c   0x000003e8   Code   RO         1483    .text               lv_keyboard.o
    0x00033664   0x00033664   0x000003f6   Code   RO         1504    .text               lv_led.o
    0x00033a5a   0x00033a5a   0x00000002   PAD
    0x00033a5c   0x00033a5c   0x000008c4   Code   RO         1526    .text               lv_menu.o
    0x00034320   0x00034320   0x00000e24   Code   RO         1546    .text               lv_meter.o
    0x00035144   0x00035144   0x0000055c   Code   RO         1581    .text               lv_spinbox.o
    0x000356a0   0x000356a0   0x000000ce   Code   RO         1591    .text               lv_spinner.o
    0x0003576e   0x0003576e   0x00000002   PAD
    0x00035770   0x00035770   0x00000546   Code   RO         1603    .text               lv_tabview.o
    0x00035cb6   0x00035cb6   0x00000002   PAD
    0x00035cb8   0x00035cb8   0x000002d2   Code   RO         1616    .text               lv_tileview.o
    0x00035f8a   0x00035f8a   0x00000002   PAD
    0x00035f8c   0x00035f8c   0x00000116   Code   RO         1629    .text               lv_win.o
    0x000360a2   0x000360a2   0x00000002   PAD
    0x000360a4   0x000360a4   0x0000000e   Code   RO         1639    .text               lv_extra.o
    0x000360b2   0x000360b2   0x00000002   PAD
    0x000360b4   0x000360b4   0x000000d4   Code   RO         1646    .text               lv_function1_test.o
    0x00036188   0x00036188   0x00000062   Code   RO         1677    .text               mc_w.l(uldiv.o)
    0x000361ea   0x000361ea   0x00000024   Code   RO         1679    .text               mc_w.l(memcpya.o)
    0x0003620e   0x0003620e   0x00000024   Code   RO         1681    .text               mc_w.l(memseta.o)
    0x00036232   0x00036232   0x0000000e   Code   RO         1683    .text               mc_w.l(strlen.o)
    0x00036240   0x00036240   0x0000001c   Code   RO         1685    .text               mc_w.l(strcmp.o)
    0x0003625c   0x0003625c   0x0000001a   Code   RO         1687    .text               mc_w.l(memcmp.o)
    0x00036276   0x00036276   0x00000012   Code   RO         1689    .text               mc_w.l(strcpy.o)
    0x00036288   0x00036288   0x0000001e   Code   RO         1743    .text               mc_w.l(llshl.o)
    0x000362a6   0x000362a6   0x00000020   Code   RO         1745    .text               mc_w.l(llushr.o)
    0x000362c6   0x000362c6   0x00000002   PAD
    0x000362c8   0x000362c8   0x00000024   Code   RO         1756    .text               mc_w.l(init.o)
    0x000362ec   0x000362ec   0x0000005c   Code   RO         1697    i.__free$realloc    mc_w.l(mallocr.o)
    0x00036348   0x00036348   0x00000050   Code   RO         1698    i.__malloc$realloc  mc_w.l(mallocr.o)
    0x00036398   0x00036398   0x0000000e   Code   RO         1762    i.__scatterload_copy  mc_w.l(handlers.o)
    0x000363a6   0x000363a6   0x00000002   Code   RO         1763    i.__scatterload_null  mc_w.l(handlers.o)
    0x000363a8   0x000363a8   0x0000000e   Code   RO         1764    i.__scatterload_zeroinit  mc_w.l(handlers.o)
    0x000363b6   0x000363b6   0x00000002   PAD
    0x000363b8   0x000363b8   0x00000050   Code   RO         1699    i.internal_alloc    mc_w.l(mallocr.o)
    0x00036408   0x00036408   0x0000006c   Code   RO         1700    i.realloc           mc_w.l(mallocr.o)
    0x00036474   0x00036474   0x0000000c   Data   RO          600    .rodata..Lswitch.table.lv_draw_sw_blend_basic.1  lv_draw_sw_blend.o
    0x00036480   0x00036480   0x0000000c   Data   RO         1538    .rodata..Lswitch.table.lv_menu_refr_sidebar_header_mode  lv_menu.o
    0x0003648c   0x0003648c   0x00000002   Data   RO          641    .rodata._lv_bpp1_opa_table  lv_draw_sw_letter.o
    0x0003648e   0x0003648e   0x00000004   Data   RO          642    .rodata._lv_bpp2_opa_table  lv_draw_sw_letter.o
    0x00036492   0x00036492   0x00000010   Data   RO          644    .rodata._lv_bpp4_opa_table  lv_draw_sw_letter.o
    0x000364a2   0x000364a2   0x00000100   Data   RO          645    .rodata._lv_bpp8_opa_table  lv_draw_sw_letter.o
    0x000365a2   0x000365a2   0x00000070   Data   RO         1073    .rodata._lv_style_builtin_prop_flag_lookup_table  lv_style.o
    0x00036612   0x00036612   0x00000002   PAD
    0x00036614   0x00036614   0x00000028   Data   RO          863    .rodata.cmaps       lv_font_montserrat_14.o
    0x0003663c   0x0003663c   0x00000050   Data   RO         1493    .rodata.default_kb_ctrl_lc_map  lv_keyboard.o
    0x0003668c   0x0003668c   0x00000022   Data   RO         1496    .rodata.default_kb_ctrl_num_map  lv_keyboard.o
    0x000366ae   0x000366ae   0x00000050   Data   RO         1495    .rodata.default_kb_ctrl_spec_map  lv_keyboard.o
    0x000366fe   0x000366fe   0x00000050   Data   RO         1494    .rodata.default_kb_ctrl_uc_map  lv_keyboard.o
    0x0003674e   0x0003674e   0x00000002   PAD
    0x00036750   0x00036750   0x000000b0   Data   RO         1489    .rodata.default_kb_map_lc  lv_keyboard.o
    0x00036800   0x00036800   0x00000054   Data   RO         1492    .rodata.default_kb_map_num  lv_keyboard.o
    0x00036854   0x00036854   0x000000b0   Data   RO         1491    .rodata.default_kb_map_spec  lv_keyboard.o
    0x00036904   0x00036904   0x000000b0   Data   RO         1490    .rodata.default_kb_map_uc  lv_keyboard.o
    0x000369b4   0x000369b4   0x00000018   Data   RO          866    .rodata.font_dsc    lv_font_montserrat_14.o
    0x000369cc   0x000369cc   0x00002280   Data   RO          862    .rodata.glyph_bitmap  lv_font_montserrat_14.o
    0x00038c4c   0x00038c4c   0x000004f0   Data   RO          867    .rodata.glyph_dsc   lv_font_montserrat_14.o
    0x0003913c   0x0003913c   0x00000bad   Data   RO          869    .rodata.kern_class_values  lv_font_montserrat_14.o
    0x00039ce9   0x00039ce9   0x00000003   PAD
    0x00039cec   0x00039cec   0x00000010   Data   RO          864    .rodata.kern_classes  lv_font_montserrat_14.o
    0x00039cfc   0x00039cfc   0x0000009e   Data   RO          870    .rodata.kern_left_class_mapping  lv_font_montserrat_14.o
    0x00039d9a   0x00039d9a   0x0000009e   Data   RO          871    .rodata.kern_right_class_mapping  lv_font_montserrat_14.o
    0x00039e38   0x00039e38   0x0000001c   Data   RO         1138    .rodata.lv_arc_class  lv_arc.o
    0x00039e54   0x00039e54   0x0000001c   Data   RO         1148    .rodata.lv_bar_class  lv_bar.o
    0x00039e70   0x00039e70   0x0000001c   Data   RO         1158    .rodata.lv_btn_class  lv_btn.o
    0x00039e8c   0x00039e8c   0x0000001c   Data   RO         1167    .rodata.lv_btnmatrix_class  lv_btnmatrix.o
    0x00039ea8   0x00039ea8   0x0000001c   Data   RO         1416    .rodata.lv_calendar_class  lv_calendar.o
    0x00039ec4   0x00039ec4   0x0000001c   Data   RO         1427    .rodata.lv_calendar_header_arrow_class  lv_calendar_header_arrow.o
    0x00039ee0   0x00039ee0   0x0000001c   Data   RO         1438    .rodata.lv_calendar_header_dropdown_class  lv_calendar_header_dropdown.o
    0x00039efc   0x00039efc   0x0000001c   Data   RO         1448    .rodata.lv_chart_class  lv_chart.o
    0x00039f18   0x00039f18   0x0000001c   Data   RO         1189    .rodata.lv_checkbox_class  lv_checkbox.o
    0x00039f34   0x00039f34   0x0000001c   Data   RO         1459    .rodata.lv_colorwheel_class  lv_colorwheel.o
    0x00039f50   0x00039f50   0x0000001c   Data   RO         1198    .rodata.lv_dropdown_class  lv_dropdown.o
    0x00039f6c   0x00039f6c   0x0000001c   Data   RO         1199    .rodata.lv_dropdownlist_class  lv_dropdown.o
    0x00039f88   0x00039f88   0x0000001c   Data   RO          861    .rodata.lv_font_montserrat_14  lv_font_montserrat_14.o
    0x00039fa4   0x00039fa4   0x0000001c   Data   RO         1210    .rodata.lv_img_class  lv_img.o
    0x00039fc0   0x00039fc0   0x0000001c   Data   RO         1485    .rodata.lv_keyboard_class  lv_keyboard.o
    0x00039fdc   0x00039fdc   0x0000001c   Data   RO         1220    .rodata.lv_label_class  lv_label.o
    0x00039ff8   0x00039ff8   0x0000001c   Data   RO         1506    .rodata.lv_led_class  lv_led.o
    0x0003a014   0x0003a014   0x0000001c   Data   RO         1230    .rodata.lv_line_class  lv_line.o
    0x0003a030   0x0003a030   0x0000001c   Data   RO         1517    .rodata.lv_list_btn_class  lv_list.o
    0x0003a04c   0x0003a04c   0x0000001c   Data   RO         1516    .rodata.lv_list_class  lv_list.o
    0x0003a068   0x0003a068   0x0000001c   Data   RO         1518    .rodata.lv_list_text_class  lv_list.o
    0x0003a084   0x0003a084   0x0000001c   Data   RO         1528    .rodata.lv_menu_class  lv_menu.o
    0x0003a0a0   0x0003a0a0   0x0000001c   Data   RO         1530    .rodata.lv_menu_cont_class  lv_menu.o
    0x0003a0bc   0x0003a0bc   0x0000001c   Data   RO         1534    .rodata.lv_menu_main_cont_class  lv_menu.o
    0x0003a0d8   0x0003a0d8   0x0000001c   Data   RO         1535    .rodata.lv_menu_main_header_cont_class  lv_menu.o
    0x0003a0f4   0x0003a0f4   0x0000001c   Data   RO         1529    .rodata.lv_menu_page_class  lv_menu.o
    0x0003a110   0x0003a110   0x0000001c   Data   RO         1531    .rodata.lv_menu_section_class  lv_menu.o
    0x0003a12c   0x0003a12c   0x0000001c   Data   RO         1532    .rodata.lv_menu_separator_class  lv_menu.o
    0x0003a148   0x0003a148   0x0000001c   Data   RO         1533    .rodata.lv_menu_sidebar_cont_class  lv_menu.o
    0x0003a164   0x0003a164   0x0000001c   Data   RO         1536    .rodata.lv_menu_sidebar_header_cont_class  lv_menu.o
    0x0003a180   0x0003a180   0x0000001c   Data   RO         1548    .rodata.lv_meter_class  lv_meter.o
    0x0003a19c   0x0003a19c   0x0000001c   Data   RO         1560    .rodata.lv_msgbox_backdrop_class  lv_msgbox.o
    0x0003a1b8   0x0003a1b8   0x0000001c   Data   RO         1558    .rodata.lv_msgbox_class  lv_msgbox.o
    0x0003a1d4   0x0003a1d4   0x0000001c   Data   RO          486    .rodata.lv_obj_class  lv_obj.o
    0x0003a1f0   0x0003a1f0   0x00000098   Data   RO          979    .rodata.lv_palette_darken.colors  lv_color.o
    0x0003a288   0x0003a288   0x000000be   Data   RO          978    .rodata.lv_palette_lighten.colors  lv_color.o
    0x0003a346   0x0003a346   0x00000026   Data   RO          977    .rodata.lv_palette_main.colors  lv_color.o
    0x0003a36c   0x0003a36c   0x0000001c   Data   RO         1241    .rodata.lv_roller_class  lv_roller.o
    0x0003a388   0x0003a388   0x0000001c   Data   RO         1242    .rodata.lv_roller_label_class  lv_roller.o
    0x0003a3a4   0x0003a3a4   0x0000001c   Data   RO         1253    .rodata.lv_slider_class  lv_slider.o
    0x0003a3c0   0x0003a3c0   0x0000001c   Data   RO         1583    .rodata.lv_spinbox_class  lv_spinbox.o
    0x0003a3dc   0x0003a3dc   0x0000001c   Data   RO         1593    .rodata.lv_spinner_class  lv_spinner.o
    0x0003a3f8   0x0003a3f8   0x0000001c   Data   RO         1263    .rodata.lv_switch_class  lv_switch.o
    0x0003a414   0x0003a414   0x0000001c   Data   RO         1273    .rodata.lv_table_class  lv_table.o
    0x0003a430   0x0003a430   0x0000001c   Data   RO         1605    .rodata.lv_tabview_class  lv_tabview.o
    0x0003a44c   0x0003a44c   0x0000001c   Data   RO         1284    .rodata.lv_textarea_class  lv_textarea.o
    0x0003a468   0x0003a468   0x0000001c   Data   RO         1618    .rodata.lv_tileview_class  lv_tileview.o
    0x0003a484   0x0003a484   0x0000001c   Data   RO         1619    .rodata.lv_tileview_tile_class  lv_tileview.o
    0x0003a4a0   0x0003a4a0   0x0000001c   Data   RO         1631    .rodata.lv_win_class  lv_win.o
    0x0003a4bc   0x0003a4bc   0x00000030   Data   RO         1429    .rodata.month_names_def  lv_calendar_header_arrow.o
    0x0003a4ec   0x0003a4ec   0x000000b6   Data   RO         1044    .rodata.sin0_90_table  lv_math.o
    0x0003a5a2   0x0003a5a2   0x00000008   Data   RO          735    .rodata.str1.1      lv_draw_img.o
    0x0003a5aa   0x0003a5aa   0x00000004   Data   RO          818    .rodata.str1.1      lv_img_decoder.o
    0x0003a5ae   0x0003a5ae   0x0000001b   Data   RO         1168    .rodata.str1.1      lv_btnmatrix.o
    0x0003a5c9   0x0003a5c9   0x0000001b   Data   RO         1200    .rodata.str1.1      lv_dropdown.o
    0x0003a5e4   0x0003a5e4   0x0000002d   Data   RO         1243    .rodata.str1.1      lv_roller.o
    0x0003a611   0x0003a611   0x00000006   Data   RO         1285    .rodata.str1.1      lv_textarea.o
    0x0003a617   0x0003a617   0x00000018   Data   RO         1417    .rodata.str1.1      lv_calendar.o
    0x0003a62f   0x0003a62f   0x0000005c   Data   RO         1428    .rodata.str1.1      lv_calendar_header_arrow.o
    0x0003a68b   0x0003a68b   0x00000267   Data   RO         1439    .rodata.str1.1      lv_calendar_header_dropdown.o
    0x0003a8f2   0x0003a8f2   0x000000af   Data   RO         1488    .rodata.str1.1      lv_keyboard.o
    0x0003a9a1   0x0003a9a1   0x00000001   PAD
    0x0003a9a2   0x0003a9a2   0x00000016   Data   RO         1377    .rodata.style_init.trans_props  lv_theme_default.o
    0x0003a9b8   0x0003a9b8   0x0000007c   Data   RO          868    .rodata.unicode_list_1  lv_font_montserrat_14.o
    0x0003aa34   0x0003aa34   0x00000020   Data   RO         1761    Region$$Table       anon$$obj.o


    Execution Region RW_IRAM1 (Exec base: 0x20000000, Load base: 0x0003aa58, Size: 0x00006ed8, Max: 0x00010000, ABSOLUTE)

    Exec Addr    Load Addr    Size         Type   Attr      Idx    E Section Name        Object

    0x20000000   0x0003aa58   0x00000004   Data   RW         1747    .data               mc_w.l(mvars.o)
    0x20000004   0x0003aa5c   0x00000004   Data   RW         1748    .data               mc_w.l(mvars.o)
    0x20000008   0x0003aa60   0x00000004   Data   RW           57    .data.CyclesPerUs   system_swm341.o
    0x2000000c   0x0003aa64   0x00000004   Data   RW            3    .data.LCD_Buffer    main.o
    0x20000010   0x0003aa68   0x00000004   Data   RW           56    .data.SystemCoreClock  system_swm341.o
    0x20000014   0x0003aa6c   0x00000004   Data   RW         1117    .data._lv_txt_encoded_get_byte_id  lv_txt.o
    0x20000018   0x0003aa70   0x00000004   Data   RW         1118    .data._lv_txt_encoded_get_char_id  lv_txt.o
    0x2000001c   0x0003aa74   0x00000004   Data   RW         1115    .data._lv_txt_encoded_next  lv_txt.o
    0x20000020   0x0003aa78   0x00000004   Data   RW         1116    .data._lv_txt_encoded_prev  lv_txt.o
    0x20000024   0x0003aa7c   0x00000004   Data   RW         1112    .data._lv_txt_encoded_size  lv_txt.o
    0x20000028   0x0003aa80   0x00000004   Data   RW         1119    .data._lv_txt_get_encoded_length  lv_txt.o
    0x2000002c   0x0003aa84   0x00000004   Data   RW         1113    .data._lv_txt_unicode_to_encoded  lv_txt.o
    0x20000030   0x0003aa88   0x00000002   Data   RW         1465    .data.angle_to_mode_color_fast.angle_saved  lv_colorwheel.o
    0x20000032   0x0003aa8a   0x00000001   Data   RW         1464    .data.angle_to_mode_color_fast.m  lv_colorwheel.o
    0x20000033   0x0003aa8b   0x00000001   Data   RW          411    .data.dac_dma       video_dma.o
    0x20000034   0x0003aa8c   0x00000001   Data   RW          423    .data.disp_flush_enabled  lv_port_disp_template.o
    0x20000035   0x0003aa8d   0x00000003   PAD
    0x20000038   0x0003aa90   0x00000024   Data   RW         1487    .data.kb_ctrl       lv_keyboard.o
    0x2000005c   0x0003aab4   0x00000024   Data   RW         1486    .data.kb_map        lv_keyboard.o
    0x20000080   0x0003aad8   0x00000002   Data   RW         1075    .data.last_custom_prop_id  lv_style.o
    0x20000082   0x0003aada   0x00000002   PAD
    0x20000084   0x0003aadc   0x0000001c   Data   RW         1169    .data.lv_btnmatrix_def_map  lv_btnmatrix.o
    0x200000a0   0x0003aaf8   0x00000004   Data   RW          446    .data.lv_event_register_id.last_id  lv_event.o
    0x200000a4   0x0003aafc   0x00000004   Data   RW          956    .data.lv_point_transform.angle_prev  lv_area.o
    0x200000a8   0x0003ab00   0x00000004   Data   RW         1045    .data.lv_rand.a     lv_math.o
    0x200000ac   0x0003ab04   0x00000001   Data   RW          536    .data.style_refr    lv_obj_style.o
    0x200000ad   0x0003ab05   0x00000003   PAD
    0x200000b0   0x0003ab08   0x00000004   Data   RW         1054    .data.zero_mem      lv_mem.o
    0x200000b4   0x0003ab0c   0x00000004   PAD
    0x200000b8        -       0x00000002   Zero   RW         1296    .bss.LV_LAYOUT_FLEX  lv_flex.o
    0x200000ba        -       0x00000002   Zero   RW         1311    .bss.LV_LAYOUT_GRID  lv_grid.o
    0x200000bc        -       0x00000002   Zero   RW         1299    .bss.LV_STYLE_FLEX_CROSS_PLACE  lv_flex.o
    0x200000be        -       0x00000002   Zero   RW         1297    .bss.LV_STYLE_FLEX_FLOW  lv_flex.o
    0x200000c0        -       0x00000002   Zero   RW         1301    .bss.LV_STYLE_FLEX_GROW  lv_flex.o
    0x200000c2        -       0x00000002   Zero   RW         1298    .bss.LV_STYLE_FLEX_MAIN_PLACE  lv_flex.o
    0x200000c4        -       0x00000002   Zero   RW         1300    .bss.LV_STYLE_FLEX_TRACK_PLACE  lv_flex.o
    0x200000c6        -       0x00000002   Zero   RW         1319    .bss.LV_STYLE_GRID_CELL_COLUMN_POS  lv_grid.o
    0x200000c8        -       0x00000002   Zero   RW         1318    .bss.LV_STYLE_GRID_CELL_COLUMN_SPAN  lv_grid.o
    0x200000ca        -       0x00000002   Zero   RW         1317    .bss.LV_STYLE_GRID_CELL_ROW_POS  lv_grid.o
    0x200000cc        -       0x00000002   Zero   RW         1316    .bss.LV_STYLE_GRID_CELL_ROW_SPAN  lv_grid.o
    0x200000ce        -       0x00000002   Zero   RW         1320    .bss.LV_STYLE_GRID_CELL_X_ALIGN  lv_grid.o
    0x200000d0        -       0x00000002   Zero   RW         1321    .bss.LV_STYLE_GRID_CELL_Y_ALIGN  lv_grid.o
    0x200000d2        -       0x00000002   Zero   RW         1314    .bss.LV_STYLE_GRID_COLUMN_ALIGN  lv_grid.o
    0x200000d4        -       0x00000002   Zero   RW         1312    .bss.LV_STYLE_GRID_COLUMN_DSC_ARRAY  lv_grid.o
    0x200000d6        -       0x00000002   Zero   RW         1315    .bss.LV_STYLE_GRID_ROW_ALIGN  lv_grid.o
    0x200000d8        -       0x00000002   Zero   RW         1313    .bss.LV_STYLE_GRID_ROW_DSC_ARRAY  lv_grid.o
    0x200000da   0x0003ab0c   0x00000002   PAD
    0x200000dc        -       0x0000000c   Zero   RW         1003    .bss._lv_anim_ll    lv_gc.o
    0x200000e8        -       0x00000004   Zero   RW          934    .bss._lv_anim_tmr   lv_anim.o
    0x200000ec        -       0x00000070   Zero   RW         1011    .bss._lv_circle_cache  lv_gc.o
    0x2000015c        -       0x0000000c   Zero   RW         1000    .bss._lv_disp_ll    lv_gc.o
    0x20000168        -       0x00000080   Zero   RW         1012    .bss._lv_draw_mask_list  lv_gc.o
    0x200001e8        -       0x0000000c   Zero   RW         1002    .bss._lv_fsdrv_ll   lv_gc.o
    0x200001f4        -       0x00000004   Zero   RW         1015    .bss._lv_grad_cache_mem  lv_gc.o
    0x200001f8        -       0x0000000c   Zero   RW         1004    .bss._lv_group_ll   lv_gc.o
    0x20000204        -       0x0000002c   Zero   RW         1008    .bss._lv_img_cache_single  lv_gc.o
    0x20000230        -       0x0000000c   Zero   RW         1005    .bss._lv_img_decoder_ll  lv_gc.o
    0x2000023c        -       0x0000000c   Zero   RW         1001    .bss._lv_indev_ll   lv_gc.o
    0x20000248        -       0x00000004   Zero   RW         1007    .bss._lv_layout_list  lv_gc.o
    0x2000024c        -       0x0000000c   Zero   RW         1006    .bss._lv_obj_style_trans_ll  lv_gc.o
    0x20000258        -       0x00000004   Zero   RW         1016    .bss._lv_style_custom_prop_flag_lookup_table  lv_gc.o
    0x2000025c        -       0x00000004   Zero   RW         1074    .bss._lv_style_custom_prop_flag_lookup_table_size  lv_style.o
    0x20000260        -       0x00000004   Zero   RW         1013    .bss._lv_theme_default_styles  lv_gc.o
    0x20000264        -       0x00000004   Zero   RW         1009    .bss._lv_timer_act  lv_gc.o
    0x20000268        -       0x0000000c   Zero   RW          999    .bss._lv_timer_ll   lv_gc.o
    0x20000274        -       0x00000002   Zero   RW         1461    .bss.angle_to_mode_color_fast.h  lv_colorwheel.o
    0x20000276        -       0x00000001   Zero   RW         1462    .bss.angle_to_mode_color_fast.s  lv_colorwheel.o
    0x20000277        -       0x00000001   Zero   RW         1463    .bss.angle_to_mode_color_fast.v  lv_colorwheel.o
    0x20000278        -       0x00000001   Zero   RW          935    .bss.anim_list_changed  lv_anim.o
    0x20000279        -       0x00000001   Zero   RW          937    .bss.anim_run_round  lv_anim.o
    0x2000027a   0x0003ab0c   0x00000002   PAD
    0x2000027c        -       0x00000004   Zero   RW         1595    .bss.arc_length_param  lv_spinner.o
    0x20000280        -       0x00000008   Zero   RW          865    .bss.cache          lv_font_montserrat_14.o
    0x20000288        -       0x00000002   Zero   RW         1380    .bss.color_card.0   lv_theme_default.o
    0x2000028a        -       0x00000002   Zero   RW         1381    .bss.color_grey.0   lv_theme_default.o
    0x2000028c        -       0x00000002   Zero   RW         1378    .bss.color_scr.0    lv_theme_default.o
    0x2000028e        -       0x00000002   Zero   RW         1379    .bss.color_text.0   lv_theme_default.o
    0x20000290        -       0x00000004   Zero   RW         1621    .bss.create_col_id  lv_tileview.o
    0x20000294        -       0x00000001   Zero   RW         1620    .bss.create_dir     lv_tileview.o
    0x20000295   0x0003ab0c   0x00000001   PAD
    0x20000296        -       0x00000002   Zero   RW         1632    .bss.create_header_height  lv_win.o
    0x20000298        -       0x00000001   Zero   RW         1460    .bss.create_knob_recolor  lv_colorwheel.o
    0x20000299   0x0003ab0c   0x00000003   PAD
    0x2000029c        -       0x00000004   Zero   RW         1622    .bss.create_row_id  lv_tileview.o
    0x200002a0        -       0x00000004   Zero   RW          456    .bss.default_group  lv_group.o
    0x200002a4        -       0x00000004   Zero   RW          899    .bss.disp_def       lv_hal_disp.o
    0x200002a8        -       0x00000004   Zero   RW          563    .bss.disp_refr      lv_refr.o
    0x200002ac        -       0x00000001   Zero   RW         1375    .bss.disp_size      lv_theme_default.o
    0x200002ad        -       0x00000100   Zero   RW          646    .bss.draw_letter_normal.opa_table  lv_draw_sw_letter.o
    0x200003ad   0x0003ab0c   0x00000003   PAD
    0x200003b0        -       0x00000004   Zero   RW          648    .bss.draw_letter_normal.prev_bpp  lv_draw_sw_letter.o
    0x200003b4        -       0x00000001   Zero   RW          647    .bss.draw_letter_normal.prev_opa  lv_draw_sw_letter.o
    0x200003b5   0x0003ab0c   0x00000003   PAD
    0x200003b8        -       0x00000004   Zero   RW          445    .bss.event_head     lv_event.o
    0x200003bc        -       0x00000004   Zero   RW          322    .bss.fac_ms         swm_delay.o
    0x200003c0        -       0x00000004   Zero   RW          321    .bss.fac_us         swm_delay.o
    0x200003c4        -       0x00000001   Zero   RW          410    .bss.frameup        video_dma.o
    0x200003c5   0x0003ab0c   0x00000003   PAD
    0x200003c8        -       0x00000004   Zero   RW          611    .bss.grad_cache_end  lv_draw_sw_gradient.o
    0x200003cc        -       0x00000004   Zero   RW          612    .bss.grad_cache_size  lv_draw_sw_gradient.o
    0x200003d0        -       0x00000001   Zero   RW         1101    .bss.idle_last      lv_timer.o
    0x200003d1   0x0003ab0c   0x00000003   PAD
    0x200003d4        -       0x00000004   Zero   RW          466    .bss.indev_act      lv_indev.o
    0x200003d8        -       0x00000004   Zero   RW          467    .bss.indev_obj_act  lv_indev.o
    0x200003dc        -       0x00000001   Zero   RW         1373    .bss.inited         lv_theme_default.o
    0x200003dd   0x0003ab0c   0x00000003   PAD
    0x200003e0        -       0x00000004   Zero   RW          936    .bss.last_timer_run  lv_anim.o
    0x200003e4        -       0x00000004   Zero   RW          517    .bss.layout_cnt     lv_obj_pos.o
    0x200003e8        -       0x000003c0   Zero   RW          424    .bss.lcdbuf_gui     lv_port_disp_template.o
    0x200007a8        -       0x00000002   Zero   RW          903    .bss.lv_color_mix_with_alpha.bg_color_save.0  lv_hal_disp.o
    0x200007aa        -       0x00000001   Zero   RW          901    .bss.lv_color_mix_with_alpha.bg_opa_save  lv_hal_disp.o
    0x200007ab   0x0003ab0c   0x00000001   PAD
    0x200007ac        -       0x00000002   Zero   RW          902    .bss.lv_color_mix_with_alpha.fg_color_save.0  lv_hal_disp.o
    0x200007ae        -       0x00000001   Zero   RW          900    .bss.lv_color_mix_with_alpha.fg_opa_save  lv_hal_disp.o
    0x200007af   0x0003ab0c   0x00000001   PAD
    0x200007b0        -       0x00000002   Zero   RW          904    .bss.lv_color_mix_with_alpha.res_color_saved.0  lv_hal_disp.o
    0x200007b2        -       0x00000001   Zero   RW          905    .bss.lv_color_mix_with_alpha.res_opa_saved  lv_hal_disp.o
    0x200007b3        -       0x00000001   Zero   RW          613    .bss.lv_gradient_get.inited  lv_draw_sw_gradient.o
    0x200007b4        -       0x00000001   Zero   RW          487    .bss.lv_initialized  lv_obj.o
    0x200007b5   0x0003ab0c   0x00000003   PAD
    0x200007b8        -       0x00000080   Zero   RW         1010    .bss.lv_mem_buf     lv_gc.o
    0x20000838        -       0x00000004   Zero   RW          488    .bss.lv_obj_allocate_spec_attr.x  lv_obj.o
    0x2000083c        -       0x00000001   Zero   RW          516    .bss.lv_obj_update_layout.mutex  lv_obj_pos.o
    0x2000083d   0x0003ab0c   0x00000003   PAD
    0x20000840        -       0x00000004   Zero   RW          958    .bss.lv_point_transform.cosma  lv_area.o
    0x20000844        -       0x00000004   Zero   RW          957    .bss.lv_point_transform.sinma  lv_area.o
    0x20000848        -       0x00002580   Zero   RW          421    .bss.lv_port_disp_init.buf_1  lv_port_disp_template.o
    0x20002dc8        -       0x00000050   Zero   RW          422    .bss.lv_port_disp_init.disp_drv  lv_port_disp_template.o
    0x20002e18        -       0x0000001c   Zero   RW          420    .bss.lv_port_disp_init.draw_buf_dsc_1  lv_port_disp_template.o
    0x20002e34        -       0x00000001   Zero   RW         1094    .bss.lv_timer_handler.already_running  lv_timer.o
    0x20002e35   0x0003ab0c   0x00000003   PAD
    0x20002e38        -       0x00000004   Zero   RW         1097    .bss.lv_timer_handler.busy_time  lv_timer.o
    0x20002e3c        -       0x00000004   Zero   RW         1096    .bss.lv_timer_handler.idle_period_start  lv_timer.o
    0x20002e40        -       0x00000004   Zero   RW         1098    .bss.lv_timer_handler.run_cnt  lv_timer.o
    0x20002e44        -       0x00000001   Zero   RW         1095    .bss.lv_timer_run   lv_timer.o
    0x20002e45   0x0003ab0c   0x00000003   PAD
    0x20002e48        -       0x00000010   Zero   RW            7    .bss.outLayer       main.o
    0x20002e58        -       0x00000004   Zero   RW          564    .bss.px_num         lv_refr.o
    0x20002e5c        -       0x00000008   Zero   RW         1384    .bss.style_init.dark_filter  lv_theme_default.o
    0x20002e64        -       0x00000008   Zero   RW         1385    .bss.style_init.grey_filter  lv_theme_default.o
    0x20002e6c        -       0x00000014   Zero   RW         1382    .bss.style_init.trans_delayed  lv_theme_default.o
    0x20002e80        -       0x00000014   Zero   RW         1383    .bss.style_init.trans_normal  lv_theme_default.o
    0x20002e94        -       0x00000004   Zero   RW         1374    .bss.styles         lv_theme_default.o
    0x20002e98        -       0x00000004   Zero   RW          925    .bss.sys_time       lv_hal_tick.o
    0x20002e9c        -       0x00000004   Zero   RW           38    .bss.systick        dev_systick.o
    0x20002ea0        -       0x00000004   Zero   RW         1286    .bss.ta_insert_replace  lv_textarea.o
    0x20002ea4        -       0x00000001   Zero   RW         1606    .bss.tabpos_create  lv_tabview.o
    0x20002ea5   0x0003ab0c   0x00000001   PAD
    0x20002ea6        -       0x00000002   Zero   RW         1607    .bss.tabsize_create  lv_tabview.o
    0x20002ea8        -       0x00000024   Zero   RW         1376    .bss.theme          lv_theme_default.o
    0x20002ecc        -       0x00000001   Zero   RW          924    .bss.tick_irq_flag  lv_hal_tick.o
    0x20002ecd   0x0003ab0c   0x00000003   PAD
    0x20002ed0        -       0x00000004   Zero   RW         1594    .bss.time_param     lv_spinner.o
    0x20002ed4        -       0x00000001   Zero   RW         1100    .bss.timer_created  lv_timer.o
    0x20002ed5        -       0x00000001   Zero   RW         1099    .bss.timer_deleted  lv_timer.o
    0x20002ed6   0x0003ab0c   0x00000002   PAD
    0x20002ed8        -       0x00000000   Zero   RW           46    HEAP                startup_swm341.o
    0x20002ed8        -       0x00004000   Zero   RW           45    STACK               startup_swm341.o



  Load Region LR$$.bss.ARM.__at_0x80400000 (Base: 0x80400000, Size: 0x00000000, Max: 0x00080000, ABSOLUTE)

    Execution Region ER$$.bss.ARM.__at_0x80400000 (Exec base: 0x80400000, Load base: 0x80400000, Size: 0x00080000, Max: 0x00080000, ABSOLUTE, UNINIT)

    Exec Addr    Load Addr    Size         Type   Attr      Idx    E Section Name        Object

    0x80400000        -       0x00080000   Zero   RW           19    .bss.ARM.__at_0x80400000  main.o


==============================================================================

Image component sizes


      Code (inc. data)   RO Data    RW Data    ZI Data      Debug   Object Name

       202          0          0          0          4       5296   dev_systick.o
      1792          0          0          0         10       8276   lv_anim.o
      4126         40         28          0          0      37918   lv_arc.o
      2370         40          0          4          8      12657   lv_area.o
       182          0          0          0          0       2143   lv_async.o
      2286         22         28          0          0      28480   lv_bar.o
        54          0         28          0          0       8970   lv_btn.o
      4684        134         55         28          0      37518   lv_btnmatrix.o
      1654         32         52          0          0      22855   lv_calendar.o
       444          8        168          0          0      11898   lv_calendar_header_arrow.o
       388         36        643          0          0      10486   lv_calendar_header_dropdown.o
      9660        118         28          0          0      53139   lv_chart.o
      1004         12         28          0          0      20234   lv_checkbox.o
      1098          6        380          0          0       8184   lv_color.o
      3962         84         28          3          5      35607   lv_colorwheel.o
      1664         16          0          0          0      24863   lv_disp.o
        14          0          0          0          0       5866   lv_draw.o
      1132          8          0          0          0       8473   lv_draw_arc.o
      1008         50          8          0          0      13416   lv_draw_img.o
      1686          0          0          0          0      13114   lv_draw_label.o
       196          0          0          0          0      15303   lv_draw_layer.o
        50          0          0          0          0       6354   lv_draw_line.o
      7002          0          0          0          0      28751   lv_draw_mask.o
       120          0          0          0          0       6815   lv_draw_rect.o
       300          0          0          0          0       8921   lv_draw_sw.o
      2738          0          0          0          0      12810   lv_draw_sw_arc.o
      4494          0         12          0          0      35023   lv_draw_sw_blend.o
      1202          0          0          0          9       8829   lv_draw_sw_gradient.o
      1300         18          0          0          0      17931   lv_draw_sw_img.o
       526          0          0          0          0      17710   lv_draw_sw_layer.o
      1120         96        278          0        261      14419   lv_draw_sw_letter.o
      2000         36          0          0          0      17163   lv_draw_sw_line.o
       710          0          0          0          0       8845   lv_draw_sw_polygon.o
      7604          0          0          0          0      30217   lv_draw_sw_rect.o
      1970         36          0          0          0      25705   lv_draw_sw_transform.o
        54          0          0          0          0       6168   lv_draw_transform.o
      4342         96         83          0          0      41810   lv_dropdown.o
      1524          0          0          4          4      26114   lv_event.o
        14          0          0          0          0        483   lv_extra.o
      3352         12          0          0         12      24898   lv_flex.o
       406          0          0          0          0       3206   lv_font.o
       668          4          0          0          0       7333   lv_font_fmt_txt.o
         0          0      13633          0          8       2840   lv_font_montserrat_14.o
      1600          0          0          0          0      10475   lv_fs.o
       212         88          0          0          0       9185   lv_function1_test.o
         0          0          0          0        528       4944   lv_gc.o
      3376          8          0          0         22      29807   lv_grid.o
      2456          0          0          0          4      27079   lv_group.o
      2300         40          0          0         13      30346   lv_hal_disp.o
       348          0          0          0          0      17472   lv_hal_indev.o
        98          0          0          0          5       1139   lv_hal_tick.o
      3254         56         28          0          0      29405   lv_img.o
      1746         84          0          0          0       9854   lv_img_buf.o
        94          0          0          0          0       3016   lv_img_cache.o
      2184          8          4          0          0      16601   lv_img_decoder.o
      4108         26          0          0          8      29149   lv_indev.o
      3324          0          0          0          0      28588   lv_indev_scroll.o
      1000         12       1089         72          0      17801   lv_keyboard.o
      4896         60         28          0          0      39097   lv_label.o
      1014          0         28          0          0      21016   lv_led.o
       534          0         28          0          0      16474   lv_line.o
         0          0         84          0          0       9510   lv_list.o
       886          0          0          0          0       9696   lv_ll.o
       608          0        182          4          0       3788   lv_math.o
       542          0          0          4          0       3482   lv_mem.o
      2244          0        264          0          0      20666   lv_menu.o
      3620          4         28          0          0      29932   lv_meter.o
         0          0         56          0          0      15620   lv_msgbox.o
      3890         92         28          0          5      38678   lv_obj.o
       480          0          0          0          0      17051   lv_obj_class.o
      1838          0          0          0          0      26705   lv_obj_draw.o
      8292         52          0          0          5      60300   lv_obj_pos.o
      5164          0          0          0          0      39782   lv_obj_scroll.o
      4362         72          0          1          0      35880   lv_obj_style.o
      1006          0          0          0          0      26676   lv_obj_style_gen.o
      2226          0          0          0          0      26951   lv_obj_tree.o
       250          0          0          1      10668      16399   lv_port_disp_template.o
      2532        196          0          0          0      12208   lv_printf.o
      4374          0          0          0          8      30849   lv_refr.o
      3438         88        101          0          0      35910   lv_roller.o
      2324        160         28          0          0      28807   lv_slider.o
      1372          8         28          0          0      24354   lv_spinbox.o
       206          0         28          0          8      11404   lv_spinner.o
      1442        106        112          2          4      13147   lv_style.o
       672          0          0          0          0      18764   lv_style_gen.o
       772          0         28          0          0      20183   lv_switch.o
      4546         18         28          0          0      38481   lv_table.o
      1350         12         28          0          3      25306   lv_tabview.o
      5558         86         34          0          4      47387   lv_textarea.o
       308          0          0          0          0      18245   lv_theme.o
     17088          4         22          0        106      49625   lv_theme_default.o
       722          0         56          0          9      21369   lv_tileview.o
       808          0          0          0         17       4628   lv_timer.o
      2270          8          0         28          0      13820   lv_txt.o
        80          0          0          0          0       1115   lv_utils.o
       278          0         28          0          2      10759   lv_win.o
      1474          0          0          4     524304      14107   main.o
     10300          0          0          0          0      33981   screen.o
       216         10        424          0      16384       4384   startup_swm341.o
       102          0          0          0          0       2804   swm341_dac.o
       758          6          0          0          0       6566   swm341_dma.o
       472          0          0          0          0       6926   swm341_dma2d.o
       310          0          0          0          0       1997   swm341_flash.o
       652          0          0          0          0       6960   swm341_gpio.o
       664          0          0          0          0       9138   swm341_lcd.o
        74          0          0          0          0       1177   swm341_port.o
       244         16          0          0          0       3407   swm341_sdram.o
      2820          6          0          0          0      14373   swm341_timr.o
       858         20          0          0          0       9510   swm341_uart.o
       446          0          0          0          8       5522   swm_delay.o
      2160         12          0          8          0       8089   system_swm341.o
       278          0          0          1          1       4860   video_dma.o

    ----------------------------------------------------------------------
    221132       2262      18312        172     552484    2019767   Object Totals
         0          0         32          0          0          0   (incl. Generated)
       110          0          8          8         47          0   (incl. Padding)

    ----------------------------------------------------------------------

      Code (inc. data)   RO Data    RW Data    ZI Data      Debug   Library Member Name

         0          0          0          0          0          0   entry.o
         0          0          0          0          0          0   entry10a.o
         0          0          0          0          0          0   entry11a.o
         8          4          0          0          0          0   entry2.o
         4          0          0          0          0          0   entry5.o
         0          0          0          0          0          0   entry7b.o
         0          0          0          0          0          0   entry8b.o
         8          4          0          0          0          0   entry9a.o
        30          0          0          0          0          0   handlers.o
        36          8          0          0          0         68   init.o
        30          0          0          0          0         68   llshl.o
        32          0          0          0          0         68   llushr.o
       360         30          0          0          0        356   mallocr.o
        26          0          0          0          0         80   memcmp.o
        36          0          0          0          0         68   memcpya.o
        36          0          0          0          0        108   memseta.o
         0          0          0          8          0          0   mvars.o
        28          0          0          0          0         76   strcmp.o
        18          0          0          0          0         68   strcpy.o
        14          0          0          0          0         68   strlen.o
        98          0          0          0          0         92   uldiv.o

    ----------------------------------------------------------------------
       768         46          0          8          0       1120   Library Totals
         4          0          0          0          0          0   (incl. Padding)

    ----------------------------------------------------------------------

      Code (inc. data)   RO Data    RW Data    ZI Data      Debug   Library Name

       764         46          0          8          0       1120   mc_w.l

    ----------------------------------------------------------------------
       768         46          0          8          0       1120   Library Totals

    ----------------------------------------------------------------------

==============================================================================


      Code (inc. data)   RO Data    RW Data    ZI Data      Debug   

    221900       2308      18312        180     552484    2018399   Grand Totals
    221900       2308      18312        180     552484    2018399   ELF Image Totals
    221900       2308      18312        180          0          0   ROM Totals

==============================================================================

    Total RO  Size (Code + RO Data)               240212 ( 234.58kB)
    Total RW  Size (RW Data + ZI Data)            552664 ( 539.71kB)
    Total ROM Size (Code + RO Data + RW Data)     240392 ( 234.76kB)

==============================================================================

