<html>
<body>
<pre>
<h1>µVision Build Log</h1>
<h2>Tool Versions:</h2>
IDE-Version: ¦ÌVision V5.38.0.0
Copyright (C) 2022 ARM Ltd and ARM Germany GmbH. All rights reserved.
License Information: y hw, beijing, LIC=GMZI6-D9A6D-MMK9I-TGBJZ-6HJED-XD8K5
 
Tool Versions:
Toolchain:       MDK-ARM Plus  Version: 5.38.0.0
Toolchain Path:  C:\Keil_v5\ARM\ARMCLANG\Bin
C Compiler:      ArmClang.exe V6.19
Assembler:       Armasm.exe V6.19
Linker/Locator:  ArmLink.exe V6.19
Library Manager: ArmAr.exe V6.19
Hex Converter:   FromElf.exe V6.19
CPU DLL:         
Dialog DLL:      
Target DLL:      Segger\JL2CM3.dll V2.99.42.0
Dialog DLL:      TCM.DLL V1.56.4.0
 
<h2>Project:</h2>
C:\Users\yaohw\Desktop\My_SWM341\Project\SWM341_lvgl.uvprojx
Project File Date:  07/28/2023

<h2>Output:</h2>
*** Using Compiler 'V6.19', folder: 'C:\Keil_v5\ARM\ARMCLANG\Bin'
Build target 'SWM341'
compiling main.c...
linking...
Program Size: Code=221900 RO-data=18312 RW-data=180 ZI-data=552484  
FromELF: creating hex file...
".\Objects\SWM341_lvgl.axf" - 0 Error(s), 0 Warning(s).

<h2>Software Packages used:</h2>

Package Vendor: Synwit
                http://www.synwit.com/pack/Synwit.SWM32_DFP.2.0.4.pack
                Synwit.SWM32_DFP.2.0.4
                Synwit 32bit MCU Device Support

<h2>Collection of Component include folders:</h2>
  C:/KEIL5Install_pack/Synwit/SWM32_DFP/2.0.4/CSL/SWM341/CMSIS/DeviceSupport

<h2>Collection of Component Files used:</h2>
Build Time Elapsed:  00:00:03
</pre>
</body>
</html>
